{"caption":"","data":"[diag] Diagnostics\n  [reduction] unfolded declarations (max: 144, num: 4):\n    [reduction] DFunLike.coe ↦ 144\n    [reduction] HSMul.hSMul ↦ 144\n    [reduction] Multiset.map ↦ 144\n    [reduction] SMul.smul ↦ 144\n  [reduction] unfolded reducible declarations (max: 288, num: 5):\n    [reduction] Quot.liftOn ↦ 288\n    [reduction] ContinuousLinearMap.toLinearMap ↦ 276\n    [reduction] LinearMap.toAddHom ↦ 252\n    [reduction] Finset.val ↦ 144\n    [reduction] AddHom.toFun ↦ 132\n  [kernel] unfolded declarations (max: 102, num: 2):\n    [kernel] HSMul.hSMul ↦ 102\n    [kernel] SMul.smul ↦ 102\n  use `set_option diagnostics.threshold <num>` to control threshold for reporting counters","endPos":{"column":45,"line":17},"fileName":"DefeqProbe.lean","isSilent":false,"keepFullRange":false,"kind":"diag","pos":{"column":0,"line":13},"severity":"information"}
{"caption":"","data":"Used 396 heartbeats, which is less than the current maximum of 200000.","endPos":{"column":45,"line":17},"fileName":"DefeqProbe.lean","isSilent":false,"keepFullRange":false,"kind":"[anonymous]","pos":{"column":0,"line":12},"severity":"information"}
{"caption":"","data":"tactic execution of Lean.Parser.Tactic.exact took 13.5ms\nelaboration took 13.4ms\n","endPos":null,"fileName":"DefeqProbe.lean","isSilent":false,"keepFullRange":false,"kind":"[anonymous]","pos":{"column":0,"line":12},"severity":"information"}
{"caption":"","data":"type checking took 2.26ms\n","endPos":null,"fileName":"DefeqProbe.lean","isSilent":false,"keepFullRange":false,"kind":"[anonymous]","pos":{"column":0,"line":13},"severity":"information"}
{"caption":"","data":"linting took 1.48ms\n","endPos":null,"fileName":"DefeqProbe.lean","isSilent":false,"keepFullRange":false,"kind":"[anonymous]","pos":{"column":0,"line":12},"severity":"information"}
{"caption":"","data":"[diag] Diagnostics\n  [kernel] unfolded declarations (max: 102, num: 2):\n    [kernel] HSMul.hSMul ↦ 102\n    [kernel] SMul.smul ↦ 102\n  use `set_option diagnostics.threshold <num>` to control threshold for reporting counters","endPos":{"column":45,"line":25},"fileName":"DefeqProbe.lean","isSilent":false,"keepFullRange":false,"kind":"diag","pos":{"column":0,"line":20},"severity":"information"}
{"caption":"","data":"Used 83 heartbeats, which is less than the current maximum of 200000.","endPos":{"column":45,"line":25},"fileName":"DefeqProbe.lean","isSilent":false,"keepFullRange":false,"kind":"[anonymous]","pos":{"column":0,"line":19},"severity":"information"}
{"caption":"","data":"dsimp took 1.08ms\nelaboration took 6.8ms\n","endPos":null,"fileName":"DefeqProbe.lean","isSilent":false,"keepFullRange":false,"kind":"[anonymous]","pos":{"column":0,"line":19},"severity":"information"}
{"caption":"","data":"type checking took 2.75ms\n","endPos":null,"fileName":"DefeqProbe.lean","isSilent":false,"keepFullRange":false,"kind":"[anonymous]","pos":{"column":0,"line":20},"severity":"information"}
{"caption":"","data":"linting took 1.42ms\n","endPos":null,"fileName":"DefeqProbe.lean","isSilent":false,"keepFullRange":false,"kind":"[anonymous]","pos":{"column":0,"line":19},"severity":"information"}
{"caption":"","data":"[diag] Diagnostics\n  [kernel] unfolded declarations (max: 102, num: 2):\n    [kernel] HSMul.hSMul ↦ 102\n    [kernel] SMul.smul ↦ 102\n  use `set_option diagnostics.threshold <num>` to control threshold for reporting counters","endPos":{"column":47,"line":33},"fileName":"DefeqProbe.lean","isSilent":false,"keepFullRange":false,"kind":"diag","pos":{"column":0,"line":28},"severity":"information"}
{"caption":"","data":"Used 148 heartbeats, which is less than the current maximum of 200000.","endPos":{"column":47,"line":33},"fileName":"DefeqProbe.lean","isSilent":false,"keepFullRange":false,"kind":"[anonymous]","pos":{"column":0,"line":27},"severity":"information"}
{"caption":"","data":"tactic execution of Lean.Parser.Tactic.simpa took 2.73ms\nelaboration took 5.73ms\n","endPos":null,"fileName":"DefeqProbe.lean","isSilent":false,"keepFullRange":false,"kind":"[anonymous]","pos":{"column":0,"line":27},"severity":"information"}
{"caption":"","data":"type checking took 2.2ms\n","endPos":null,"fileName":"DefeqProbe.lean","isSilent":false,"keepFullRange":false,"kind":"[anonymous]","pos":{"column":0,"line":28},"severity":"information"}
{"caption":"","data":"linting took 1.79ms\n","endPos":null,"fileName":"DefeqProbe.lean","isSilent":false,"keepFullRange":false,"kind":"[anonymous]","pos":{"column":0,"line":27},"severity":"information"}
cumulative profiling times:
	attribute application 0.0152ms
	congr simp thm 0.13ms
	dsimp 1.08ms
	elaboration 25.9ms
	fix level params 0.0298ms
	instantiate metavars 0.0408ms
	linting 5.88ms
	module linting 0.00246ms
	overlappingInstancesLinter 0.585ms
	parsing 0.611ms
	process pre-definitions 0.432ms
	share common exprs 0.128ms
	simp 1.21ms
	tactic execution 17.8ms
	tacticAnalysis 1.68ms
	type checking 7.21ms
	typeclass inference 2.05ms
