info: ns-oai: no previous manifest, creating one from scratch
info: mathlib: cloning https://github.com/leanprover-community/mathlib4.git
info: mathlib: checking out revision '85e3a25e006c35636f0e53b0e9296caca2685bc0'
info: toolchain not updated; already up-to-date
info: plausible: cloning https://github.com/leanprover-community/plausible
info: plausible: checking out revision 'd9598f07b1bc701f1e3aae163d2681c1fd978793'
info: LeanSearchClient: cloning https://github.com/leanprover-community/LeanSearchClient
info: LeanSearchClient: checking out revision 'ba67e212be1197b84c1f1f6299488a10a3002713'
info: importGraph: cloning https://github.com/leanprover-community/import-graph
info: importGraph: checking out revision 'd8823026ac7ef130c253089d95685f9877b95323'
info: proofwidgets: cloning https://github.com/leanprover-community/ProofWidgets4
info: proofwidgets: checking out revision 'a8acbfd87375ff4abe14ce09db5b7664d383bc7f'
info: aesop: cloning https://github.com/leanprover-community/aesop
info: aesop: checking out revision '18889deb9e83ea7420ef51c160d6f88552e744e3'
info: Qq: cloning https://github.com/leanprover-community/quote4
info: Qq: checking out revision '507746ab8f4b643ccdacb2ec4cdb5853fa9f8ab3'
info: batteries: cloning https://github.com/leanprover-community/batteries
info: batteries: checking out revision 'd54dddc581e08be364c278052863524bff7a99a9'
info: Cli: cloning https://github.com/leanprover/lean4-cli
info: Cli: checking out revision 'ab3a82db9fea14cf0fd7f5a2de650f4b534640af'
info: mathlib: running post-update hooks
✔ [1/5] Built Cache.Cli (262ms)
✔ [2/5] Built Cache.Lean (285ms)
✔ [7/26] Built Cache.Infra (295ms)
✔ [8/26] Built Cache.IO (806ms)
✔ [9/26] Built Cache.Cli:c.o (1.1s)
✔ [10/26] Built Cache.Lean:c.o (1.1s)
✔ [11/26] Built Cache.Infra:c.o (933ms)
✔ [12/26] Built Cache.Hashing (612ms)
✔ [13/26] Built Batteries.Tactic.OpenPrivate:c.o (1.5s)
✔ [14/26] Built Cache.Hashing:c.o (234ms)
✔ [15/26] Built Cache.IO:c.o (941ms)
✔ [16/26] Built Cache.Requests (1.0s)
✔ [17/26] Built Cache.Marker (536ms)
✔ [18/26] Built Cache.Marker:c.o (124ms)
✔ [19/26] Built Cache.Query (593ms)
✔ [20/26] Built Cache.Requests:c.o (1.2s)
✔ [21/26] Built Cache.Query:c.o (185ms)
✔ [22/26] Built Cache.Warning (560ms)
✔ [23/26] Built Cache.Warning:c.o (169ms)
✔ [24/26] Built Cache.Main (744ms)
✔ [25/26] Built Cache.Main:c.o (444ms)
✔ [26/26] Built cache:exe (1.1s)
Current branch: HEAD
Using cache from origin: (some leanprover-community/mathlib4)
Decompressing 8557 already-cached file(s) (190 already decompressed)
No files to download
Decompressed 8557 already-cached file(s)
Completed successfully in 14356 ms!
