[main (root-commit) 7a1ed11] Vendor original OAI and LeanPool NS theorem closures with common toolchain and benchmark runner
 1028 files changed, 790647 insertions(+)
 create mode 100644 .gitignore
 create mode 100644 LICENSE
 create mode 100644 README.md
 create mode 100644 lean-toolchain
 create mode 100644 leanpool/LICENSE
 create mode 100644 leanpool/LeanPool/NavierStokesAndEuler/Euler/ClosedTranslationGraph.lean
 create mode 100644 leanpool/LeanPool/NavierStokesAndEuler/Euler/Foundations/CoerciveProjection.lean
 create mode 100644 leanpool/LeanPool/NavierStokesAndEuler/Euler/Foundations/CylinderCoordinates.lean
 create mode 100644 leanpool/LeanPool/NavierStokesAndEuler/Euler/Foundations/CylinderMollifier.lean
 create mode 100644 leanpool/LeanPool/NavierStokesAndEuler/Euler/Foundations/InverseRegularity.lean
 create mode 100644 leanpool/LeanPool/NavierStokesAndEuler/Euler/Foundations/LiftedGradientSpace.lean
 create mode 100644 leanpool/LeanPool/NavierStokesAndEuler/Euler/Foundations/LiftedPressure.lean
 create mode 100644 leanpool/LeanPool/NavierStokesAndEuler/Euler/Foundations/LiftedWeakDerivative.lean
 create mode 100644 leanpool/LeanPool/NavierStokesAndEuler/Euler/Foundations/MetricTransport.lean
 create mode 100644 leanpool/LeanPool/NavierStokesAndEuler/Euler/Foundations/NoncompactTransport.lean
 create mode 100644 leanpool/LeanPool/NavierStokesAndEuler/Euler/Foundations/PressureJetIdentities.lean
 create mode 100644 leanpool/LeanPool/NavierStokesAndEuler/Euler/Foundations/PressureSpatialRegularity.lean
 create mode 100644 leanpool/LeanPool/NavierStokesAndEuler/Euler/Foundations/SchwartzDerivatives.lean
 create mode 100644 leanpool/LeanPool/NavierStokesAndEuler/Euler/Foundations/SchwartzFourier.lean
 create mode 100644 leanpool/LeanPool/NavierStokesAndEuler/Euler/Foundations/SobolevDefinitions.lean
 create mode 100644 leanpool/LeanPool/NavierStokesAndEuler/Euler/Foundations/SpatialSobolevInverse.lean
 create mode 100644 leanpool/LeanPool/NavierStokesAndEuler/Euler/Foundations/TransportDerivatives.lean
 create mode 100644 leanpool/LeanPool/NavierStokesAndEuler/Euler/GaussianHeatDerivative.lean
 create mode 100644 leanpool/LeanPool/NavierStokesAndEuler/Euler/GaussianKernels.lean
 create mode 100644 leanpool/LeanPool/NavierStokesAndEuler/ForMathlib/FiniteDimensionalBumps.lean
 create mode 100644 leanpool/LeanPool/NavierStokesAndEuler/ForMathlib/Gronwall.lean
 create mode 100644 leanpool/LeanPool/NavierStokesAndEuler/ForMathlib/SmoothCutoff.lean
 create mode 100644 leanpool/LeanPool/NavierStokesAndEuler/ForMathlib/SmoothnessOrder.lean
 create mode 100644 leanpool/LeanPool/NavierStokesAndEuler/ForMathlib/SobolevThreeDimensional.lean
 create mode 100644 leanpool/LeanPool/NavierStokesAndEuler/ForMathlib/StronglyMeasurable.lean
 create mode 100644 leanpool/LeanPool/NavierStokesAndEuler/ForMathlib/WeightedDecay.lean
 create mode 100644 leanpool/LeanPool/NavierStokesAndEuler/NavierStokes/ActivationCone.lean
 create mode 100644 leanpool/LeanPool/NavierStokesAndEuler/NavierStokes/ActivationContinuation.lean
 create mode 100644 leanpool/LeanPool/NavierStokesAndEuler/NavierStokes/ActivationStocks.lean
 create mode 100644 leanpool/LeanPool/NavierStokesAndEuler/NavierStokes/ActiveAnnulusWeight.lean
 create mode 100644 leanpool/LeanPool/NavierStokesAndEuler/NavierStokes/ActualBaseResidual.lean
 create mode 100644 leanpool/LeanPool/NavierStokesAndEuler/NavierStokes/ActualCandidateAssembly.lean
 create mode 100644 leanpool/LeanPool/NavierStokesAndEuler/NavierStokes/ActualCarrierGeometry.lean
 create mode 100644 leanpool/LeanPool/NavierStokesAndEuler/NavierStokes/ActualCarrierTransport.lean
 create mode 100644 leanpool/LeanPool/NavierStokesAndEuler/NavierStokes/ActualCoreSupport.lean
 create mode 100644 leanpool/LeanPool/NavierStokesAndEuler/NavierStokes/ActualCurrentParticularBounds.lean
 create mode 100644 leanpool/LeanPool/NavierStokesAndEuler/NavierStokes/ActualCurrentParticularPhysical.lean
 create mode 100644 leanpool/LeanPool/NavierStokesAndEuler/NavierStokes/ActualCurrentWaveSupport.lean
 create mode 100644 leanpool/LeanPool/NavierStokesAndEuler/NavierStokes/ActualCycleAssembly.lean
 create mode 100644 leanpool/LeanPool/NavierStokesAndEuler/NavierStokes/ActualCycleCoherence.lean
 create mode 100644 leanpool/LeanPool/NavierStokesAndEuler/NavierStokes/ActualCycleExcluded.lean
 create mode 100644 leanpool/LeanPool/NavierStokesAndEuler/NavierStokes/ActualCycleParameters.lean
 create mode 100644 leanpool/LeanPool/NavierStokesAndEuler/NavierStokes/ActualCyclePeriodicity.lean
 create mode 100644 leanpool/LeanPool/NavierStokesAndEuler/NavierStokes/ActualCyclePreservation.lean
 create mode 100644 leanpool/LeanPool/NavierStokesAndEuler/NavierStokes/ActualCycleResidualBounds.lean
 create mode 100644 leanpool/LeanPool/NavierStokesAndEuler/NavierStokes/ActualGaussianCoverage.lean
 create mode 100644 leanpool/LeanPool/NavierStokesAndEuler/NavierStokes/ActualInitialCoherence.lean
 create mode 100644 leanpool/LeanPool/NavierStokesAndEuler/NavierStokes/ActualInitialExcluded.lean
 create mode 100644 leanpool/LeanPool/NavierStokesAndEuler/NavierStokes/ActualInitialMeanEquation.lean
 create mode 100644 leanpool/LeanPool/NavierStokesAndEuler/NavierStokes/ActualInitialization.lean
 create mode 100644 leanpool/LeanPool/NavierStokesAndEuler/NavierStokes/ActualIterationLedger.lean
 create mode 100644 leanpool/LeanPool/NavierStokesAndEuler/NavierStokes/ActualMeanPhysicalData.lean
 create mode 100644 leanpool/LeanPool/NavierStokesAndEuler/NavierStokes/ActualMeanPotentialRealization.lean
 create mode 100644 leanpool/LeanPool/NavierStokesAndEuler/NavierStokes/ActualMeanStageData.lean
 create mode 100644 leanpool/LeanPool/NavierStokesAndEuler/NavierStokes/ActualParticularCoherence.lean
 create mode 100644 leanpool/LeanPool/NavierStokesAndEuler/NavierStokes/ActualParticularCycleData.lean
 create mode 100644 leanpool/LeanPool/NavierStokesAndEuler/NavierStokes/ActualParticularMeanGain.lean
 create mode 100644 leanpool/LeanPool/NavierStokesAndEuler/NavierStokes/ActualParticularRealization.lean
 create mode 100644 leanpool/LeanPool/NavierStokesAndEuler/NavierStokes/ActualParticularStageControls.lean
 create mode 100644 leanpool/LeanPool/NavierStokesAndEuler/NavierStokes/ActualPeriodizedSignedRealization.lean
 create mode 100644 leanpool/LeanPool/NavierStokesAndEuler/NavierStokes/ActualPhaseDefect.lean
 create mode 100644 leanpool/LeanPool/NavierStokesAndEuler/NavierStokes/ActualPhaseJetBounds.lean
 create mode 100644 leanpool/LeanPool/NavierStokesAndEuler/NavierStokes/ActualPhysicalPrefixFields.lean
 create mode 100644 leanpool/LeanPool/NavierStokesAndEuler/NavierStokes/ActualPhysicalStageBounds.lean
 create mode 100644 leanpool/LeanPool/NavierStokesAndEuler/NavierStokes/ActualPolarCoverage.lean
 create mode 100644 leanpool/LeanPool/NavierStokesAndEuler/NavierStokes/ActualPrimaryBounds.lean
 create mode 100644 leanpool/LeanPool/NavierStokesAndEuler/NavierStokes/ActualPrimaryCoherence.lean
 create mode 100644 leanpool/LeanPool/NavierStokesAndEuler/NavierStokes/ActualPrimaryCovariance.lean
 create mode 100644 leanpool/LeanPool/NavierStokesAndEuler/NavierStokes/ActualPrimaryDynamics.lean
 create mode 100644 leanpool/LeanPool/NavierStokesAndEuler/NavierStokes/ActualReferenceRebase.lean
 create mode 100644 leanpool/LeanPool/NavierStokesAndEuler/NavierStokes/ActualSignedCoherence.lean
 create mode 100644 leanpool/LeanPool/NavierStokesAndEuler/NavierStokes/ActualSignedCommonDynamics.lean
 create mode 100644 leanpool/LeanPool/NavierStokesAndEuler/NavierStokes/ActualSignedCurrentSupport.lean
 create mode 100644 leanpool/LeanPool/NavierStokesAndEuler/NavierStokes/ActualSignedDynamics.lean
 create mode 100644 leanpool/LeanPool/NavierStokesAndEuler/NavierStokes/ActualSignedExterior.lean
 create mode 100644 leanpool/LeanPool/NavierStokesAndEuler/NavierStokes/ActualSignedGeometry.lean
 create mode 100644 leanpool/LeanPool/NavierStokesAndEuler/NavierStokes/ActualSignedOutputBounds.lean
 create mode 100644 leanpool/LeanPool/NavierStokesAndEuler/NavierStokes/ActualSignedPhysicalBinding.lean
 create mode 100644 leanpool/LeanPool/NavierStokesAndEuler/NavierStokes/ActualSignedPhysicalCoherence.lean
 create mode 100644 leanpool/LeanPool/NavierStokesAndEuler/NavierStokes/ActualSignedPhysicalData.lean
 create mode 100644 leanpool/LeanPool/NavierStokesAndEuler/NavierStokes/ActualSignedPotentialCoherence.lean
 create mode 100644 leanpool/LeanPool/NavierStokesAndEuler/NavierStokes/ActualSignedReferenceGeometry.lean
 create mode 100644 leanpool/LeanPool/NavierStokesAndEuler/NavierStokes/ActualSignedStageControls.lean
 create mode 100644 leanpool/LeanPool/NavierStokesAndEuler/NavierStokes/ActualSignedUnmaskedBounds.lean
 create mode 100644 leanpool/LeanPool/NavierStokesAndEuler/NavierStokes/ActualSignedWaveData.lean
 create mode 100644 leanpool/LeanPool/NavierStokesAndEuler/NavierStokes/ActualSlowAxis.lean
 create mode 100644 leanpool/LeanPool/NavierStokesAndEuler/NavierStokes/ActualStageEstimates.lean
 create mode 100644 leanpool/LeanPool/NavierStokesAndEuler/NavierStokes/ActualWaveRegularityData.lean
 create mode 100644 leanpool/LeanPool/NavierStokesAndEuler/NavierStokes/AlignedProfileSpectralCone.lean
 create mode 100644 leanpool/LeanPool/NavierStokesAndEuler/NavierStokes/AllBandBaseJets.lean
 create mode 100644 leanpool/LeanPool/NavierStokesAndEuler/NavierStokes/AnnularEndpoint.lean
 create mode 100644 leanpool/LeanPool/NavierStokesAndEuler/NavierStokes/AssembledSlowBase.lean
 create mode 100644 leanpool/LeanPool/NavierStokesAndEuler/NavierStokes/AxisCoefficientSpace.lean
 create mode 100644 leanpool/LeanPool/NavierStokesAndEuler/NavierStokes/AxisEvaluation.lean
 create mode 100644 leanpool/LeanPool/NavierStokesAndEuler/NavierStokes/AxisPreservation.lean
 create mode 100644 leanpool/LeanPool/NavierStokesAndEuler/NavierStokes/AxisReference.lean
 create mode 100644 leanpool/LeanPool/NavierStokesAndEuler/NavierStokes/AxisymmetricFields.lean
 create mode 100644 leanpool/LeanPool/NavierStokesAndEuler/NavierStokes/AxisymmetricResidual.lean
 create mode 100644 leanpool/LeanPool/NavierStokesAndEuler/NavierStokes/BandReindexedSignedMeanGain.lean
 create mode 100644 leanpool/LeanPool/NavierStokesAndEuler/NavierStokes/BaseContextAssembly.lean
 create mode 100644 leanpool/LeanPool/NavierStokesAndEuler/NavierStokes/BasePhaseGeometry.lean
 create mode 100644 leanpool/LeanPool/NavierStokesAndEuler/NavierStokes/BaseRadialJets.lean
 create mode 100644 leanpool/LeanPool/NavierStokesAndEuler/NavierStokes/BaseRankPatch.lean
 create mode 100644 leanpool/LeanPool/NavierStokesAndEuler/NavierStokes/BaseResidual.lean
 create mode 100644 leanpool/LeanPool/NavierStokesAndEuler/NavierStokes/BaseStressClasses.lean
 create mode 100644 leanpool/LeanPool/NavierStokesAndEuler/NavierStokes/BlowupImplication.lean
 create mode 100644 leanpool/LeanPool/NavierStokesAndEuler/NavierStokes/BorelExtension.lean
 create mode 100644 leanpool/LeanPool/NavierStokesAndEuler/NavierStokes/BoundaryAxisJets.lean
 create mode 100644 leanpool/LeanPool/NavierStokesAndEuler/NavierStokes/CandidateFromLimits.lean
 create mode 100644 leanpool/LeanPool/NavierStokesAndEuler/NavierStokes/CartesianCopySource.lean
 create mode 100644 leanpool/LeanPool/NavierStokesAndEuler/NavierStokes/CauchyRestriction.lean
 create mode 100644 leanpool/LeanPool/NavierStokesAndEuler/NavierStokes/ChartScales.lean
 create mode 100644 leanpool/LeanPool/NavierStokesAndEuler/NavierStokes/ClosedNativeWaveIdentities.lean
 create mode 100644 leanpool/LeanPool/NavierStokesAndEuler/NavierStokes/CommonBaseContext.lean
 create mode 100644 leanpool/LeanPool/NavierStokesAndEuler/NavierStokes/CommonCoverClass.lean
 create mode 100644 leanpool/LeanPool/NavierStokesAndEuler/NavierStokes/CommonCoverSolve.lean
 create mode 100644 leanpool/LeanPool/NavierStokesAndEuler/NavierStokes/CompactForceDecay.lean
 create mode 100644 leanpool/LeanPool/NavierStokesAndEuler/NavierStokes/CompactSmoothFamily.lean
 create mode 100644 leanpool/LeanPool/NavierStokesAndEuler/NavierStokes/ComparatorBridge.lean
 create mode 100644 leanpool/LeanPool/NavierStokesAndEuler/NavierStokes/ComparatorDefinitions.lean
 create mode 100644 leanpool/LeanPool/NavierStokesAndEuler/NavierStokes/ComparatorR3Theorem.lean
 create mode 100644 leanpool/LeanPool/NavierStokesAndEuler/NavierStokes/ComparatorSolution.lean
 create mode 100644 leanpool/LeanPool/NavierStokesAndEuler/NavierStokes/ComparatorTheorem.lean
 create mode 100644 leanpool/LeanPool/NavierStokesAndEuler/NavierStokes/ConeAlgebra.lean
 create mode 100644 leanpool/LeanPool/NavierStokesAndEuler/NavierStokes/ConstructedSlowBase.lean
 create mode 100644 leanpool/LeanPool/NavierStokesAndEuler/NavierStokes/CoordinateAlgebra.lean
 create mode 100644 leanpool/LeanPool/NavierStokesAndEuler/NavierStokes/CopyAngularInvariance.lean
 create mode 100644 leanpool/LeanPool/NavierStokesAndEuler/NavierStokes/CopySolveCompatibility.lean
 create mode 100644 leanpool/LeanPool/NavierStokesAndEuler/NavierStokes/CorrectedPulseAmplitude.lean
 create mode 100644 leanpool/LeanPool/NavierStokesAndEuler/NavierStokes/CorrectionAnalyticStep.lean
 create mode 100644 leanpool/LeanPool/NavierStokesAndEuler/NavierStokes/CorrectionInitialization.lean
 create mode 100644 leanpool/LeanPool/NavierStokesAndEuler/NavierStokes/CorrectionState.lean
 create mode 100644 leanpool/LeanPool/NavierStokesAndEuler/NavierStokes/CorrectionStep.lean
 create mode 100644 leanpool/LeanPool/NavierStokesAndEuler/NavierStokes/CurlClassBounds.lean
 create mode 100644 leanpool/LeanPool/NavierStokesAndEuler/NavierStokes/CurrentModeGeometry.lean
 create mode 100644 leanpool/LeanPool/NavierStokesAndEuler/NavierStokes/CurrentPhysicalChartJets.lean
 create mode 100644 leanpool/LeanPool/NavierStokesAndEuler/NavierStokes/CurrentSignedCurl.lean
 create mode 100644 leanpool/LeanPool/NavierStokesAndEuler/NavierStokes/CutStageEstimates.lean
 create mode 100644 leanpool/LeanPool/NavierStokesAndEuler/NavierStokes/CycleMeanEquation.lean
 create mode 100644 leanpool/LeanPool/NavierStokesAndEuler/NavierStokes/CyclePhysicalPrefixes.lean
 create mode 100644 leanpool/LeanPool/NavierStokesAndEuler/NavierStokes/CylindricalResidual.lean
 create mode 100644 leanpool/LeanPool/NavierStokesAndEuler/NavierStokes/DefectIncrementBounds.lean
 create mode 100644 leanpool/LeanPool/NavierStokesAndEuler/NavierStokes/DiagonalJetBounds.lean
 create mode 100644 leanpool/LeanPool/NavierStokesAndEuler/NavierStokes/DiagonalResidual.lean
 create mode 100644 leanpool/LeanPool/NavierStokesAndEuler/NavierStokes/DiagonalScale.lean
 create mode 100644 leanpool/LeanPool/NavierStokesAndEuler/NavierStokes/DirectAngularDiagonal.lean
 create mode 100644 leanpool/LeanPool/NavierStokesAndEuler/NavierStokes/EdgeWeightJets.lean
 create mode 100644 leanpool/LeanPool/NavierStokesAndEuler/NavierStokes/EndpointCoordinates.lean
 create mode 100644 leanpool/LeanPool/NavierStokesAndEuler/NavierStokes/EntranceAlignedBase.lean
 create mode 100644 leanpool/LeanPool/NavierStokesAndEuler/NavierStokes/EvenSmoothDescent.lean
 create mode 100644 leanpool/LeanPool/NavierStokesAndEuler/NavierStokes/ExponentLedger.lean
 create mode 100644 leanpool/LeanPool/NavierStokesAndEuler/NavierStokes/ExtendedHeatDebts.lean
 create mode 100644 leanpool/LeanPool/NavierStokesAndEuler/NavierStokes/ExtendedHeatedOutgoing.lean
 create mode 100644 leanpool/LeanPool/NavierStokesAndEuler/NavierStokes/FinalSlowBase.lean
 create mode 100644 leanpool/LeanPool/NavierStokesAndEuler/NavierStokes/FiniteHeadClass.lean
 create mode 100644 leanpool/LeanPool/NavierStokesAndEuler/NavierStokes/FirstOrderBaseEdge.lean
 create mode 100644 leanpool/LeanPool/NavierStokesAndEuler/NavierStokes/FiveProfileMoments.lean
 create mode 100644 leanpool/LeanPool/NavierStokesAndEuler/NavierStokes/FiveRowRank.lean
 create mode 100644 leanpool/LeanPool/NavierStokesAndEuler/NavierStokes/FlatCutoff.lean
 create mode 100644 leanpool/LeanPool/NavierStokesAndEuler/NavierStokes/FlatKernelBounds.lean
 create mode 100644 leanpool/LeanPool/NavierStokesAndEuler/NavierStokes/FlatPrimitive.lean
 create mode 100644 leanpool/LeanPool/NavierStokesAndEuler/NavierStokes/FlatPrimitiveFactor.lean
 create mode 100644 leanpool/LeanPool/NavierStokesAndEuler/NavierStokes/FourierAlias.lean
 create mode 100644 leanpool/LeanPool/NavierStokesAndEuler/NavierStokes/FuturePressureBounds.lean
 create mode 100644 leanpool/LeanPool/NavierStokesAndEuler/NavierStokes/GaugeAliasDecay.lean
 create mode 100644 leanpool/LeanPool/NavierStokesAndEuler/NavierStokes/GaugeDebtIncrement.lean
 create mode 100644 leanpool/LeanPool/NavierStokesAndEuler/NavierStokes/GaugeExcludedBounds.lean
 create mode 100644 leanpool/LeanPool/NavierStokesAndEuler/NavierStokes/GaugeMassPreservation.lean
 create mode 100644 leanpool/LeanPool/NavierStokesAndEuler/NavierStokes/GaugeMomentBalances.lean
 create mode 100644 leanpool/LeanPool/NavierStokesAndEuler/NavierStokes/GaugeRadialResidualBounds.lean
 create mode 100644 leanpool/LeanPool/NavierStokesAndEuler/NavierStokes/GaugeStateCoherence.lean
 create mode 100644 leanpool/LeanPool/NavierStokesAndEuler/NavierStokes/GaussianEnvelope.lean
 create mode 100644 leanpool/LeanPool/NavierStokesAndEuler/NavierStokes/GaussianTailFlat.lean
 create mode 100644 leanpool/LeanPool/NavierStokesAndEuler/NavierStokes/GermCandidateAssembly.lean
 create mode 100644 leanpool/LeanPool/NavierStokesAndEuler/NavierStokes/GlobalSlowProfiles.lean
 create mode 100644 leanpool/LeanPool/NavierStokesAndEuler/NavierStokes/GluedStageEstimates.lean
 create mode 100644 leanpool/LeanPool/NavierStokesAndEuler/NavierStokes/HarmonicCalculus.lean
 create mode 100644 leanpool/LeanPool/NavierStokesAndEuler/NavierStokes/HarmonicCovariance.lean
 create mode 100644 leanpool/LeanPool/NavierStokesAndEuler/NavierStokes/HarmonicFields.lean
 create mode 100644 leanpool/LeanPool/NavierStokesAndEuler/NavierStokes/HarmonicResidual.lean
 create mode 100644 leanpool/LeanPool/NavierStokesAndEuler/NavierStokes/HarmonicSourceSupport.lean
 create mode 100644 leanpool/LeanPool/NavierStokesAndEuler/NavierStokes/HarmonicStructurePreservation.lean
 create mode 100644 leanpool/LeanPool/NavierStokesAndEuler/NavierStokes/HarmonicWaveInteraction.lean
 create mode 100644 leanpool/LeanPool/NavierStokesAndEuler/NavierStokes/HeatProfileExtension.lean
 create mode 100644 leanpool/LeanPool/NavierStokesAndEuler/NavierStokes/HeatSwitchCone.lean
 create mode 100644 leanpool/LeanPool/NavierStokesAndEuler/NavierStokes/HeatTailEdit.lean
 create mode 100644 leanpool/LeanPool/NavierStokesAndEuler/NavierStokes/HeatTailHistoryLimits.lean
 create mode 100644 leanpool/LeanPool/NavierStokesAndEuler/NavierStokes/HeatedOutgoing.lean
 create mode 100644 leanpool/LeanPool/NavierStokesAndEuler/NavierStokes/HolomorphicFamily.lean
 create mode 100644 leanpool/LeanPool/NavierStokesAndEuler/NavierStokes/InitialPhysicalData.lean
 create mode 100644 leanpool/LeanPool/NavierStokesAndEuler/NavierStokes/IntegratedMeanBalances.lean
 create mode 100644 leanpool/LeanPool/NavierStokesAndEuler/NavierStokes/JetBounds.lean
 create mode 100644 leanpool/LeanPool/NavierStokesAndEuler/NavierStokes/JointODE.lean
 create mode 100644 leanpool/LeanPool/NavierStokesAndEuler/NavierStokes/JointResidualLimits.lean
 create mode 100644 leanpool/LeanPool/NavierStokesAndEuler/NavierStokes/LabelSumBounds.lean
 create mode 100644 leanpool/LeanPool/NavierStokesAndEuler/NavierStokes/LabelSupportPreservation.lean
 create mode 100644 leanpool/LeanPool/NavierStokesAndEuler/NavierStokes/LeadingStress.lean
 create mode 100644 leanpool/LeanPool/NavierStokesAndEuler/NavierStokes/LeadingStressWeights.lean
 create mode 100644 leanpool/LeanPool/NavierStokesAndEuler/NavierStokes/LiftedMeanResidual.lean
 create mode 100644 leanpool/LeanPool/NavierStokesAndEuler/NavierStokes/LinearWaveBounds.lean
 create mode 100644 leanpool/LeanPool/NavierStokesAndEuler/NavierStokes/LinearWaveResidual.lean
 create mode 100644 leanpool/LeanPool/NavierStokesAndEuler/NavierStokes/LocalAngularDiagonal.lean
 create mode 100644 leanpool/LeanPool/NavierStokesAndEuler/NavierStokes/LocalAxisymmetricResidual.lean
 create mode 100644 leanpool/LeanPool/NavierStokesAndEuler/NavierStokes/LocalMeanPhysicalBounds.lean
 create mode 100644 leanpool/LeanPool/NavierStokesAndEuler/NavierStokes/LocalPhysicalCopyBounds.lean
 create mode 100644 leanpool/LeanPool/NavierStokesAndEuler/NavierStokes/LocalRankDefect.lean
 create mode 100644 leanpool/LeanPool/NavierStokesAndEuler/NavierStokes/LocalResidualGrouping.lean
 create mode 100644 leanpool/LeanPool/NavierStokesAndEuler/NavierStokes/LocalSignedRequest.lean
 create mode 100644 leanpool/LeanPool/NavierStokesAndEuler/NavierStokes/LocalizedCurlRealization.lean
 create mode 100644 leanpool/LeanPool/NavierStokesAndEuler/NavierStokes/LocalizedMeanInteraction.lean
 create mode 100644 leanpool/LeanPool/NavierStokesAndEuler/NavierStokes/LocalizedMomentRepair.lean
 create mode 100644 leanpool/LeanPool/NavierStokesAndEuler/NavierStokes/LocalizedWaveBounds.lean
 create mode 100644 leanpool/LeanPool/NavierStokesAndEuler/NavierStokes/MatchingDebtBounds.lean
 create mode 100644 leanpool/LeanPool/NavierStokesAndEuler/NavierStokes/MeanBoundsReindex.lean
 create mode 100644 leanpool/LeanPool/NavierStokesAndEuler/NavierStokes/MeanChartCompatibility.lean
 create mode 100644 leanpool/LeanPool/NavierStokesAndEuler/NavierStokes/MeanIncrementBounds.lean
 create mode 100644 leanpool/LeanPool/NavierStokesAndEuler/NavierStokes/MeanMomentBounds.lean
 create mode 100644 leanpool/LeanPool/NavierStokesAndEuler/NavierStokes/MeanRankUpdate.lean
 create mode 100644 leanpool/LeanPool/NavierStokesAndEuler/NavierStokes/MeanResidual.lean
 create mode 100644 leanpool/LeanPool/NavierStokesAndEuler/NavierStokes/MeanStageRegularity.lean
 create mode 100644 leanpool/LeanPool/NavierStokesAndEuler/NavierStokes/MeanStateRegularity.lean
 create mode 100644 leanpool/LeanPool/NavierStokesAndEuler/NavierStokes/MixedAxisPreservation.lean
 create mode 100644 leanpool/LeanPool/NavierStokesAndEuler/NavierStokes/MixedCandidateAssembly.lean
 create mode 100644 leanpool/LeanPool/NavierStokesAndEuler/NavierStokes/MixedDiagonalExtensions.lean
 create mode 100644 leanpool/LeanPool/NavierStokesAndEuler/NavierStokes/MixedDiagonalResidual.lean
 create mode 100644 leanpool/LeanPool/NavierStokesAndEuler/NavierStokes/MixedPeriodicAssembly.lean
 create mode 100644 leanpool/LeanPool/NavierStokesAndEuler/NavierStokes/ModulatedCone.lean
 create mode 100644 leanpool/LeanPool/NavierStokesAndEuler/NavierStokes/ModulatedHistories.lean
 create mode 100644 leanpool/LeanPool/NavierStokesAndEuler/NavierStokes/ModulatedProfileAssembly.lean
 create mode 100644 leanpool/LeanPool/NavierStokesAndEuler/NavierStokes/MomentRepair.lean
 create mode 100644 leanpool/LeanPool/NavierStokesAndEuler/NavierStokes/MovingMomentBounds.lean
 create mode 100644 leanpool/LeanPool/NavierStokesAndEuler/NavierStokes/NativeBandExtension.lean
 create mode 100644 leanpool/LeanPool/NavierStokesAndEuler/NavierStokes/NativePrincipalEquations.lean
 create mode 100644 leanpool/LeanPool/NavierStokesAndEuler/NavierStokes/NaturalAxisBridge.lean
 create mode 100644 leanpool/LeanPool/NavierStokesAndEuler/NavierStokes/NaturalCoefficientBridge.lean
 create mode 100644 leanpool/LeanPool/NavierStokesAndEuler/NavierStokes/NaturalCore.lean
 create mode 100644 leanpool/LeanPool/NavierStokesAndEuler/NavierStokes/NaturalEntrance.lean
 create mode 100644 leanpool/LeanPool/NavierStokesAndEuler/NavierStokes/NaturalProfile.lean
 create mode 100644 leanpool/LeanPool/NavierStokesAndEuler/NavierStokes/NominalConeAssembly.lean
 create mode 100644 leanpool/LeanPool/NavierStokesAndEuler/NavierStokes/NominalProfile.lean
 create mode 100644 leanpool/LeanPool/NavierStokesAndEuler/NavierStokes/NormalScaling.lean
 create mode 100644 leanpool/LeanPool/NavierStokesAndEuler/NavierStokes/OffplaneCorrectionExtensions.lean
 create mode 100644 leanpool/LeanPool/NavierStokesAndEuler/NavierStokes/OffplaneJetExtensions.lean
 create mode 100644 leanpool/LeanPool/NavierStokesAndEuler/NavierStokes/OutgoingCone.lean
 create mode 100644 leanpool/LeanPool/NavierStokesAndEuler/NavierStokes/OutgoingEntranceCone.lean
 create mode 100644 leanpool/LeanPool/NavierStokesAndEuler/NavierStokes/OutgoingHistories.lean
 create mode 100644 leanpool/LeanPool/NavierStokesAndEuler/NavierStokes/OutgoingProfile.lean
 create mode 100644 leanpool/LeanPool/NavierStokesAndEuler/NavierStokes/OutgoingSchedule.lean
 create mode 100644 leanpool/LeanPool/NavierStokesAndEuler/NavierStokes/OutgoingTail.lean
 create mode 100644 leanpool/LeanPool/NavierStokesAndEuler/NavierStokes/ParametricEvenDescent.lean
 create mode 100644 leanpool/LeanPool/NavierStokesAndEuler/NavierStokes/ParametricFlatFactor.lean
 create mode 100644 leanpool/LeanPool/NavierStokesAndEuler/NavierStokes/ParametricHeatTail.lean
 create mode 100644 leanpool/LeanPool/NavierStokesAndEuler/NavierStokes/ParametricKernelBounds.lean
 create mode 100644 leanpool/LeanPool/NavierStokesAndEuler/NavierStokes/ParametricModulation.lean
 create mode 100644 leanpool/LeanPool/NavierStokesAndEuler/NavierStokes/ParametricODE.lean
 create mode 100644 leanpool/LeanPool/NavierStokesAndEuler/NavierStokes/ParametricRadialExtension.lean
 create mode 100644 leanpool/LeanPool/NavierStokesAndEuler/NavierStokes/ParametricRephase.lean
 create mode 100644 leanpool/LeanPool/NavierStokesAndEuler/NavierStokes/ParametricTerminalCompensation.lean
 create mode 100644 leanpool/LeanPool/NavierStokesAndEuler/NavierStokes/ParametricTorusInverse.lean
 create mode 100644 leanpool/LeanPool/NavierStokesAndEuler/NavierStokes/ParticularCopyBounds.lean
 create mode 100644 leanpool/LeanPool/NavierStokesAndEuler/NavierStokes/ParticularWaveAssembly.lean
 create mode 100644 leanpool/LeanPool/NavierStokesAndEuler/NavierStokes/ParticularWaveBounds.lean
 create mode 100644 leanpool/LeanPool/NavierStokesAndEuler/NavierStokes/PartitionedCovariance.lean
 create mode 100644 leanpool/LeanPool/NavierStokesAndEuler/NavierStokes/PeriodicIntegration.lean
 create mode 100644 leanpool/LeanPool/NavierStokesAndEuler/NavierStokes/PeriodicPhaseAssembly.lean
 create mode 100644 leanpool/LeanPool/NavierStokesAndEuler/NavierStokes/PeriodicResidualLimits.lean
 create mode 100644 leanpool/LeanPool/NavierStokesAndEuler/NavierStokes/PeriodicUniqueness.lean
 create mode 100644 leanpool/LeanPool/NavierStokesAndEuler/NavierStokes/PeriodizedWaveBounds.lean
 create mode 100644 leanpool/LeanPool/NavierStokesAndEuler/NavierStokes/PhaseCalculus.lean
 create mode 100644 leanpool/LeanPool/NavierStokesAndEuler/NavierStokes/PhaseEstimates.lean
 create mode 100644 leanpool/LeanPool/NavierStokesAndEuler/NavierStokes/PhysicalClassBounds.lean
 create mode 100644 leanpool/LeanPool/NavierStokesAndEuler/NavierStokes/PhysicalCoordinateBounds.lean
 create mode 100644 leanpool/LeanPool/NavierStokesAndEuler/NavierStokes/PhysicalCopyBounds.lean
 create mode 100644 leanpool/LeanPool/NavierStokesAndEuler/NavierStokes/PhysicalCurlCovariance.lean
 create mode 100644 leanpool/LeanPool/NavierStokesAndEuler/NavierStokes/PhysicalGraphBounds.lean
 create mode 100644 leanpool/LeanPool/NavierStokesAndEuler/NavierStokes/PhysicalHeatCoordinates.lean
 create mode 100644 leanpool/LeanPool/NavierStokesAndEuler/NavierStokes/PhysicalMeanJetBounds.lean
 create mode 100644 leanpool/LeanPool/NavierStokesAndEuler/NavierStokes/PhysicalParticularWave.lean
 create mode 100644 leanpool/LeanPool/NavierStokesAndEuler/NavierStokes/PhysicalResidualBridge.lean
 create mode 100644 leanpool/LeanPool/NavierStokesAndEuler/NavierStokes/PhysicalResidualNaturality.lean
 create mode 100644 leanpool/LeanPool/NavierStokesAndEuler/NavierStokes/PhysicalResidualTZ.lean
 create mode 100644 leanpool/LeanPool/NavierStokesAndEuler/NavierStokes/PhysicalSignedWave.lean
 create mode 100644 leanpool/LeanPool/NavierStokesAndEuler/NavierStokes/PhysicalStageBounds.lean
 create mode 100644 leanpool/LeanPool/NavierStokesAndEuler/NavierStokes/PhysicalStageSupport.lean
 create mode 100644 leanpool/LeanPool/NavierStokesAndEuler/NavierStokes/PhysicalWaveSum.lean
 create mode 100644 leanpool/LeanPool/NavierStokesAndEuler/NavierStokes/PositiveAxisSystem.lean
 create mode 100644 leanpool/LeanPool/NavierStokesAndEuler/NavierStokes/PositiveRepresentatives.lean
 create mode 100644 leanpool/LeanPool/NavierStokesAndEuler/NavierStokes/PressureStream.lean
 create mode 100644 leanpool/LeanPool/NavierStokesAndEuler/NavierStokes/PrimaryCopyBounds.lean
 create mode 100644 leanpool/LeanPool/NavierStokesAndEuler/NavierStokes/PrimaryFieldAssembly.lean
 create mode 100644 leanpool/LeanPool/NavierStokesAndEuler/NavierStokes/PrimaryODE.lean
 create mode 100644 leanpool/LeanPool/NavierStokesAndEuler/NavierStokes/PrimaryPulseBounds.lean
 create mode 100644 leanpool/LeanPool/NavierStokesAndEuler/NavierStokes/PrimaryRepresentatives.lean
 create mode 100644 leanpool/LeanPool/NavierStokesAndEuler/NavierStokes/PrimaryTargetBounds.lean
 create mode 100644 leanpool/LeanPool/NavierStokesAndEuler/NavierStokes/ProblemStatement.lean
 create mode 100644 leanpool/LeanPool/NavierStokesAndEuler/NavierStokes/ProfileHistories.lean
 create mode 100644 leanpool/LeanPool/NavierStokesAndEuler/NavierStokes/PulseAmplitude.lean
 create mode 100644 leanpool/LeanPool/NavierStokesAndEuler/NavierStokes/PulseCone.lean
 create mode 100644 leanpool/LeanPool/NavierStokesAndEuler/NavierStokes/R3/CompactEnergy.lean
 create mode 100644 leanpool/LeanPool/NavierStokesAndEuler/NavierStokes/R3/CompactSchwartz.lean
 create mode 100644 leanpool/LeanPool/NavierStokesAndEuler/NavierStokes/R3/CompactTimeIntegral.lean
 create mode 100644 leanpool/LeanPool/NavierStokesAndEuler/NavierStokes/R3/ComparisonCutoffs.lean
 create mode 100644 leanpool/LeanPool/NavierStokesAndEuler/NavierStokes/R3/ComparisonFourierSetup.lean
 create mode 100644 leanpool/LeanPool/NavierStokesAndEuler/NavierStokes/R3/ComparisonSetup.lean
 create mode 100644 leanpool/LeanPool/NavierStokesAndEuler/NavierStokes/R3/ConservativeDifference.lean
 create mode 100644 leanpool/LeanPool/NavierStokesAndEuler/NavierStokes/R3/FourierSobolevWeights.lean
 create mode 100644 leanpool/LeanPool/NavierStokesAndEuler/NavierStokes/R3/FourierTestDerivatives.lean
 create mode 100644 leanpool/LeanPool/NavierStokesAndEuler/NavierStokes/R3/GradientOperator.lean
 create mode 100644 leanpool/LeanPool/NavierStokesAndEuler/NavierStokes/R3/HarmonicTestFunctionals.lean
 create mode 100644 leanpool/LeanPool/NavierStokesAndEuler/NavierStokes/R3/HeatKernelCancellation.lean
 create mode 100644 leanpool/LeanPool/NavierStokesAndEuler/NavierStokes/R3/HeatKernelCommutator.lean
 create mode 100644 leanpool/LeanPool/NavierStokesAndEuler/NavierStokes/R3/HeatKernelPairedBound.lean
 create mode 100644 leanpool/LeanPool/NavierStokesAndEuler/NavierStokes/R3/LpNormTools.lean
 create mode 100644 leanpool/LeanPool/NavierStokesAndEuler/NavierStokes/R3/PairedKernelBound.lean
 create mode 100644 leanpool/LeanPool/NavierStokesAndEuler/NavierStokes/R3/PressureFlux.lean
 create mode 100644 leanpool/LeanPool/NavierStokesAndEuler/NavierStokes/R3/PressureFunctionals.lean
 create mode 100644 leanpool/LeanPool/NavierStokesAndEuler/NavierStokes/R3/ProblemStatement.lean
 create mode 100644 leanpool/LeanPool/NavierStokesAndEuler/NavierStokes/R3/RadialKernelBounds.lean
 create mode 100644 leanpool/LeanPool/NavierStokesAndEuler/NavierStokes/R3/RieszLinearityDecay.lean
 create mode 100644 leanpool/LeanPool/NavierStokesAndEuler/NavierStokes/R3/RieszPairing.lean
 create mode 100644 leanpool/LeanPool/NavierStokesAndEuler/NavierStokes/R3/RieszSymbolRegularity.lean
 create mode 100644 leanpool/LeanPool/NavierStokesAndEuler/NavierStokes/R3/RieszTestOperators.lean
 create mode 100644 leanpool/LeanPool/NavierStokesAndEuler/NavierStokes/R3/SchwartzCompactApproximation.lean
 create mode 100644 leanpool/LeanPool/NavierStokesAndEuler/NavierStokes/R3/SchwartzParseval.lean
 create mode 100644 leanpool/LeanPool/NavierStokesAndEuler/NavierStokes/R3/SmoothSobolevL6.lean
 create mode 100644 leanpool/LeanPool/NavierStokesAndEuler/NavierStokes/R3/WeightedInterpolation.lean
 create mode 100644 leanpool/LeanPool/NavierStokesAndEuler/NavierStokes/R3/WeightedSobolev.lean
 create mode 100644 leanpool/LeanPool/NavierStokesAndEuler/NavierStokes/R3/WholeSpaceUniqueness.lean
 create mode 100644 leanpool/LeanPool/NavierStokesAndEuler/NavierStokes/R3CompactCandidate.lean
 create mode 100644 leanpool/LeanPool/NavierStokesAndEuler/NavierStokes/R3FiniteEnergyComparison.lean
 create mode 100644 leanpool/LeanPool/NavierStokesAndEuler/NavierStokes/RadialHeatProfile.lean
 create mode 100644 leanpool/LeanPool/NavierStokesAndEuler/NavierStokes/RadialPullback.lean
 create mode 100644 leanpool/LeanPool/NavierStokesAndEuler/NavierStokes/RankStateBounds.lean
 create mode 100644 leanpool/LeanPool/NavierStokesAndEuler/NavierStokes/RankStateCoherence.lean
 create mode 100644 leanpool/LeanPool/NavierStokesAndEuler/NavierStokes/ReferenceJetBounds.lean
 create mode 100644 leanpool/LeanPool/NavierStokesAndEuler/NavierStokes/ReferencePath.lean
 create mode 100644 leanpool/LeanPool/NavierStokesAndEuler/NavierStokes/ReleaseMoments.lean
 create mode 100644 leanpool/LeanPool/NavierStokesAndEuler/NavierStokes/RenormalizedHeatMoment.lean
 create mode 100644 leanpool/LeanPool/NavierStokesAndEuler/NavierStokes/RepairConeBounds.lean
 create mode 100644 leanpool/LeanPool/NavierStokesAndEuler/NavierStokes/ReservedPatches.lean
 create mode 100644 leanpool/LeanPool/NavierStokesAndEuler/NavierStokes/ResidualCalculus.lean
 create mode 100644 leanpool/LeanPool/NavierStokesAndEuler/NavierStokes/ResidualPolarGraph.lean
 create mode 100644 leanpool/LeanPool/NavierStokesAndEuler/NavierStokes/ResidualRegularity.lean
 create mode 100644 leanpool/LeanPool/NavierStokesAndEuler/NavierStokes/ResidualStability.lean
 create mode 100644 leanpool/LeanPool/NavierStokesAndEuler/NavierStokes/ScaledActualParticularControl.lean
 create mode 100644 leanpool/LeanPool/NavierStokesAndEuler/NavierStokes/ScaledTangentTransport.lean
 create mode 100644 leanpool/LeanPool/NavierStokesAndEuler/NavierStokes/Scaling.lean
 create mode 100644 leanpool/LeanPool/NavierStokesAndEuler/NavierStokes/SchedulePressure.lean
 create mode 100644 leanpool/LeanPool/NavierStokesAndEuler/NavierStokes/ShapeTransition.lean
 create mode 100644 leanpool/LeanPool/NavierStokesAndEuler/NavierStokes/ShapedWaitBounds.lean
 create mode 100644 leanpool/LeanPool/NavierStokesAndEuler/NavierStokes/SignedCopyBounds.lean
 create mode 100644 leanpool/LeanPool/NavierStokesAndEuler/NavierStokes/SignedCovariance.lean
 create mode 100644 leanpool/LeanPool/NavierStokesAndEuler/NavierStokes/SignedCrossDefectClass.lean
 create mode 100644 leanpool/LeanPool/NavierStokesAndEuler/NavierStokes/SignedMeanGain.lean
 create mode 100644 leanpool/LeanPool/NavierStokesAndEuler/NavierStokes/SignedStressPrimitive.lean
 create mode 100644 leanpool/LeanPool/NavierStokesAndEuler/NavierStokes/SignedWaveUpdate.lean
 create mode 100644 leanpool/LeanPool/NavierStokesAndEuler/NavierStokes/SimilarityApproach.lean
 create mode 100644 leanpool/LeanPool/NavierStokesAndEuler/NavierStokes/SimilarityCoordinates.lean
 create mode 100644 leanpool/LeanPool/NavierStokesAndEuler/NavierStokes/SimilarityHomogeneity.lean
 create mode 100644 leanpool/LeanPool/NavierStokesAndEuler/NavierStokes/SimilarityProfile.lean
 create mode 100644 leanpool/LeanPool/NavierStokesAndEuler/NavierStokes/SlotGeometry.lean
 create mode 100644 leanpool/LeanPool/NavierStokesAndEuler/NavierStokes/SlowBaseEndpoint.lean
 create mode 100644 leanpool/LeanPool/NavierStokesAndEuler/NavierStokes/SlowBorelBase.lean
 create mode 100644 leanpool/LeanPool/NavierStokesAndEuler/NavierStokes/SlowDivergence.lean
 create mode 100644 leanpool/LeanPool/NavierStokesAndEuler/NavierStokes/SlowExpansionResidual.lean
 create mode 100644 leanpool/LeanPool/NavierStokesAndEuler/NavierStokes/SlowFirstOrderEdge.lean
 create mode 100644 leanpool/LeanPool/NavierStokesAndEuler/NavierStokes/SlowRecursion.lean
 create mode 100644 leanpool/LeanPool/NavierStokesAndEuler/NavierStokes/SlowResidualMatching.lean
 create mode 100644 leanpool/LeanPool/NavierStokesAndEuler/NavierStokes/SlowStressSupport.lean
 create mode 100644 leanpool/LeanPool/NavierStokesAndEuler/NavierStokes/SmoothCutoffs.lean
 create mode 100644 leanpool/LeanPool/NavierStokesAndEuler/NavierStokes/SmoothFourierData.lean
 create mode 100644 leanpool/LeanPool/NavierStokesAndEuler/NavierStokes/SmoothLoop.lean
 create mode 100644 leanpool/LeanPool/NavierStokesAndEuler/NavierStokes/SmoothMomentRepair.lean
 create mode 100644 leanpool/LeanPool/NavierStokesAndEuler/NavierStokes/SmoothParameterIntegral.lean
 create mode 100644 leanpool/LeanPool/NavierStokesAndEuler/NavierStokes/SmoothPathFamily.lean
 create mode 100644 leanpool/LeanPool/NavierStokesAndEuler/NavierStokes/SolenoidalDiagonal.lean
 create mode 100644 leanpool/LeanPool/NavierStokesAndEuler/NavierStokes/Solution.lean
 create mode 100644 leanpool/LeanPool/NavierStokesAndEuler/NavierStokes/SolutionDifference.lean
 create mode 100644 leanpool/LeanPool/NavierStokesAndEuler/NavierStokes/SpacetimeEndpoint.lean
 create mode 100644 leanpool/LeanPool/NavierStokesAndEuler/NavierStokes/SpacetimeGluing.lean
 create mode 100644 leanpool/LeanPool/NavierStokesAndEuler/NavierStokes/SpatialBorelExtension.lean
 create mode 100644 leanpool/LeanPool/NavierStokesAndEuler/NavierStokes/SpatialCurl.lean
 create mode 100644 leanpool/LeanPool/NavierStokesAndEuler/NavierStokes/SpatialLocalization.lean
 create mode 100644 leanpool/LeanPool/NavierStokesAndEuler/NavierStokes/SquaredPartition.lean
 create mode 100644 leanpool/LeanPool/NavierStokesAndEuler/NavierStokes/StateReindex.lean
 create mode 100644 leanpool/LeanPool/NavierStokesAndEuler/NavierStokes/StressActivation.lean
 create mode 100644 leanpool/LeanPool/NavierStokesAndEuler/NavierStokes/TailCone.lean
 create mode 100644 leanpool/LeanPool/NavierStokesAndEuler/NavierStokes/TailEnergyBounds.lean
 create mode 100644 leanpool/LeanPool/NavierStokesAndEuler/NavierStokes/TailGaugePotential.lean
 create mode 100644 leanpool/LeanPool/NavierStokesAndEuler/NavierStokes/TangentODE.lean
 create mode 100644 leanpool/LeanPool/NavierStokesAndEuler/NavierStokes/TangentProjection.lean
 create mode 100644 leanpool/LeanPool/NavierStokesAndEuler/NavierStokes/TemporalMeanUpdate.lean
 create mode 100644 leanpool/LeanPool/NavierStokesAndEuler/NavierStokes/TemporalStateCoherence.lean
 create mode 100644 leanpool/LeanPool/NavierStokesAndEuler/NavierStokes/TerminalCompensation.lean
 create mode 100644 leanpool/LeanPool/NavierStokesAndEuler/NavierStokes/TerminalCone.lean
 create mode 100644 leanpool/LeanPool/NavierStokesAndEuler/NavierStokes/TerminalEdgeFactor.lean
 create mode 100644 leanpool/LeanPool/NavierStokesAndEuler/NavierStokes/TerminalHistoryBridge.lean
 create mode 100644 leanpool/LeanPool/NavierStokesAndEuler/NavierStokes/TerminalPressure.lean
 create mode 100644 leanpool/LeanPool/NavierStokesAndEuler/NavierStokes/TerminalStress.lean
 create mode 100644 leanpool/LeanPool/NavierStokesAndEuler/NavierStokes/TimeLocalization.lean
 create mode 100644 leanpool/LeanPool/NavierStokesAndEuler/NavierStokes/TorusAverages.lean
 create mode 100644 leanpool/LeanPool/NavierStokesAndEuler/NavierStokes/TransitionRamp.lean
 create mode 100644 leanpool/LeanPool/NavierStokesAndEuler/NavierStokes/TransportPrimitive.lean
 create mode 100644 leanpool/LeanPool/NavierStokesAndEuler/NavierStokes/UniformAngularReset.lean
 create mode 100644 leanpool/LeanPool/NavierStokesAndEuler/NavierStokes/UniformBlockBounds.lean
 create mode 100644 leanpool/LeanPool/NavierStokesAndEuler/NavierStokes/UniformCone.lean
 create mode 100644 leanpool/LeanPool/NavierStokesAndEuler/NavierStokes/UniformFourierAlias.lean
 create mode 100644 leanpool/LeanPool/NavierStokesAndEuler/NavierStokes/UniformHarmonicInteraction.lean
 create mode 100644 leanpool/LeanPool/NavierStokesAndEuler/NavierStokes/UniformPrimaryWeights.lean
 create mode 100644 leanpool/LeanPool/NavierStokesAndEuler/NavierStokes/ValidDyadicBandCover.lean
 create mode 100644 leanpool/LeanPool/NavierStokesAndEuler/NavierStokes/VariableGaugeMean.lean
 create mode 100644 leanpool/LeanPool/NavierStokesAndEuler/NavierStokes/ViscousPropagator.lean
 create mode 100644 leanpool/LeanPool/NavierStokesAndEuler/NavierStokes/VolterraParity.lean
 create mode 100644 leanpool/LeanPool/NavierStokesAndEuler/NavierStokes/VolterraRegularity.lean
 create mode 100644 leanpool/LeanPool/NavierStokesAndEuler/NavierStokes/WaveEdgeExtension.lean
 create mode 100644 leanpool/LeanPool/NavierStokesAndEuler/NavierStokes/WaveEnvelopeTransport.lean
 create mode 100644 leanpool/LeanPool/NavierStokesAndEuler/NavierStokes/WaveInteractionBounds.lean
 create mode 100644 leanpool/LeanPool/NavierStokesAndEuler/NavierStokes/WaveStateRegularity.lean
 create mode 100644 leanpool/LeanPool/NavierStokesAndEuler/NavierStokes/WeightedClasses.lean
 create mode 100644 leanpool/LeanPool/NavierStokesAndEuler/NavierStokes/WeightedODEJets.lean
 create mode 100644 leanpool/LeanPool/NavierStokesAndEuler/NavierStokes/WeightedQuotients.lean
 create mode 100644 leanpool/LeanPool/NavierStokesAndEuler/NavierStokes/ZerothStressIdentity.lean
 create mode 100644 leanpool/lake-manifest.json
 create mode 100644 leanpool/lakefile.toml
 create mode 100644 leanpool/lean-toolchain
 create mode 100644 oai/LICENSE
 create mode 100644 oai/NavierStokes/ActivationBounds.lean
 create mode 100644 oai/NavierStokes/ActivationCone.lean
 create mode 100644 oai/NavierStokes/ActivationContinuation.lean
 create mode 100644 oai/NavierStokes/ActivationHolomorphic.lean
 create mode 100644 oai/NavierStokes/ActivationStocks.lean
 create mode 100644 oai/NavierStokes/ActiveAnnulusWeight.lean
 create mode 100644 oai/NavierStokes/ActualBaseResidual.lean
 create mode 100644 oai/NavierStokes/ActualBaseVelocityBounds.lean
 create mode 100644 oai/NavierStokes/ActualCandidateAssembly.lean
 create mode 100644 oai/NavierStokes/ActualCandidateConstruction.lean
 create mode 100644 oai/NavierStokes/ActualCarrierGeometry.lean
 create mode 100644 oai/NavierStokes/ActualCarrierTransport.lean
 create mode 100644 oai/NavierStokes/ActualCarrierTransportBase.lean
 create mode 100644 oai/NavierStokes/ActualCopySliceRegularity.lean
 create mode 100644 oai/NavierStokes/ActualCoreSupport.lean
 create mode 100644 oai/NavierStokes/ActualCurrentCarrierJets.lean
 create mode 100644 oai/NavierStokes/ActualCurrentParticularAssembly.lean
 create mode 100644 oai/NavierStokes/ActualCurrentParticularBounds.lean
 create mode 100644 oai/NavierStokes/ActualCurrentParticularPhysical.lean
 create mode 100644 oai/NavierStokes/ActualCurrentWaveSupport.lean
 create mode 100644 oai/NavierStokes/ActualCycleAssembly.lean
 create mode 100644 oai/NavierStokes/ActualCycleCoherence.lean
 create mode 100644 oai/NavierStokes/ActualCycleExcluded.lean
 create mode 100644 oai/NavierStokes/ActualCycleGeometry.lean
 create mode 100644 oai/NavierStokes/ActualCycleParameters.lean
 create mode 100644 oai/NavierStokes/ActualCyclePeriodicity.lean
 create mode 100644 oai/NavierStokes/ActualCyclePreservation.lean
 create mode 100644 oai/NavierStokes/ActualCycleResidualBounds.lean
 create mode 100644 oai/NavierStokes/ActualEndpointInputs.lean
 create mode 100644 oai/NavierStokes/ActualExteriorPrefix.lean
 create mode 100644 oai/NavierStokes/ActualGaussianCoverage.lean
 create mode 100644 oai/NavierStokes/ActualInitialCoherence.lean
 create mode 100644 oai/NavierStokes/ActualInitialExcluded.lean
 create mode 100644 oai/NavierStokes/ActualInitialMean.lean
 create mode 100644 oai/NavierStokes/ActualInitialMeanEquation.lean
 create mode 100644 oai/NavierStokes/ActualInitialization.lean
 create mode 100644 oai/NavierStokes/ActualIntermediateDebtBounds.lean
 create mode 100644 oai/NavierStokes/ActualIterationLedger.lean
 create mode 100644 oai/NavierStokes/ActualMeanExterior.lean
 create mode 100644 oai/NavierStokes/ActualMeanPhysicalData.lean
 create mode 100644 oai/NavierStokes/ActualMeanPotentialRealization.lean
 create mode 100644 oai/NavierStokes/ActualMeanStageData.lean
 create mode 100644 oai/NavierStokes/ActualParticularBackground.lean
 create mode 100644 oai/NavierStokes/ActualParticularCoherence.lean
 create mode 100644 oai/NavierStokes/ActualParticularControl.lean
 create mode 100644 oai/NavierStokes/ActualParticularCycleData.lean
 create mode 100644 oai/NavierStokes/ActualParticularDynamics.lean
 create mode 100644 oai/NavierStokes/ActualParticularGaussian.lean
 create mode 100644 oai/NavierStokes/ActualParticularMeanGain.lean
 create mode 100644 oai/NavierStokes/ActualParticularPotentialCoherence.lean
 create mode 100644 oai/NavierStokes/ActualParticularRealization.lean
 create mode 100644 oai/NavierStokes/ActualParticularStageControls.lean
 create mode 100644 oai/NavierStokes/ActualPeriodizedSignedRealization.lean
 create mode 100644 oai/NavierStokes/ActualPhaseDefect.lean
 create mode 100644 oai/NavierStokes/ActualPhaseJetBounds.lean
 create mode 100644 oai/NavierStokes/ActualPhysicalPrefixFields.lean
 create mode 100644 oai/NavierStokes/ActualPhysicalStageBounds.lean
 create mode 100644 oai/NavierStokes/ActualPolarCoverage.lean
 create mode 100644 oai/NavierStokes/ActualPrimaryBounds.lean
 create mode 100644 oai/NavierStokes/ActualPrimaryCoherence.lean
 create mode 100644 oai/NavierStokes/ActualPrimaryCovariance.lean
 create mode 100644 oai/NavierStokes/ActualPrimaryDynamics.lean
 create mode 100644 oai/NavierStokes/ActualReferenceRebase.lean
 create mode 100644 oai/NavierStokes/ActualSeedPeriodicity.lean
 create mode 100644 oai/NavierStokes/ActualSignedCoherence.lean
 create mode 100644 oai/NavierStokes/ActualSignedCommonDynamics.lean
 create mode 100644 oai/NavierStokes/ActualSignedControl.lean
 create mode 100644 oai/NavierStokes/ActualSignedCurrentSupport.lean
 create mode 100644 oai/NavierStokes/ActualSignedDynamics.lean
 create mode 100644 oai/NavierStokes/ActualSignedExterior.lean
 create mode 100644 oai/NavierStokes/ActualSignedFamilySupport.lean
 create mode 100644 oai/NavierStokes/ActualSignedGaussian.lean
 create mode 100644 oai/NavierStokes/ActualSignedGaussianCoherence.lean
 create mode 100644 oai/NavierStokes/ActualSignedGeometry.lean
 create mode 100644 oai/NavierStokes/ActualSignedMeanBinding.lean
 create mode 100644 oai/NavierStokes/ActualSignedNativeBounds.lean
 create mode 100644 oai/NavierStokes/ActualSignedNativeProfiles.lean
 create mode 100644 oai/NavierStokes/ActualSignedNativeRegularity.lean
 create mode 100644 oai/NavierStokes/ActualSignedOutputBounds.lean
 create mode 100644 oai/NavierStokes/ActualSignedPhysicalBinding.lean
 create mode 100644 oai/NavierStokes/ActualSignedPhysicalCoherence.lean
 create mode 100644 oai/NavierStokes/ActualSignedPhysicalData.lean
 create mode 100644 oai/NavierStokes/ActualSignedPhysicalGeometry.lean
 create mode 100644 oai/NavierStokes/ActualSignedPhysicalZeros.lean
 create mode 100644 oai/NavierStokes/ActualSignedPotentialCoherence.lean
 create mode 100644 oai/NavierStokes/ActualSignedReferenceGeometry.lean
 create mode 100644 oai/NavierStokes/ActualSignedStageControls.lean
 create mode 100644 oai/NavierStokes/ActualSignedUnmaskedBinding.lean
 create mode 100644 oai/NavierStokes/ActualSignedUnmaskedBounds.lean
 create mode 100644 oai/NavierStokes/ActualSignedWaveData.lean
 create mode 100644 oai/NavierStokes/ActualSlowAxis.lean
 create mode 100644 oai/NavierStokes/ActualStageEstimates.lean
 create mode 100644 oai/NavierStokes/ActualValidBandWaves.lean
 create mode 100644 oai/NavierStokes/ActualWaveCoefficientPeriodicity.lean
 create mode 100644 oai/NavierStokes/ActualWaveRegularity.lean
 create mode 100644 oai/NavierStokes/ActualWaveRegularityData.lean
 create mode 100644 oai/NavierStokes/AlignedProfileSpectralCone.lean
 create mode 100644 oai/NavierStokes/AllBandBaseJets.lean
 create mode 100644 oai/NavierStokes/AnalyticCoefficientBounds.lean
 create mode 100644 oai/NavierStokes/AnalyticPrimitive.lean
 create mode 100644 oai/NavierStokes/AngularMomentReset.lean
 create mode 100644 oai/NavierStokes/AnnularAuxiliary.lean
 create mode 100644 oai/NavierStokes/AnnularEndpoint.lean
 create mode 100644 oai/NavierStokes/AssembledSlowBase.lean
 create mode 100644 oai/NavierStokes/AxisCoefficientSpace.lean
 create mode 100644 oai/NavierStokes/AxisContraction.lean
 create mode 100644 oai/NavierStokes/AxisEvaluation.lean
 create mode 100644 oai/NavierStokes/AxisEvaluationAlgebra.lean
 create mode 100644 oai/NavierStokes/AxisHolomorphic.lean
 create mode 100644 oai/NavierStokes/AxisHolomorphicJoint.lean
 create mode 100644 oai/NavierStokes/AxisOperators.lean
 create mode 100644 oai/NavierStokes/AxisPreservation.lean
 create mode 100644 oai/NavierStokes/AxisProfile.lean
 create mode 100644 oai/NavierStokes/AxisReference.lean
 create mode 100644 oai/NavierStokes/AxisResolvent.lean
 create mode 100644 oai/NavierStokes/AxisSeries.lean
 create mode 100644 oai/NavierStokes/AxisSourceRegularity.lean
 create mode 100644 oai/NavierStokes/AxisTailRegularity.lean
 create mode 100644 oai/NavierStokes/AxisWeightEstimates.lean
 create mode 100644 oai/NavierStokes/AxisymmetricFields.lean
 create mode 100644 oai/NavierStokes/AxisymmetricResidual.lean
 create mode 100644 oai/NavierStokes/AxisymmetricResidualGrouping.lean
 create mode 100644 oai/NavierStokes/BandReindexedSignedMeanGain.lean
 create mode 100644 oai/NavierStokes/BaseChartJets.lean
 create mode 100644 oai/NavierStokes/BaseContextAssembly.lean
 create mode 100644 oai/NavierStokes/BaseExterior.lean
 create mode 100644 oai/NavierStokes/BasePhaseGeometry.lean
 create mode 100644 oai/NavierStokes/BasePrefixIdentity.lean
 create mode 100644 oai/NavierStokes/BaseRadialJets.lean
 create mode 100644 oai/NavierStokes/BaseRankPatch.lean
 create mode 100644 oai/NavierStokes/BaseResidual.lean
 create mode 100644 oai/NavierStokes/BaseStressClasses.lean
 create mode 100644 oai/NavierStokes/BlowupImplication.lean
 create mode 100644 oai/NavierStokes/BorelExtension.lean
 create mode 100644 oai/NavierStokes/BoundaryAxisJets.lean
 create mode 100644 oai/NavierStokes/CandidateConsequences.lean
 create mode 100644 oai/NavierStokes/CandidateFromLimits.lean
 create mode 100644 oai/NavierStokes/CartesianCopySource.lean
 create mode 100644 oai/NavierStokes/CauchyRestriction.lean
 create mode 100644 oai/NavierStokes/ChartScales.lean
 create mode 100644 oai/NavierStokes/ClosedNativeWaveIdentities.lean
 create mode 100644 oai/NavierStokes/CommonBaseContext.lean
 create mode 100644 oai/NavierStokes/CommonCoverClass.lean
 create mode 100644 oai/NavierStokes/CommonCoverSolve.lean
 create mode 100644 oai/NavierStokes/CompactForceDecay.lean
 create mode 100644 oai/NavierStokes/CompactSmoothFamily.lean
 create mode 100644 oai/NavierStokes/CompactSpatialForceDecay.lean
 create mode 100644 oai/NavierStokes/ComparatorBridge.lean
 create mode 100644 oai/NavierStokes/ComparatorDefinitions.lean
 create mode 100644 oai/NavierStokes/ComparatorR3Bridge.lean
 create mode 100644 oai/NavierStokes/ComparatorR3Theorem.lean
 create mode 100644 oai/NavierStokes/ComparatorSolution.lean
 create mode 100644 oai/NavierStokes/ComparatorTheorem.lean
 create mode 100644 oai/NavierStokes/ConeAlgebra.lean
 create mode 100644 oai/NavierStokes/ConstructedSlowBase.lean
 create mode 100644 oai/NavierStokes/CoordinateAlgebra.lean
 create mode 100644 oai/NavierStokes/CopyAngularInvariance.lean
 create mode 100644 oai/NavierStokes/CopySolveCompatibility.lean
 create mode 100644 oai/NavierStokes/CorrectedPressureBounds.lean
 create mode 100644 oai/NavierStokes/CorrectedPulseAmplitude.lean
 create mode 100644 oai/NavierStokes/CorrectionAnalyticStep.lean
 create mode 100644 oai/NavierStokes/CorrectionInitialization.lean
 create mode 100644 oai/NavierStokes/CorrectionState.lean
 create mode 100644 oai/NavierStokes/CorrectionStep.lean
 create mode 100644 oai/NavierStokes/Covariance.lean
 create mode 100644 oai/NavierStokes/CrossBasedMeanComposition.lean
 create mode 100644 oai/NavierStokes/CurlClassBounds.lean
 create mode 100644 oai/NavierStokes/CurlGeometry.lean
 create mode 100644 oai/NavierStokes/CurrentModeGeometry.lean
 create mode 100644 oai/NavierStokes/CurrentParticularLabelBounds.lean
 create mode 100644 oai/NavierStokes/CurrentParticularPhysicalCoherence.lean
 create mode 100644 oai/NavierStokes/CurrentPhysicalChartJets.lean
 create mode 100644 oai/NavierStokes/CurrentPhysicalModeGerms.lean
 create mode 100644 oai/NavierStokes/CurrentSignedCurl.lean
 create mode 100644 oai/NavierStokes/CutStageEstimates.lean
 create mode 100644 oai/NavierStokes/CycleMeanEquation.lean
 create mode 100644 oai/NavierStokes/CyclePhysicalPrefixes.lean
 create mode 100644 oai/NavierStokes/CycleStateCoherence.lean
 create mode 100644 oai/NavierStokes/CylindricalResidual.lean
 create mode 100644 oai/NavierStokes/DefectIncrementBounds.lean
 create mode 100644 oai/NavierStokes/DependentSignedPhysicalFamily.lean
 create mode 100644 oai/NavierStokes/DiagonalJetBounds.lean
 create mode 100644 oai/NavierStokes/DiagonalResidual.lean
 create mode 100644 oai/NavierStokes/DiagonalScale.lean
 create mode 100644 oai/NavierStokes/DiophantineGraph.lean
 create mode 100644 oai/NavierStokes/DirectAngularDiagonal.lean
 create mode 100644 oai/NavierStokes/EdgeWeightJets.lean
 create mode 100644 oai/NavierStokes/EndpointCoordinates.lean
 create mode 100644 oai/NavierStokes/EndpointExtension.lean
 create mode 100644 oai/NavierStokes/EntranceAlignedBase.lean
 create mode 100644 oai/NavierStokes/ErrorHarmonics.lean
 create mode 100644 oai/NavierStokes/EvenSmoothDescent.lean
 create mode 100644 oai/NavierStokes/ExponentLedger.lean
 create mode 100644 oai/NavierStokes/ExtendedHeatDebts.lean
 create mode 100644 oai/NavierStokes/ExtendedHeatedOutgoing.lean
 create mode 100644 oai/NavierStokes/FinalSlowBase.lean
 create mode 100644 oai/NavierStokes/FiniteHeadClass.lean
 create mode 100644 oai/NavierStokes/FirstOrderBaseEdge.lean
 create mode 100644 oai/NavierStokes/FiveProfileMoments.lean
 create mode 100644 oai/NavierStokes/FiveRowRank.lean
 create mode 100644 oai/NavierStokes/FlatCovariance.lean
 create mode 100644 oai/NavierStokes/FlatCutoff.lean
 create mode 100644 oai/NavierStokes/FlatDyadicExtension.lean
 create mode 100644 oai/NavierStokes/FlatKernelBounds.lean
 create mode 100644 oai/NavierStokes/FlatPrimitive.lean
 create mode 100644 oai/NavierStokes/FlatPrimitiveFactor.lean
 create mode 100644 oai/NavierStokes/FlatZeroExtension.lean
 create mode 100644 oai/NavierStokes/Flatness.lean
 create mode 100644 oai/NavierStokes/FourierAlias.lean
 create mode 100644 oai/NavierStokes/FuturePressureBounds.lean
 create mode 100644 oai/NavierStokes/GaugeAliasDecay.lean
 create mode 100644 oai/NavierStokes/GaugeDebtIncrement.lean
 create mode 100644 oai/NavierStokes/GaugeExcludedBounds.lean
 create mode 100644 oai/NavierStokes/GaugeMassPreservation.lean
 create mode 100644 oai/NavierStokes/GaugeMomentBalances.lean
 create mode 100644 oai/NavierStokes/GaugeRadialResidualBounds.lean
 create mode 100644 oai/NavierStokes/GaugeStateCoherence.lean
 create mode 100644 oai/NavierStokes/GaussianEnvelope.lean
 create mode 100644 oai/NavierStokes/GaussianErrorNaturality.lean
 create mode 100644 oai/NavierStokes/GaussianTailFlat.lean
 create mode 100644 oai/NavierStokes/GenericEndpointExtension.lean
 create mode 100644 oai/NavierStokes/GermCandidateAssembly.lean
 create mode 100644 oai/NavierStokes/GermEndpointInputs.lean
 create mode 100644 oai/NavierStokes/GlobalBaseError.lean
 create mode 100644 oai/NavierStokes/GlobalSlowProfiles.lean
 create mode 100644 oai/NavierStokes/GlobalStressSupport.lean
 create mode 100644 oai/NavierStokes/GluedStageEstimates.lean
 create mode 100644 oai/NavierStokes/GraphCalculus.lean
 create mode 100644 oai/NavierStokes/GrowingMode.lean
 create mode 100644 oai/NavierStokes/HarmonicCalculus.lean
 create mode 100644 oai/NavierStokes/HarmonicCovariance.lean
 create mode 100644 oai/NavierStokes/HarmonicFields.lean
 create mode 100644 oai/NavierStokes/HarmonicMeanInteraction.lean
 create mode 100644 oai/NavierStokes/HarmonicResidual.lean
 create mode 100644 oai/NavierStokes/HarmonicSourceSupport.lean
 create mode 100644 oai/NavierStokes/HarmonicStructurePreservation.lean
 create mode 100644 oai/NavierStokes/HarmonicWaveInteraction.lean
 create mode 100644 oai/NavierStokes/HeatProfileExtension.lean
 create mode 100644 oai/NavierStokes/HeatSwitchCone.lean
 create mode 100644 oai/NavierStokes/HeatSwitchHistoryDerivatives.lean
 create mode 100644 oai/NavierStokes/HeatTailEdit.lean
 create mode 100644 oai/NavierStokes/HeatTailHistoryLimits.lean
 create mode 100644 oai/NavierStokes/HeatedOutgoing.lean
 create mode 100644 oai/NavierStokes/HolomorphicFamily.lean
 create mode 100644 oai/NavierStokes/InitialNativeRegularity.lean
 create mode 100644 oai/NavierStokes/InitialPhysicalData.lean
 create mode 100644 oai/NavierStokes/InitializedPhysicalBackground.lean
 create mode 100644 oai/NavierStokes/IntegratedMeanBalances.lean
 create mode 100644 oai/NavierStokes/IntervalCopyTransport.lean
 create mode 100644 oai/NavierStokes/JetBounds.lean
 create mode 100644 oai/NavierStokes/JointODE.lean
 create mode 100644 oai/NavierStokes/JointResidualLimits.lean
 create mode 100644 oai/NavierStokes/LabelSumBounds.lean
 create mode 100644 oai/NavierStokes/LabelSupportPreservation.lean
 create mode 100644 oai/NavierStokes/LeadingStress.lean
 create mode 100644 oai/NavierStokes/LeadingStressWeights.lean
 create mode 100644 oai/NavierStokes/LiftedMeanResidual.lean
 create mode 100644 oai/NavierStokes/LinearWaveBounds.lean
 create mode 100644 oai/NavierStokes/LinearWaveResidual.lean
 create mode 100644 oai/NavierStokes/LocalAngularDiagonal.lean
 create mode 100644 oai/NavierStokes/LocalAxisymmetricResidual.lean
 create mode 100644 oai/NavierStokes/LocalMeanPhysicalBounds.lean
 create mode 100644 oai/NavierStokes/LocalPhysicalCopyBounds.lean
 create mode 100644 oai/NavierStokes/LocalRankDefect.lean
 create mode 100644 oai/NavierStokes/LocalResidualGrouping.lean
 create mode 100644 oai/NavierStokes/LocalSignedRequest.lean
 create mode 100644 oai/NavierStokes/LocalizedCurlRealization.lean
 create mode 100644 oai/NavierStokes/LocalizedGaussianBounds.lean
 create mode 100644 oai/NavierStokes/LocalizedMeanInteraction.lean
 create mode 100644 oai/NavierStokes/LocalizedMomentRepair.lean
 create mode 100644 oai/NavierStokes/LocalizedWaveBounds.lean
 create mode 100644 oai/NavierStokes/LoopMoments.lean
 create mode 100644 oai/NavierStokes/LoopVariance.lean
 create mode 100644 oai/NavierStokes/MatchingConeBounds.lean
 create mode 100644 oai/NavierStokes/MatchingDebtBounds.lean
 create mode 100644 oai/NavierStokes/MaximalLifespan.lean
 create mode 100644 oai/NavierStokes/MeanBoundsReindex.lean
 create mode 100644 oai/NavierStokes/MeanChartCompatibility.lean
 create mode 100644 oai/NavierStokes/MeanIncrementBounds.lean
 create mode 100644 oai/NavierStokes/MeanMomentBounds.lean
 create mode 100644 oai/NavierStokes/MeanRankUpdate.lean
 create mode 100644 oai/NavierStokes/MeanResidual.lean
 create mode 100644 oai/NavierStokes/MeanStageRegularity.lean
 create mode 100644 oai/NavierStokes/MeanStateRegularity.lean
 create mode 100644 oai/NavierStokes/MixedAxisPreservation.lean
 create mode 100644 oai/NavierStokes/MixedCandidateAssembly.lean
 create mode 100644 oai/NavierStokes/MixedCandidateWitness.lean
 create mode 100644 oai/NavierStokes/MixedDiagonalExtensions.lean
 create mode 100644 oai/NavierStokes/MixedDiagonalResidual.lean
 create mode 100644 oai/NavierStokes/MixedDiagonalSchedule.lean
 create mode 100644 oai/NavierStokes/MixedFiniteBackground.lean
 create mode 100644 oai/NavierStokes/MixedPeriodicAssembly.lean
 create mode 100644 oai/NavierStokes/ModeSolenoidalReindex.lean
 create mode 100644 oai/NavierStokes/ModulatedCone.lean
 create mode 100644 oai/NavierStokes/ModulatedExterior.lean
 create mode 100644 oai/NavierStokes/ModulatedHistories.lean
 create mode 100644 oai/NavierStokes/ModulatedProfileAssembly.lean
 create mode 100644 oai/NavierStokes/ModulatedStockBounds.lean
 create mode 100644 oai/NavierStokes/MomentRepair.lean
 create mode 100644 oai/NavierStokes/MovingFrameODE.lean
 create mode 100644 oai/NavierStokes/MovingMomentBounds.lean
 create mode 100644 oai/NavierStokes/NativeBandExtension.lean
 create mode 100644 oai/NavierStokes/NativeCutoffJets.lean
 create mode 100644 oai/NavierStokes/NativePrincipalEquations.lean
 create mode 100644 oai/NavierStokes/NaturalAxisBridge.lean
 create mode 100644 oai/NavierStokes/NaturalAxisCoefficients.lean
 create mode 100644 oai/NavierStokes/NaturalAxisData.lean
 create mode 100644 oai/NavierStokes/NaturalCoefficientBridge.lean
 create mode 100644 oai/NavierStokes/NaturalCore.lean
 create mode 100644 oai/NavierStokes/NaturalEntrance.lean
 create mode 100644 oai/NavierStokes/NaturalProfile.lean
 create mode 100644 oai/NavierStokes/NilpotentVolterra.lean
 create mode 100644 oai/NavierStokes/NominalConeAssembly.lean
 create mode 100644 oai/NavierStokes/NominalProfile.lean
 create mode 100644 oai/NavierStokes/NormalScaling.lean
 create mode 100644 oai/NavierStokes/OffplaneCorrectionExtensions.lean
 create mode 100644 oai/NavierStokes/OffplaneJetExtensions.lean
 create mode 100644 oai/NavierStokes/OscillatoryCurl.lean
 create mode 100644 oai/NavierStokes/OutgoingCone.lean
 create mode 100644 oai/NavierStokes/OutgoingDilation.lean
 create mode 100644 oai/NavierStokes/OutgoingEntranceCone.lean
 create mode 100644 oai/NavierStokes/OutgoingHistories.lean
 create mode 100644 oai/NavierStokes/OutgoingProfile.lean
 create mode 100644 oai/NavierStokes/OutgoingPulseBounds.lean
 create mode 100644 oai/NavierStokes/OutgoingSchedule.lean
 create mode 100644 oai/NavierStokes/OutgoingTail.lean
 create mode 100644 oai/NavierStokes/ParametricEvenDescent.lean
 create mode 100644 oai/NavierStokes/ParametricFlatFactor.lean
 create mode 100644 oai/NavierStokes/ParametricHeatTail.lean
 create mode 100644 oai/NavierStokes/ParametricKernelBounds.lean
 create mode 100644 oai/NavierStokes/ParametricModulation.lean
 create mode 100644 oai/NavierStokes/ParametricODE.lean
 create mode 100644 oai/NavierStokes/ParametricRadialExtension.lean
 create mode 100644 oai/NavierStokes/ParametricRephase.lean
 create mode 100644 oai/NavierStokes/ParametricTerminalCompensation.lean
 create mode 100644 oai/NavierStokes/ParametricTorusInverse.lean
 create mode 100644 oai/NavierStokes/ParticularCopyBounds.lean
 create mode 100644 oai/NavierStokes/ParticularPaddedBackground.lean
 create mode 100644 oai/NavierStokes/ParticularWaveAssembly.lean
 create mode 100644 oai/NavierStokes/ParticularWaveBounds.lean
 create mode 100644 oai/NavierStokes/PartitionedCovariance.lean
 create mode 100644 oai/NavierStokes/PastExtension.lean
 create mode 100644 oai/NavierStokes/PeriodicIntegration.lean
 create mode 100644 oai/NavierStokes/PeriodicLocalization.lean
 create mode 100644 oai/NavierStokes/PeriodicPhaseAssembly.lean
 create mode 100644 oai/NavierStokes/PeriodicResidualLimits.lean
 create mode 100644 oai/NavierStokes/PeriodicSobolev.lean
 create mode 100644 oai/NavierStokes/PeriodicUniqueness.lean
 create mode 100644 oai/NavierStokes/PeriodizedWaveBounds.lean
 create mode 100644 oai/NavierStokes/PhaseCalculus.lean
 create mode 100644 oai/NavierStokes/PhaseEstimates.lean
 create mode 100644 oai/NavierStokes/PhaseJetBounds.lean
 create mode 100644 oai/NavierStokes/PhysicalClassBounds.lean
 create mode 100644 oai/NavierStokes/PhysicalCoordinateBounds.lean
 create mode 100644 oai/NavierStokes/PhysicalCopyBounds.lean
 create mode 100644 oai/NavierStokes/PhysicalCurlCovariance.lean
 create mode 100644 oai/NavierStokes/PhysicalGraphBounds.lean
 create mode 100644 oai/NavierStokes/PhysicalHeatCoordinates.lean
 create mode 100644 oai/NavierStokes/PhysicalMeanDomain.lean
 create mode 100644 oai/NavierStokes/PhysicalMeanJetBounds.lean
 create mode 100644 oai/NavierStokes/PhysicalParticularWave.lean
 create mode 100644 oai/NavierStokes/PhysicalResidualBridge.lean
 create mode 100644 oai/NavierStokes/PhysicalResidualJetBounds.lean
 create mode 100644 oai/NavierStokes/PhysicalResidualNaturality.lean
 create mode 100644 oai/NavierStokes/PhysicalResidualTZ.lean
 create mode 100644 oai/NavierStokes/PhysicalSignedWave.lean
 create mode 100644 oai/NavierStokes/PhysicalStageBounds.lean
 create mode 100644 oai/NavierStokes/PhysicalStageSupport.lean
 create mode 100644 oai/NavierStokes/PhysicalWaveSum.lean
 create mode 100644 oai/NavierStokes/PolarCharts.lean
 create mode 100644 oai/NavierStokes/PositiveAxisExistence.lean
 create mode 100644 oai/NavierStokes/PositiveAxisSystem.lean
 create mode 100644 oai/NavierStokes/PositiveOrderMoments.lean
 create mode 100644 oai/NavierStokes/PositiveRepresentatives.lean
 create mode 100644 oai/NavierStokes/PositiveTimeCopyFamily.lean
 create mode 100644 oai/NavierStokes/PositiveTimeSignedData.lean
 create mode 100644 oai/NavierStokes/PositiveTimeSignedLocalization.lean
 create mode 100644 oai/NavierStokes/PowerMomentMatrix.lean
 create mode 100644 oai/NavierStokes/PreparedOutgoing.lean
 create mode 100644 oai/NavierStokes/PressureDatum.lean
 create mode 100644 oai/NavierStokes/PressureStream.lean
 create mode 100644 oai/NavierStokes/PrimaryCopyBounds.lean
 create mode 100644 oai/NavierStokes/PrimaryCopyBridge.lean
 create mode 100644 oai/NavierStokes/PrimaryCovarianceBounds.lean
 create mode 100644 oai/NavierStokes/PrimaryFieldAssembly.lean
 create mode 100644 oai/NavierStokes/PrimaryGeometryAssembly.lean
 create mode 100644 oai/NavierStokes/PrimaryMaterialDefect.lean
 create mode 100644 oai/NavierStokes/PrimaryODE.lean
 create mode 100644 oai/NavierStokes/PrimaryPulseBounds.lean
 create mode 100644 oai/NavierStokes/PrimaryRepresentatives.lean
 create mode 100644 oai/NavierStokes/PrimaryResidualClass.lean
 create mode 100644 oai/NavierStokes/PrimaryTargetBounds.lean
 create mode 100644 oai/NavierStokes/ProblemStatement.lean
 create mode 100644 oai/NavierStokes/ProfileHistories.lean
 create mode 100644 oai/NavierStokes/ProfileSpectralCone.lean
 create mode 100644 oai/NavierStokes/PulseAmplitude.lean
 create mode 100644 oai/NavierStokes/PulseCone.lean
 create mode 100644 oai/NavierStokes/PulseCovariance.lean
 create mode 100644 oai/NavierStokes/PulseEnergyHistory.lean
 create mode 100644 oai/NavierStokes/PulseGrowth.lean
 create mode 100644 oai/NavierStokes/PulseLag.lean
 create mode 100644 oai/NavierStokes/R3/ActualPressureFlux.lean
 create mode 100644 oai/NavierStokes/R3/CompactComparisonBounds.lean
 create mode 100644 oai/NavierStokes/R3/CompactEnergy.lean
 create mode 100644 oai/NavierStokes/R3/CompactForceBound.lean
 create mode 100644 oai/NavierStokes/R3/CompactSchwartz.lean
 create mode 100644 oai/NavierStokes/R3/CompactTimeIntegral.lean
 create mode 100644 oai/NavierStokes/R3/ComparisonCutoffs.lean
 create mode 100644 oai/NavierStokes/R3/ComparisonFiniteEnergy.lean
 create mode 100644 oai/NavierStokes/R3/ComparisonFourierSetup.lean
 create mode 100644 oai/NavierStokes/R3/ComparisonGronwall.lean
 create mode 100644 oai/NavierStokes/R3/ComparisonRateBound.lean
 create mode 100644 oai/NavierStokes/R3/ComparisonSetup.lean
 create mode 100644 oai/NavierStokes/R3/ComparisonTimeAverages.lean
 create mode 100644 oai/NavierStokes/R3/ComparisonYoung.lean
 create mode 100644 oai/NavierStokes/R3/ConservativeDifference.lean
 create mode 100644 oai/NavierStokes/R3/FourierConvolution.lean
 create mode 100644 oai/NavierStokes/R3/FourierSobolevWeights.lean
 create mode 100644 oai/NavierStokes/R3/FourierTestDerivatives.lean
 create mode 100644 oai/NavierStokes/R3/GaussianMoments.lean
 create mode 100644 oai/NavierStokes/R3/GradientOperator.lean
 create mode 100644 oai/NavierStokes/R3/HarmonicTestFunctionals.lean
 create mode 100644 oai/NavierStokes/R3/HeatKernel.lean
 create mode 100644 oai/NavierStokes/R3/HeatKernelCancellation.lean
 create mode 100644 oai/NavierStokes/R3/HeatKernelCommutator.lean
 create mode 100644 oai/NavierStokes/R3/HeatKernelFourier.lean
 create mode 100644 oai/NavierStokes/R3/HeatKernelFubini.lean
 create mode 100644 oai/NavierStokes/R3/HeatKernelPairedBound.lean
 create mode 100644 oai/NavierStokes/R3/HeatKernelTimeBound.lean
 create mode 100644 oai/NavierStokes/R3/HilbertFunctionalExtension.lean
 create mode 100644 oai/NavierStokes/R3/LocalizedDifferenceEnergy.lean
 create mode 100644 oai/NavierStokes/R3/LocalizedFluxEstimates.lean
 create mode 100644 oai/NavierStokes/R3/LocalizedLaplacian.lean
 create mode 100644 oai/NavierStokes/R3/LocalizedTensorBounds.lean
 create mode 100644 oai/NavierStokes/R3/LocalizedTransport.lean
 create mode 100644 oai/NavierStokes/R3/LpNormTools.lean
 create mode 100644 oai/NavierStokes/R3/PairedKernelBound.lean
 create mode 100644 oai/NavierStokes/R3/PressureFlux.lean
 create mode 100644 oai/NavierStokes/R3/PressureFluxIdentity.lean
 create mode 100644 oai/NavierStokes/R3/PressureFluxTest.lean
 create mode 100644 oai/NavierStokes/R3/PressureFunctionals.lean
 create mode 100644 oai/NavierStokes/R3/PressureRecovery.lean
 create mode 100644 oai/NavierStokes/R3/PressureRecoveryHelpers.lean
 create mode 100644 oai/NavierStokes/R3/PressureTemporalIdentity.lean
 create mode 100644 oai/NavierStokes/R3/PressureTestBounds.lean
 create mode 100644 oai/NavierStokes/R3/ProblemStatement.lean
 create mode 100644 oai/NavierStokes/R3/RadialKernelBounds.lean
 create mode 100644 oai/NavierStokes/R3/RieszHeatRepresentation.lean
 create mode 100644 oai/NavierStokes/R3/RieszL2Bounds.lean
 create mode 100644 oai/NavierStokes/R3/RieszLinearityDecay.lean
 create mode 100644 oai/NavierStokes/R3/RieszPairing.lean
 create mode 100644 oai/NavierStokes/R3/RieszSymbolRegularity.lean
 create mode 100644 oai/NavierStokes/R3/RieszTestOperators.lean
 create mode 100644 oai/NavierStokes/R3/ScalarEnergyBound.lean
 create mode 100644 oai/NavierStokes/R3/SchwartzCompactApproximation.lean
 create mode 100644 oai/NavierStokes/R3/SchwartzParseval.lean
 create mode 100644 oai/NavierStokes/R3/SmoothSobolevL6.lean
 create mode 100644 oai/NavierStokes/R3/TemporalTestUniqueness.lean
 create mode 100644 oai/NavierStokes/R3/WeakFourierUniqueness.lean
 create mode 100644 oai/NavierStokes/R3/WeakTimeContinuity.lean
 create mode 100644 oai/NavierStokes/R3/WeightedInterpolation.lean
 create mode 100644 oai/NavierStokes/R3/WeightedSobolev.lean
 create mode 100644 oai/NavierStokes/R3/WholeSpaceComparisonClosure.lean
 create mode 100644 oai/NavierStokes/R3/WholeSpaceEnergyLimit.lean
 create mode 100644 oai/NavierStokes/R3/WholeSpaceUniqueness.lean
 create mode 100644 oai/NavierStokes/R3ActualCandidate.lean
 create mode 100644 oai/NavierStokes/R3CompactCandidate.lean
 create mode 100644 oai/NavierStokes/R3FiniteEnergyComparison.lean
 create mode 100644 oai/NavierStokes/RadialAlias.lean
 create mode 100644 oai/NavierStokes/RadialFluxResidual.lean
 create mode 100644 oai/NavierStokes/RadialHeatProfile.lean
 create mode 100644 oai/NavierStokes/RadialModulation.lean
 create mode 100644 oai/NavierStokes/RadialPullback.lean
 create mode 100644 oai/NavierStokes/RadialSchedule.lean
 create mode 100644 oai/NavierStokes/RankStateBounds.lean
 create mode 100644 oai/NavierStokes/RankStateCoherence.lean
 create mode 100644 oai/NavierStokes/ReferenceBounds.lean
 create mode 100644 oai/NavierStokes/ReferenceJetBounds.lean
 create mode 100644 oai/NavierStokes/ReferencePath.lean
 create mode 100644 oai/NavierStokes/ReleaseMoments.lean
 create mode 100644 oai/NavierStokes/RenormalizedHeatMoment.lean
 create mode 100644 oai/NavierStokes/RepairConeBounds.lean
 create mode 100644 oai/NavierStokes/ReservedPatches.lean
 create mode 100644 oai/NavierStokes/ResetEnergyBounds.lean
 create mode 100644 oai/NavierStokes/ResidualCalculus.lean
 create mode 100644 oai/NavierStokes/ResidualPolarGraph.lean
 create mode 100644 oai/NavierStokes/ResidualRegularity.lean
 create mode 100644 oai/NavierStokes/ResidualStability.lean
 create mode 100644 oai/NavierStokes/ScalarParticularSupport.lean
 create mode 100644 oai/NavierStokes/ScaledActualParticularControl.lean
 create mode 100644 oai/NavierStokes/ScaledParticularFrameJets.lean
 create mode 100644 oai/NavierStokes/ScaledTangentTransport.lean
 create mode 100644 oai/NavierStokes/Scaling.lean
 create mode 100644 oai/NavierStokes/SchedulePressure.lean
 create mode 100644 oai/NavierStokes/ScheduledProfileChoice.lean
 create mode 100644 oai/NavierStokes/ShapeTransition.lean
 create mode 100644 oai/NavierStokes/ShapedWaitBounds.lean
 create mode 100644 oai/NavierStokes/SignedCopyBounds.lean
 create mode 100644 oai/NavierStokes/SignedCovariance.lean
 create mode 100644 oai/NavierStokes/SignedCrossDefectClass.lean
 create mode 100644 oai/NavierStokes/SignedMeanGain.lean
 create mode 100644 oai/NavierStokes/SignedPhysicalSumCalculus.lean
 create mode 100644 oai/NavierStokes/SignedStressPrimitive.lean
 create mode 100644 oai/NavierStokes/SignedWaveUpdate.lean
 create mode 100644 oai/NavierStokes/SimilarityApproach.lean
 create mode 100644 oai/NavierStokes/SimilarityCoordinates.lean
 create mode 100644 oai/NavierStokes/SimilarityHomogeneity.lean
 create mode 100644 oai/NavierStokes/SimilarityProfile.lean
 create mode 100644 oai/NavierStokes/SlotColoring.lean
 create mode 100644 oai/NavierStokes/SlotGeometry.lean
 create mode 100644 oai/NavierStokes/SlowBaseEndpoint.lean
 create mode 100644 oai/NavierStokes/SlowBorelBase.lean
 create mode 100644 oai/NavierStokes/SlowDivergence.lean
 create mode 100644 oai/NavierStokes/SlowExpansionResidual.lean
 create mode 100644 oai/NavierStokes/SlowFirstOrderEdge.lean
 create mode 100644 oai/NavierStokes/SlowRecursion.lean
 create mode 100644 oai/NavierStokes/SlowResidualMatching.lean
 create mode 100644 oai/NavierStokes/SlowStressSupport.lean
 create mode 100644 oai/NavierStokes/SmoothCovariance.lean
 create mode 100644 oai/NavierStokes/SmoothCutoffs.lean
 create mode 100644 oai/NavierStokes/SmoothFamilyTorusInverse.lean
 create mode 100644 oai/NavierStokes/SmoothFourierData.lean
 create mode 100644 oai/NavierStokes/SmoothLoop.lean
 create mode 100644 oai/NavierStokes/SmoothMomentRepair.lean
 create mode 100644 oai/NavierStokes/SmoothParameterIntegral.lean
 create mode 100644 oai/NavierStokes/SmoothPathFamily.lean
 create mode 100644 oai/NavierStokes/SolenoidalDiagonal.lean
 create mode 100644 oai/NavierStokes/SpacetimeEndpoint.lean
 create mode 100644 oai/NavierStokes/SpacetimeGluing.lean
 create mode 100644 oai/NavierStokes/SpatialBorelExtension.lean
 create mode 100644 oai/NavierStokes/SpatialCurl.lean
 create mode 100644 oai/NavierStokes/SpatialLocalization.lean
 create mode 100644 oai/NavierStokes/SquaredPartition.lean
 create mode 100644 oai/NavierStokes/StateMomentBalances.lean
 create mode 100644 oai/NavierStokes/StateReindex.lean
 create mode 100644 oai/NavierStokes/StressActivation.lean
 create mode 100644 oai/NavierStokes/StressAlgebra.lean
 create mode 100644 oai/NavierStokes/SubcoverPeriodicity.lean
 create mode 100644 oai/NavierStokes/TailCone.lean
 create mode 100644 oai/NavierStokes/TailEnergyBounds.lean
 create mode 100644 oai/NavierStokes/TailGaugePotential.lean
 create mode 100644 oai/NavierStokes/TangentODE.lean
 create mode 100644 oai/NavierStokes/TangentProjection.lean
 create mode 100644 oai/NavierStokes/TemporalMeanUpdate.lean
 create mode 100644 oai/NavierStokes/TemporalStateCoherence.lean
 create mode 100644 oai/NavierStokes/TerminalCompensation.lean
 create mode 100644 oai/NavierStokes/TerminalCone.lean
 create mode 100644 oai/NavierStokes/TerminalEdgeFactor.lean
 create mode 100644 oai/NavierStokes/TerminalHistoryBridge.lean
 create mode 100644 oai/NavierStokes/TerminalPressure.lean
 create mode 100644 oai/NavierStokes/TerminalStress.lean
 create mode 100644 oai/NavierStokes/TimeLocalization.lean
 create mode 100644 oai/NavierStokes/TorusAverages.lean
 create mode 100644 oai/NavierStokes/TorusInverse.lean
 create mode 100644 oai/NavierStokes/TorusMeanRequestRebase.lean
 create mode 100644 oai/NavierStokes/TransitionRamp.lean
 create mode 100644 oai/NavierStokes/TransportPrimitive.lean
 create mode 100644 oai/NavierStokes/TrueConeLoop.lean
 create mode 100644 oai/NavierStokes/UniformAngularReset.lean
 create mode 100644 oai/NavierStokes/UniformBlockBounds.lean
 create mode 100644 oai/NavierStokes/UniformCone.lean
 create mode 100644 oai/NavierStokes/UniformFourierAlias.lean
 create mode 100644 oai/NavierStokes/UniformHarmonicInteraction.lean
 create mode 100644 oai/NavierStokes/UniformPrimaryWeights.lean
 create mode 100644 oai/NavierStokes/ValidBandGluing.lean
 create mode 100644 oai/NavierStokes/ValidDyadicBandCover.lean
 create mode 100644 oai/NavierStokes/VariableGaugeMean.lean
 create mode 100644 oai/NavierStokes/ViscousPropagator.lean
 create mode 100644 oai/NavierStokes/VolterraAnalyticBounds.lean
 create mode 100644 oai/NavierStokes/VolterraParity.lean
 create mode 100644 oai/NavierStokes/VolterraRegularity.lean
 create mode 100644 oai/NavierStokes/WaveEdgeExtension.lean
 create mode 100644 oai/NavierStokes/WaveEnvelopeTransport.lean
 create mode 100644 oai/NavierStokes/WaveInteractionBounds.lean
 create mode 100644 oai/NavierStokes/WaveStateRegularity.lean
 create mode 100644 oai/NavierStokes/WeightedClasses.lean
 create mode 100644 oai/NavierStokes/WeightedODEJets.lean
 create mode 100644 oai/NavierStokes/WeightedQuotients.lean
 create mode 100644 oai/NavierStokes/WeightedRadialPrimitive.lean
 create mode 100644 oai/NavierStokes/ZerothStressIdentity.lean
 create mode 100644 oai/lake-manifest.json
 create mode 100644 oai/lakefile.toml
 create mode 100644 oai/lean-toolchain
 create mode 100755 scripts/benchmark.py
 create mode 100644 scripts/requirements.txt
 create mode 100755 scripts/setup.sh
 create mode 100644 upstream/leanpool/LICENSE
 create mode 100644 upstream/leanpool/lake-manifest.json
 create mode 100644 upstream/leanpool/lakefile.toml
 create mode 100644 upstream/leanpool/lean-toolchain
 create mode 100644 upstream/leanpool/modules.json
 create mode 100644 upstream/oai/LICENSE
 create mode 100644 upstream/oai/lake-manifest.json
 create mode 100644 upstream/oai/lakefile.toml
 create mode 100644 upstream/oai/lean-toolchain
 create mode 100644 upstream/oai/modules.json
 create mode 100644 upstream/provenance.json
