leanpool: 1/422 LeanPool.NavierStokesAndEuler.Euler.Foundations.SchwartzDerivatives: exit 0, 2.6s
leanpool: 2/422 LeanPool.NavierStokesAndEuler.Euler.Foundations.SchwartzFourier: exit 0, 2.8s
leanpool: 3/422 LeanPool.NavierStokesAndEuler.Euler.Foundations.CoerciveProjection: exit 0, 3.7s
leanpool: 4/422 LeanPool.NavierStokesAndEuler.Euler.Foundations.LiftedGradientSpace: exit 0, 4.3s
leanpool: 5/422 LeanPool.NavierStokesAndEuler.Euler.GaussianKernels: exit 0, 2.1s
leanpool: 6/422 LeanPool.NavierStokesAndEuler.Euler.Foundations.SobolevDefinitions: exit 0, 2.3s
leanpool: 7/422 LeanPool.NavierStokesAndEuler.Euler.Foundations.LiftedPressure: exit 0, 3.0s
leanpool: 8/422 LeanPool.NavierStokesAndEuler.Euler.Foundations.InverseRegularity: exit 0, 3.7s
leanpool: 9/422 LeanPool.NavierStokesAndEuler.Euler.Foundations.CylinderCoordinates: exit 0, 3.1s
leanpool: 10/422 LeanPool.NavierStokesAndEuler.ForMathlib.FiniteDimensionalBumps: exit 0, 2.1s
leanpool: 11/422 LeanPool.NavierStokesAndEuler.ForMathlib.Gronwall: exit 0, 2.1s
leanpool: 12/422 LeanPool.NavierStokesAndEuler.Euler.Foundations.MetricTransport: exit 0, 4.7s
leanpool: 13/422 LeanPool.NavierStokesAndEuler.ForMathlib.SmoothnessOrder: exit 0, 0.7s
leanpool: 14/422 LeanPool.NavierStokesAndEuler.ForMathlib.SmoothCutoff: exit 0, 2.7s
leanpool: 15/422 LeanPool.NavierStokesAndEuler.ForMathlib.StronglyMeasurable: exit 0, 1.5s
leanpool: 16/422 LeanPool.NavierStokesAndEuler.Euler.Foundations.TransportDerivatives: exit 0, 2.8s
leanpool: 17/422 LeanPool.NavierStokesAndEuler.ForMathlib.SobolevThreeDimensional: exit 0, 3.8s
leanpool: 18/422 LeanPool.NavierStokesAndEuler.ForMathlib.WeightedDecay: exit 0, 1.4s
leanpool: 19/422 LeanPool.NavierStokesAndEuler.Euler.Foundations.NoncompactTransport: exit 0, 5.7s
leanpool: 20/422 LeanPool.NavierStokesAndEuler.NavierStokes.BlowupImplication: exit 0, 2.0s
leanpool: 21/422 LeanPool.NavierStokesAndEuler.Euler.Foundations.PressureSpatialRegularity: exit 0, 7.3s
leanpool: 22/422 LeanPool.NavierStokesAndEuler.NavierStokes.CauchyRestriction: exit 0, 3.5s
leanpool: 23/422 LeanPool.NavierStokesAndEuler.NavierStokes.AxisCoefficientSpace: exit 0, 4.8s
leanpool: 24/422 LeanPool.NavierStokesAndEuler.Euler.ClosedTranslationGraph: exit 0, 2.8s
leanpool: 25/422 LeanPool.NavierStokesAndEuler.NavierStokes.CompactSmoothFamily: exit 0, 3.7s
leanpool: 26/422 LeanPool.NavierStokesAndEuler.NavierStokes.ComparatorDefinitions: exit 0, 2.9s
leanpool: 27/422 LeanPool.NavierStokesAndEuler.Euler.Foundations.LiftedWeakDerivative: exit 0, 5.7s
leanpool: 28/422 LeanPool.NavierStokesAndEuler.NavierStokes.AxisEvaluation: exit 0, 4.6s
leanpool: 29/422 LeanPool.NavierStokesAndEuler.NavierStokes.ConeAlgebra: exit 0, 2.9s
leanpool: 30/422 LeanPool.NavierStokesAndEuler.NavierStokes.CoordinateAlgebra: exit 0, 2.4s
leanpool: 31/422 LeanPool.NavierStokesAndEuler.NavierStokes.DiagonalScale: exit 0, 2.1s
leanpool: 32/422 LeanPool.NavierStokesAndEuler.Euler.Foundations.SpatialSobolevInverse: exit 0, 9.6s
leanpool: 33/422 LeanPool.NavierStokesAndEuler.NavierStokes.ExponentLedger: exit 0, 2.6s
leanpool: 34/422 LeanPool.NavierStokesAndEuler.NavierStokes.FlatCutoff: exit 0, 2.3s
leanpool: 35/422 LeanPool.NavierStokesAndEuler.NavierStokes.FlatKernelBounds: exit 0, 3.0s
leanpool: 36/422 LeanPool.NavierStokesAndEuler.Euler.Foundations.PressureJetIdentities: exit 0, 3.3s
leanpool: 37/422 LeanPool.NavierStokesAndEuler.NavierStokes.FlatPrimitive: exit 0, 3.3s
leanpool: 38/422 LeanPool.NavierStokesAndEuler.NavierStokes.GaussianEnvelope: exit 0, 3.9s
leanpool: 39/422 LeanPool.NavierStokesAndEuler.NavierStokes.HolomorphicFamily: exit 0, 4.1s
leanpool: 40/422 LeanPool.NavierStokesAndEuler.NavierStokes.JetBounds: exit 0, 3.1s
leanpool: 41/422 LeanPool.NavierStokesAndEuler.NavierStokes.MomentRepair: exit 0, 2.7s
leanpool: 42/422 LeanPool.NavierStokesAndEuler.Euler.Foundations.CylinderMollifier: exit 0, 5.1s
leanpool: 43/422 LeanPool.NavierStokesAndEuler.NavierStokes.ParametricKernelBounds: exit 0, 3.2s
leanpool: 44/422 LeanPool.NavierStokesAndEuler.NavierStokes.PhaseCalculus: exit 0, 3.5s
leanpool: 45/422 LeanPool.NavierStokesAndEuler.NavierStokes.ProblemStatement: exit 0, 2.2s
leanpool: 46/422 LeanPool.NavierStokesAndEuler.Euler.GaussianHeatDerivative: exit 0, 4.7s
leanpool: 47/422 LeanPool.NavierStokesAndEuler.NavierStokes.CompactForceDecay: exit 0, 2.8s
leanpool: 48/422 LeanPool.NavierStokesAndEuler.NavierStokes.HarmonicCalculus: exit 0, 5.6s
leanpool: 49/422 LeanPool.NavierStokesAndEuler.NavierStokes.R3.ProblemStatement: exit 0, 2.6s
leanpool: 50/422 LeanPool.NavierStokesAndEuler.NavierStokes.R3.CompactSchwartz: exit 0, 2.3s
leanpool: 51/422 LeanPool.NavierStokesAndEuler.NavierStokes.ResidualCalculus: exit 0, 3.0s
leanpool: 52/422 LeanPool.NavierStokesAndEuler.NavierStokes.RadialHeatProfile: exit 0, 5.1s
leanpool: 53/422 LeanPool.NavierStokesAndEuler.NavierStokes.R3.ComparisonFourierSetup: exit 0, 2.2s
leanpool: 54/422 LeanPool.NavierStokesAndEuler.NavierStokes.R3.CompactTimeIntegral: exit 0, 3.1s
leanpool: 55/422 LeanPool.NavierStokesAndEuler.NavierStokes.ResidualRegularity: exit 0, 2.9s
leanpool: 56/422 LeanPool.NavierStokesAndEuler.NavierStokes.NaturalAxisBridge: exit 0, 18.9s
leanpool: 57/422 LeanPool.NavierStokesAndEuler.NavierStokes.R3.RieszSymbolRegularity: exit 0, 2.9s
leanpool: 58/422 LeanPool.NavierStokesAndEuler.NavierStokes.R3.SchwartzParseval: exit 0, 3.1s
leanpool: 59/422 LeanPool.NavierStokesAndEuler.NavierStokes.R3.FourierSobolevWeights: exit 0, 4.9s
leanpool: 60/422 LeanPool.NavierStokesAndEuler.NavierStokes.R3.RieszLinearityDecay: exit 0, 2.7s
leanpool: 61/422 LeanPool.NavierStokesAndEuler.NavierStokes.Scaling: exit 0, 2.3s
leanpool: 62/422 LeanPool.NavierStokesAndEuler.NavierStokes.R3.RieszPairing: exit 0, 3.2s
leanpool: 63/422 LeanPool.NavierStokesAndEuler.NavierStokes.AxisReference: exit 0, 6.3s
leanpool: 64/422 LeanPool.NavierStokesAndEuler.NavierStokes.SimilarityCoordinates: exit 0, 4.0s
leanpool: 65/422 LeanPool.NavierStokesAndEuler.NavierStokes.SlotGeometry: exit 0, 3.0s
leanpool: 66/422 LeanPool.NavierStokesAndEuler.NavierStokes.SmoothCutoffs: exit 0, 3.0s
leanpool: 67/422 LeanPool.NavierStokesAndEuler.NavierStokes.BorelExtension: exit 0, 3.2s
leanpool: 68/422 LeanPool.NavierStokesAndEuler.NavierStokes.ChartScales: exit 0, 4.1s
leanpool: 69/422 LeanPool.NavierStokesAndEuler.NavierStokes.PhysicalCoordinateBounds: exit 0, 5.1s
leanpool: 70/422 LeanPool.NavierStokesAndEuler.NavierStokes.HeatProfileExtension: exit 0, 3.2s
leanpool: 71/422 LeanPool.NavierStokesAndEuler.NavierStokes.LocalizedMomentRepair: exit 0, 3.5s
leanpool: 72/422 LeanPool.NavierStokesAndEuler.NavierStokes.SimilarityProfile: exit 0, 4.4s
leanpool: 73/422 LeanPool.NavierStokesAndEuler.NavierStokes.NaturalProfile: exit 0, 10.9s
leanpool: 74/422 LeanPool.NavierStokesAndEuler.NavierStokes.FiveRowRank: exit 0, 3.8s
leanpool: 75/422 LeanPool.NavierStokesAndEuler.NavierStokes.SmoothFourierData: exit 0, 7.0s
leanpool: 76/422 LeanPool.NavierStokesAndEuler.NavierStokes.OutgoingSchedule: exit 0, 5.3s
leanpool: 77/422 LeanPool.NavierStokesAndEuler.NavierStokes.SimilarityHomogeneity: exit 0, 3.0s
leanpool: 78/422 LeanPool.NavierStokesAndEuler.NavierStokes.SmoothLoop: exit 0, 4.5s
leanpool: 79/422 LeanPool.NavierStokesAndEuler.NavierStokes.NaturalEntrance: exit 0, 10.7s
leanpool: 80/422 LeanPool.NavierStokesAndEuler.NavierStokes.OutgoingTail: exit 0, 6.2s
leanpool: 81/422 LeanPool.NavierStokesAndEuler.NavierStokes.SmoothMomentRepair: exit 0, 7.0s
leanpool: 82/422 LeanPool.NavierStokesAndEuler.NavierStokes.Solution: exit 0, 2.2s
leanpool: 83/422 LeanPool.NavierStokesAndEuler.NavierStokes.SmoothParameterIntegral: exit 0, 4.6s
leanpool: 84/422 LeanPool.NavierStokesAndEuler.NavierStokes.HeatTailEdit: exit 0, 4.3s
leanpool: 85/422 LeanPool.NavierStokesAndEuler.NavierStokes.SolutionDifference: exit 0, 3.6s
leanpool: 86/422 LeanPool.NavierStokesAndEuler.NavierStokes.ComparatorBridge: exit 0, 3.8s
leanpool: 87/422 LeanPool.NavierStokesAndEuler.NavierStokes.EvenSmoothDescent: exit 0, 3.7s
leanpool: 88/422 LeanPool.NavierStokesAndEuler.NavierStokes.FlatPrimitiveFactor: exit 0, 3.3s
leanpool: 89/422 LeanPool.NavierStokesAndEuler.NavierStokes.ParametricRephase: exit 0, 3.4s
leanpool: 90/422 LeanPool.NavierStokesAndEuler.NavierStokes.PeriodicIntegration: exit 0, 3.4s
leanpool: 91/422 LeanPool.NavierStokesAndEuler.NavierStokes.ParametricHeatTail: exit 0, 5.7s
leanpool: 92/422 LeanPool.NavierStokesAndEuler.NavierStokes.ParametricFlatFactor: exit 0, 3.6s
leanpool: 93/422 LeanPool.NavierStokesAndEuler.NavierStokes.ParametricEvenDescent: exit 0, 4.0s
leanpool: 94/422 LeanPool.NavierStokesAndEuler.NavierStokes.PeriodicUniqueness: exit 0, 4.0s
leanpool: 95/422 LeanPool.NavierStokesAndEuler.NavierStokes.R3.CompactEnergy: exit 0, 4.2s
leanpool: 96/422 LeanPool.NavierStokesAndEuler.NavierStokes.R3.ComparisonSetup: exit 0, 2.3s
leanpool: 97/422 LeanPool.NavierStokesAndEuler.NavierStokes.R3.ComparisonCutoffs: exit 0, 3.1s
leanpool: 98/422 LeanPool.NavierStokesAndEuler.NavierStokes.ProfileHistories: exit 0, 5.9s
leanpool: 99/422 LeanPool.NavierStokesAndEuler.NavierStokes.R3.FourierTestDerivatives: exit 0, 3.6s
leanpool: 100/422 LeanPool.NavierStokesAndEuler.NavierStokes.R3.GradientOperator: exit 0, 2.3s
leanpool: 101/422 LeanPool.NavierStokesAndEuler.NavierStokes.R3.ConservativeDifference: exit 0, 4.3s
leanpool: 102/422 LeanPool.NavierStokesAndEuler.NavierStokes.R3.LpNormTools: exit 0, 2.6s
leanpool: 103/422 LeanPool.NavierStokesAndEuler.NavierStokes.R3.HeatKernelCancellation: exit 0, 4.0s
leanpool: 104/422 LeanPool.NavierStokesAndEuler.NavierStokes.R3.PairedKernelBound: exit 0, 3.5s
leanpool: 105/422 LeanPool.NavierStokesAndEuler.NavierStokes.R3.RadialKernelBounds: exit 0, 3.3s
leanpool: 106/422 LeanPool.NavierStokesAndEuler.NavierStokes.R3.SchwartzCompactApproximation: exit 0, 3.4s
leanpool: 107/422 LeanPool.NavierStokesAndEuler.NavierStokes.R3.SmoothSobolevL6: exit 0, 2.6s
leanpool: 108/422 LeanPool.NavierStokesAndEuler.NavierStokes.R3.PressureFunctionals: exit 0, 6.7s
leanpool: 109/422 LeanPool.NavierStokesAndEuler.NavierStokes.R3.HeatKernelPairedBound: exit 0, 3.5s
leanpool: 110/422 LeanPool.NavierStokesAndEuler.NavierStokes.R3.HarmonicTestFunctionals: exit 0, 3.7s
leanpool: 111/422 LeanPool.NavierStokesAndEuler.NavierStokes.R3.WeightedSobolev: exit 0, 3.6s
leanpool: 112/422 LeanPool.NavierStokesAndEuler.NavierStokes.R3.WeightedInterpolation: exit 0, 4.8s
leanpool: 113/422 LeanPool.NavierStokesAndEuler.NavierStokes.R3.RieszTestOperators: exit 0, 7.5s
leanpool: 114/422 LeanPool.NavierStokesAndEuler.NavierStokes.ReferencePath: exit 0, 5.0s
leanpool: 115/422 LeanPool.NavierStokesAndEuler.NavierStokes.SlowDivergence: exit 0, 3.3s
leanpool: 116/422 LeanPool.NavierStokesAndEuler.NavierStokes.R3.HeatKernelCommutator: exit 0, 6.1s
leanpool: 117/422 LeanPool.NavierStokesAndEuler.NavierStokes.ReferenceJetBounds: exit 0, 5.2s
leanpool: 118/422 LeanPool.NavierStokesAndEuler.NavierStokes.ShapeTransition: exit 0, 7.8s
leanpool: 119/422 LeanPool.NavierStokesAndEuler.NavierStokes.SpacetimeEndpoint: exit 0, 7.7s
leanpool: 120/422 LeanPool.NavierStokesAndEuler.NavierStokes.SpatialCurl: exit 0, 4.2s
leanpool: 121/422 LeanPool.NavierStokesAndEuler.NavierStokes.SpatialBorelExtension: exit 0, 4.9s
leanpool: 122/422 LeanPool.NavierStokesAndEuler.NavierStokes.JointResidualLimits: exit 0, 4.4s
leanpool: 123/422 LeanPool.NavierStokesAndEuler.NavierStokes.AxisymmetricFields: exit 0, 4.1s
leanpool: 124/422 LeanPool.NavierStokesAndEuler.NavierStokes.SolenoidalDiagonal: exit 0, 2.9s
leanpool: 125/422 LeanPool.NavierStokesAndEuler.NavierStokes.AxisymmetricResidual: exit 0, 5.3s
leanpool: 126/422 LeanPool.NavierStokesAndEuler.NavierStokes.DiagonalJetBounds: exit 0, 2.8s
leanpool: 127/422 LeanPool.NavierStokesAndEuler.NavierStokes.ResidualStability: exit 0, 11.3s
leanpool: 128/422 LeanPool.NavierStokesAndEuler.NavierStokes.R3.PressureFlux: exit 0, 16.5s
leanpool: 129/422 LeanPool.NavierStokesAndEuler.NavierStokes.LocalAxisymmetricResidual: exit 0, 4.8s
leanpool: 130/422 LeanPool.NavierStokesAndEuler.NavierStokes.NaturalCore: exit 0, 4.4s
leanpool: 131/422 LeanPool.NavierStokesAndEuler.NavierStokes.DiagonalResidual: exit 0, 4.8s
leanpool: 132/422 LeanPool.NavierStokesAndEuler.NavierStokes.SimilarityApproach: exit 0, 2.4s
leanpool: 133/422 LeanPool.NavierStokesAndEuler.NavierStokes.CylindricalResidual: exit 0, 12.3s
leanpool: 134/422 LeanPool.NavierStokesAndEuler.NavierStokes.SlowExpansionResidual: exit 0, 5.9s
leanpool: 135/422 LeanPool.NavierStokesAndEuler.NavierStokes.SpacetimeGluing: exit 0, 4.1s
leanpool: 136/422 LeanPool.NavierStokesAndEuler.NavierStokes.R3.WholeSpaceUniqueness: exit 0, 9.0s
leanpool: 137/422 LeanPool.NavierStokesAndEuler.NavierStokes.LeadingStress: exit 0, 4.6s
leanpool: 138/422 LeanPool.NavierStokesAndEuler.NavierStokes.LinearWaveResidual: exit 0, 5.8s
leanpool: 139/422 LeanPool.NavierStokesAndEuler.NavierStokes.SquaredPartition: exit 0, 4.5s
leanpool: 140/422 LeanPool.NavierStokesAndEuler.NavierStokes.TangentProjection: exit 0, 2.5s
leanpool: 141/422 LeanPool.NavierStokesAndEuler.NavierStokes.StressActivation: exit 0, 5.8s
leanpool: 142/422 LeanPool.NavierStokesAndEuler.NavierStokes.SlowBorelBase: exit 0, 9.6s
leanpool: 143/422 LeanPool.NavierStokesAndEuler.NavierStokes.TailEnergyBounds: exit 0, 5.2s
leanpool: 144/422 LeanPool.NavierStokesAndEuler.NavierStokes.TangentODE: exit 0, 5.3s
leanpool: 145/422 LeanPool.NavierStokesAndEuler.NavierStokes.TerminalStress: exit 0, 5.6s
leanpool: 146/422 LeanPool.NavierStokesAndEuler.NavierStokes.ActivationStocks: exit 0, 7.4s
leanpool: 147/422 LeanPool.NavierStokesAndEuler.NavierStokes.PhysicalHeatCoordinates: exit 0, 2.5s
leanpool: 148/422 LeanPool.NavierStokesAndEuler.NavierStokes.SchedulePressure: exit 0, 2.8s
leanpool: 149/422 LeanPool.NavierStokesAndEuler.NavierStokes.ParametricODE: exit 0, 7.0s
leanpool: 150/422 LeanPool.NavierStokesAndEuler.NavierStokes.TimeLocalization: exit 0, 2.6s
leanpool: 151/422 LeanPool.NavierStokesAndEuler.NavierStokes.SmoothPathFamily: exit 0, 4.2s
leanpool: 152/422 LeanPool.NavierStokesAndEuler.NavierStokes.PulseAmplitude: exit 0, 15.2s
leanpool: 153/422 LeanPool.NavierStokesAndEuler.NavierStokes.CandidateFromLimits: exit 0, 5.1s
leanpool: 154/422 LeanPool.NavierStokesAndEuler.NavierStokes.JointODE: exit 0, 3.2s
leanpool: 155/422 LeanPool.NavierStokesAndEuler.NavierStokes.SpatialLocalization: exit 0, 4.9s
leanpool: 156/422 LeanPool.NavierStokesAndEuler.NavierStokes.TorusAverages: exit 0, 10.3s
leanpool: 157/422 LeanPool.NavierStokesAndEuler.NavierStokes.PeriodicResidualLimits: exit 0, 4.3s
leanpool: 158/422 LeanPool.NavierStokesAndEuler.NavierStokes.TransitionRamp: exit 0, 8.9s
leanpool: 159/422 LeanPool.NavierStokesAndEuler.NavierStokes.TransportPrimitive: exit 0, 8.9s
leanpool: 160/422 LeanPool.NavierStokesAndEuler.NavierStokes.UniformCone: exit 0, 2.4s
leanpool: 161/422 LeanPool.NavierStokesAndEuler.NavierStokes.R3CompactCandidate: exit 0, 3.4s
leanpool: 162/422 LeanPool.NavierStokesAndEuler.NavierStokes.UniformAngularReset: exit 0, 12.7s
leanpool: 163/422 LeanPool.NavierStokesAndEuler.NavierStokes.ActivationCone: exit 0, 6.3s
leanpool: 164/422 LeanPool.NavierStokesAndEuler.NavierStokes.MeanResidual: exit 0, 7.7s
leanpool: 165/422 LeanPool.NavierStokesAndEuler.NavierStokes.CorrectedPulseAmplitude: exit 0, 6.1s
leanpool: 166/422 LeanPool.NavierStokesAndEuler.NavierStokes.ParametricModulation: exit 0, 11.2s
leanpool: 167/422 LeanPool.NavierStokesAndEuler.NavierStokes.HarmonicFields: exit 0, 3.6s
leanpool: 168/422 LeanPool.NavierStokesAndEuler.NavierStokes.FuturePressureBounds: exit 0, 4.8s
leanpool: 169/422 LeanPool.NavierStokesAndEuler.NavierStokes.FiveProfileMoments: exit 0, 11.7s
leanpool: 170/422 LeanPool.NavierStokesAndEuler.NavierStokes.ActivationContinuation: exit 0, 14.6s
leanpool: 171/422 LeanPool.NavierStokesAndEuler.NavierStokes.ParametricTorusInverse: exit 0, 5.3s
leanpool: 172/422 LeanPool.NavierStokesAndEuler.NavierStokes.OutgoingHistories: exit 0, 6.8s
leanpool: 173/422 LeanPool.NavierStokesAndEuler.NavierStokes.R3FiniteEnergyComparison: exit 0, 2.7s
leanpool: 174/422 LeanPool.NavierStokesAndEuler.NavierStokes.FourierAlias: exit 0, 4.4s
leanpool: 175/422 LeanPool.NavierStokesAndEuler.NavierStokes.ReleaseMoments: exit 0, 3.7s
leanpool: 176/422 LeanPool.NavierStokesAndEuler.NavierStokes.ModulatedHistories: exit 0, 8.7s
leanpool: 177/422 LeanPool.NavierStokesAndEuler.NavierStokes.OutgoingProfile: exit 0, 4.1s
leanpool: 178/422 LeanPool.NavierStokesAndEuler.NavierStokes.TerminalCompensation: exit 0, 7.7s
leanpool: 179/422 LeanPool.NavierStokesAndEuler.NavierStokes.ModulatedCone: exit 0, 7.1s
leanpool: 180/422 LeanPool.NavierStokesAndEuler.NavierStokes.OutgoingEntranceCone: exit 0, 12.6s
leanpool: 181/422 LeanPool.NavierStokesAndEuler.NavierStokes.ViscousPropagator: exit 0, 4.1s
leanpool: 182/422 LeanPool.NavierStokesAndEuler.NavierStokes.ParametricTerminalCompensation: exit 0, 4.0s
leanpool: 183/422 LeanPool.NavierStokesAndEuler.NavierStokes.ExtendedHeatDebts: exit 0, 5.8s
leanpool: 184/422 LeanPool.NavierStokesAndEuler.NavierStokes.ShapedWaitBounds: exit 0, 10.0s
leanpool: 185/422 LeanPool.NavierStokesAndEuler.NavierStokes.VolterraParity: exit 0, 15.3s
leanpool: 186/422 LeanPool.NavierStokesAndEuler.NavierStokes.PhaseEstimates: exit 0, 14.7s
leanpool: 187/422 LeanPool.NavierStokesAndEuler.NavierStokes.HeatedOutgoing: exit 0, 6.2s
leanpool: 188/422 LeanPool.NavierStokesAndEuler.NavierStokes.PartitionedCovariance: exit 0, 4.1s
leanpool: 189/422 LeanPool.NavierStokesAndEuler.NavierStokes.ExtendedHeatedOutgoing: exit 0, 4.4s
leanpool: 190/422 LeanPool.NavierStokesAndEuler.NavierStokes.PrimaryRepresentatives: exit 0, 7.1s
leanpool: 191/422 LeanPool.NavierStokesAndEuler.NavierStokes.NominalProfile: exit 0, 8.7s
leanpool: 192/422 LeanPool.NavierStokesAndEuler.NavierStokes.PulseCone: exit 0, 20.1s
leanpool: 193/422 LeanPool.NavierStokesAndEuler.NavierStokes.PositiveRepresentatives: exit 0, 4.3s
leanpool: 194/422 LeanPool.NavierStokesAndEuler.NavierStokes.PositiveAxisSystem: exit 0, 17.6s
leanpool: 195/422 LeanPool.NavierStokesAndEuler.NavierStokes.MatchingDebtBounds: exit 0, 4.7s
leanpool: 196/422 LeanPool.NavierStokesAndEuler.NavierStokes.EndpointCoordinates: exit 0, 3.2s
leanpool: 197/422 LeanPool.NavierStokesAndEuler.NavierStokes.RenormalizedHeatMoment: exit 0, 4.9s
leanpool: 198/422 LeanPool.NavierStokesAndEuler.NavierStokes.ReservedPatches: exit 0, 3.9s
leanpool: 199/422 LeanPool.NavierStokesAndEuler.NavierStokes.HeatTailHistoryLimits: exit 0, 4.6s
leanpool: 200/422 LeanPool.NavierStokesAndEuler.NavierStokes.SlowStressSupport: exit 0, 7.8s
leanpool: 201/422 LeanPool.NavierStokesAndEuler.NavierStokes.VolterraRegularity: exit 0, 4.9s
leanpool: 202/422 LeanPool.NavierStokesAndEuler.NavierStokes.WeightedClasses: exit 0, 3.7s
leanpool: 203/422 LeanPool.NavierStokesAndEuler.NavierStokes.FiniteHeadClass: exit 0, 2.2s
leanpool: 204/422 LeanPool.NavierStokesAndEuler.NavierStokes.TailCone: exit 0, 12.7s
leanpool: 205/422 LeanPool.NavierStokesAndEuler.NavierStokes.BoundaryAxisJets: exit 0, 5.9s
leanpool: 206/422 LeanPool.NavierStokesAndEuler.NavierStokes.WeightedODEJets: exit 0, 7.6s
leanpool: 207/422 LeanPool.NavierStokesAndEuler.NavierStokes.ParametricRadialExtension: exit 0, 3.5s
leanpool: 208/422 LeanPool.NavierStokesAndEuler.NavierStokes.OutgoingCone: exit 0, 5.1s
leanpool: 209/422 LeanPool.NavierStokesAndEuler.NavierStokes.CommonCoverSolve: exit 0, 5.6s
leanpool: 210/422 LeanPool.NavierStokesAndEuler.NavierStokes.RadialPullback: exit 0, 8.7s
leanpool: 211/422 LeanPool.NavierStokesAndEuler.NavierStokes.NormalScaling: exit 0, 2.8s
leanpool: 212/422 LeanPool.NavierStokesAndEuler.NavierStokes.PrimaryODE: exit 0, 8.9s
leanpool: 213/422 LeanPool.NavierStokesAndEuler.NavierStokes.HeatSwitchCone: exit 0, 8.9s
leanpool: 214/422 LeanPool.NavierStokesAndEuler.NavierStokes.PressureStream: exit 0, 5.2s
leanpool: 215/422 LeanPool.NavierStokesAndEuler.NavierStokes.IntegratedMeanBalances: exit 0, 4.9s
leanpool: 216/422 LeanPool.NavierStokesAndEuler.NavierStokes.PhysicalGraphBounds: exit 0, 13.7s
leanpool: 217/422 LeanPool.NavierStokesAndEuler.NavierStokes.RepairConeBounds: exit 0, 8.6s
leanpool: 218/422 LeanPool.NavierStokesAndEuler.NavierStokes.MeanMomentBounds: exit 0, 5.8s
leanpool: 219/422 LeanPool.NavierStokesAndEuler.NavierStokes.CurlClassBounds: exit 0, 15.1s
leanpool: 220/422 LeanPool.NavierStokesAndEuler.NavierStokes.CommonCoverClass: exit 0, 7.4s
leanpool: 221/422 LeanPool.NavierStokesAndEuler.NavierStokes.GaussianTailFlat: exit 0, 6.5s
leanpool: 222/422 LeanPool.NavierStokesAndEuler.NavierStokes.MeanIncrementBounds: exit 0, 6.3s
leanpool: 223/422 LeanPool.NavierStokesAndEuler.NavierStokes.CopySolveCompatibility: exit 0, 4.1s
leanpool: 224/422 LeanPool.NavierStokesAndEuler.NavierStokes.LinearWaveBounds: exit 0, 5.6s
leanpool: 225/422 LeanPool.NavierStokesAndEuler.NavierStokes.MeanRankUpdate: exit 0, 7.9s
leanpool: 226/422 LeanPool.NavierStokesAndEuler.NavierStokes.PhysicalWaveSum: exit 0, 5.7s
leanpool: 227/422 LeanPool.NavierStokesAndEuler.NavierStokes.CopyAngularInvariance: exit 0, 3.6s
leanpool: 228/422 LeanPool.NavierStokesAndEuler.NavierStokes.SignedStressPrimitive: exit 0, 6.4s
leanpool: 229/422 LeanPool.NavierStokesAndEuler.NavierStokes.AxisPreservation: exit 0, 2.8s
leanpool: 230/422 LeanPool.NavierStokesAndEuler.NavierStokes.CutStageEstimates: exit 0, 4.6s
leanpool: 231/422 LeanPool.NavierStokesAndEuler.NavierStokes.WaveEnvelopeTransport: exit 0, 4.2s
leanpool: 232/422 LeanPool.NavierStokesAndEuler.NavierStokes.TerminalPressure: exit 0, 9.2s
leanpool: 233/422 LeanPool.NavierStokesAndEuler.NavierStokes.SlowRecursion: exit 0, 12.5s
leanpool: 234/422 LeanPool.NavierStokesAndEuler.NavierStokes.WaveInteractionBounds: exit 0, 5.6s
leanpool: 235/422 LeanPool.NavierStokesAndEuler.NavierStokes.WeightedQuotients: exit 0, 5.5s
leanpool: 236/422 LeanPool.NavierStokesAndEuler.NavierStokes.UniformFourierAlias: exit 0, 14.7s
leanpool: 237/422 LeanPool.NavierStokesAndEuler.NavierStokes.EdgeWeightJets: exit 0, 4.0s
leanpool: 238/422 LeanPool.NavierStokesAndEuler.NavierStokes.ActualSlowAxis: exit 0, 11.1s
leanpool: 239/422 LeanPool.NavierStokesAndEuler.NavierStokes.SlowResidualMatching: exit 0, 7.0s
leanpool: 240/422 LeanPool.NavierStokesAndEuler.NavierStokes.SignedCovariance: exit 0, 4.3s
leanpool: 241/422 LeanPool.NavierStokesAndEuler.NavierStokes.NaturalCoefficientBridge: exit 0, 3.9s
leanpool: 242/422 LeanPool.NavierStokesAndEuler.NavierStokes.TemporalMeanUpdate: exit 0, 7.2s
leanpool: 243/422 LeanPool.NavierStokesAndEuler.NavierStokes.GlobalSlowProfiles: exit 0, 7.5s
leanpool: 244/422 LeanPool.NavierStokesAndEuler.NavierStokes.TerminalEdgeFactor: exit 0, 7.9s
leanpool: 245/422 LeanPool.NavierStokesAndEuler.NavierStokes.CorrectionState: exit 0, 3.3s
leanpool: 246/422 LeanPool.NavierStokesAndEuler.NavierStokes.DefectIncrementBounds: exit 0, 4.5s
leanpool: 247/422 LeanPool.NavierStokesAndEuler.NavierStokes.PrimaryPulseBounds: exit 0, 9.3s
leanpool: 248/422 LeanPool.NavierStokesAndEuler.NavierStokes.AssembledSlowBase: exit 0, 6.0s
leanpool: 249/422 LeanPool.NavierStokesAndEuler.NavierStokes.ActiveAnnulusWeight: exit 0, 6.2s
leanpool: 250/422 LeanPool.NavierStokesAndEuler.NavierStokes.LiftedMeanResidual: exit 0, 6.6s
leanpool: 251/422 LeanPool.NavierStokesAndEuler.NavierStokes.HarmonicResidual: exit 0, 7.0s
leanpool: 252/422 LeanPool.NavierStokesAndEuler.NavierStokes.MeanChartCompatibility: exit 0, 6.8s
leanpool: 253/422 LeanPool.NavierStokesAndEuler.NavierStokes.HarmonicCovariance: exit 0, 2.7s
leanpool: 254/422 LeanPool.NavierStokesAndEuler.NavierStokes.BasePhaseGeometry: exit 0, 10.3s
leanpool: 255/422 LeanPool.NavierStokesAndEuler.NavierStokes.LocalResidualGrouping: exit 0, 3.4s
leanpool: 256/422 LeanPool.NavierStokesAndEuler.NavierStokes.HarmonicWaveInteraction: exit 0, 7.0s
leanpool: 257/422 LeanPool.NavierStokesAndEuler.NavierStokes.LabelSumBounds: exit 0, 5.0s
leanpool: 258/422 LeanPool.NavierStokesAndEuler.NavierStokes.HarmonicStructurePreservation: exit 0, 2.6s
leanpool: 259/422 LeanPool.NavierStokesAndEuler.NavierStokes.PrimaryFieldAssembly: exit 0, 4.2s
leanpool: 260/422 LeanPool.NavierStokesAndEuler.NavierStokes.PhysicalResidualBridge: exit 0, 6.9s
leanpool: 261/422 LeanPool.NavierStokesAndEuler.NavierStokes.SlowFirstOrderEdge: exit 0, 4.8s
leanpool: 262/422 LeanPool.NavierStokesAndEuler.NavierStokes.TerminalCone: exit 0, 4.5s
leanpool: 263/422 LeanPool.NavierStokesAndEuler.NavierStokes.ParticularWaveBounds: exit 0, 18.0s
leanpool: 264/422 LeanPool.NavierStokesAndEuler.NavierStokes.PhysicalResidualTZ: exit 0, 3.9s
leanpool: 265/422 LeanPool.NavierStokesAndEuler.NavierStokes.PhysicalCurlCovariance: exit 0, 7.7s
leanpool: 266/422 LeanPool.NavierStokesAndEuler.NavierStokes.ScaledTangentTransport: exit 0, 3.8s
leanpool: 267/422 LeanPool.NavierStokesAndEuler.NavierStokes.StateReindex: exit 0, 5.0s
leanpool: 268/422 LeanPool.NavierStokesAndEuler.NavierStokes.SignedWaveUpdate: exit 0, 7.9s
leanpool: 269/422 LeanPool.NavierStokesAndEuler.NavierStokes.TerminalHistoryBridge: exit 0, 8.4s
leanpool: 270/422 LeanPool.NavierStokesAndEuler.NavierStokes.BaseResidual: exit 0, 15.6s
leanpool: 271/422 LeanPool.NavierStokesAndEuler.NavierStokes.UniformPrimaryWeights: exit 0, 4.1s
leanpool: 272/422 LeanPool.NavierStokesAndEuler.NavierStokes.ZerothStressIdentity: exit 0, 3.4s
leanpool: 273/422 LeanPool.NavierStokesAndEuler.NavierStokes.ParticularWaveAssembly: exit 0, 8.5s
leanpool: 274/422 LeanPool.NavierStokesAndEuler.NavierStokes.NominalConeAssembly: exit 0, 9.6s
leanpool: 275/422 LeanPool.NavierStokesAndEuler.NavierStokes.LocalSignedRequest: exit 0, 12.3s
leanpool: 276/422 LeanPool.NavierStokesAndEuler.NavierStokes.ModulatedProfileAssembly: exit 0, 4.6s
leanpool: 277/422 LeanPool.NavierStokesAndEuler.NavierStokes.PeriodizedWaveBounds: exit 0, 6.7s
leanpool: 278/422 LeanPool.NavierStokesAndEuler.NavierStokes.PhysicalClassBounds: exit 0, 5.4s
leanpool: 279/422 LeanPool.NavierStokesAndEuler.NavierStokes.PhysicalParticularWave: exit 0, 8.3s
leanpool: 280/422 LeanPool.NavierStokesAndEuler.NavierStokes.FirstOrderBaseEdge: exit 0, 4.9s
leanpool: 281/422 LeanPool.NavierStokesAndEuler.NavierStokes.HarmonicSourceSupport: exit 0, 4.1s
leanpool: 282/422 LeanPool.NavierStokesAndEuler.NavierStokes.LeadingStressWeights: exit 0, 4.0s
leanpool: 283/422 LeanPool.NavierStokesAndEuler.NavierStokes.PeriodicPhaseAssembly: exit 0, 4.1s
leanpool: 284/422 LeanPool.NavierStokesAndEuler.NavierStokes.PhysicalCopyBounds: exit 0, 4.5s
leanpool: 285/422 LeanPool.NavierStokesAndEuler.NavierStokes.LocalizedWaveBounds: exit 0, 7.5s
leanpool: 286/422 LeanPool.NavierStokesAndEuler.NavierStokes.ConstructedSlowBase: exit 0, 7.5s
leanpool: 287/422 LeanPool.NavierStokesAndEuler.NavierStokes.LocalizedMeanInteraction: exit 0, 3.3s
leanpool: 288/422 LeanPool.NavierStokesAndEuler.NavierStokes.LocalPhysicalCopyBounds: exit 0, 5.1s
leanpool: 289/422 LeanPool.NavierStokesAndEuler.NavierStokes.PhysicalResidualNaturality: exit 0, 6.3s
leanpool: 290/422 LeanPool.NavierStokesAndEuler.NavierStokes.SignedCopyBounds: exit 0, 5.3s
leanpool: 291/422 LeanPool.NavierStokesAndEuler.NavierStokes.CartesianCopySource: exit 0, 5.0s
leanpool: 292/422 LeanPool.NavierStokesAndEuler.NavierStokes.PhysicalSignedWave: exit 0, 6.9s
leanpool: 293/422 LeanPool.NavierStokesAndEuler.NavierStokes.EntranceAlignedBase: exit 0, 11.4s
leanpool: 294/422 LeanPool.NavierStokesAndEuler.NavierStokes.UniformBlockBounds: exit 0, 3.3s
leanpool: 295/422 LeanPool.NavierStokesAndEuler.NavierStokes.ParticularCopyBounds: exit 0, 6.3s
leanpool: 296/422 LeanPool.NavierStokesAndEuler.NavierStokes.UniformHarmonicInteraction: exit 0, 3.3s
leanpool: 297/422 LeanPool.NavierStokesAndEuler.NavierStokes.AlignedProfileSpectralCone: exit 0, 4.0s
leanpool: 298/422 LeanPool.NavierStokesAndEuler.NavierStokes.ActualPeriodizedSignedRealization: exit 0, 5.4s
leanpool: 299/422 LeanPool.NavierStokesAndEuler.NavierStokes.LocalizedCurlRealization: exit 0, 2.9s
leanpool: 300/422 LeanPool.NavierStokesAndEuler.NavierStokes.MeanBoundsReindex: exit 0, 2.9s
leanpool: 301/422 LeanPool.NavierStokesAndEuler.NavierStokes.NativePrincipalEquations: exit 0, 2.8s
leanpool: 302/422 LeanPool.NavierStokesAndEuler.NavierStokes.FinalSlowBase: exit 0, 4.8s
leanpool: 303/422 LeanPool.NavierStokesAndEuler.NavierStokes.ClosedNativeWaveIdentities: exit 0, 5.0s
leanpool: 304/422 LeanPool.NavierStokesAndEuler.NavierStokes.BaseRadialJets: exit 0, 4.6s
leanpool: 305/422 LeanPool.NavierStokesAndEuler.NavierStokes.SlowBaseEndpoint: exit 0, 3.8s
leanpool: 306/422 LeanPool.NavierStokesAndEuler.NavierStokes.AllBandBaseJets: exit 0, 3.5s
leanpool: 307/422 LeanPool.NavierStokesAndEuler.NavierStokes.TailGaugePotential: exit 0, 4.0s
leanpool: 308/422 LeanPool.NavierStokesAndEuler.NavierStokes.PrimaryTargetBounds: exit 0, 9.0s
leanpool: 309/422 LeanPool.NavierStokesAndEuler.NavierStokes.VariableGaugeMean: exit 0, 12.8s
leanpool: 310/422 LeanPool.NavierStokesAndEuler.NavierStokes.AnnularEndpoint: exit 0, 3.5s
leanpool: 311/422 LeanPool.NavierStokesAndEuler.NavierStokes.BaseRankPatch: exit 0, 3.1s
leanpool: 312/422 LeanPool.NavierStokesAndEuler.NavierStokes.GaugeStateCoherence: exit 0, 4.1s
leanpool: 313/422 LeanPool.NavierStokesAndEuler.NavierStokes.PrimaryCopyBounds: exit 0, 7.6s
leanpool: 314/422 LeanPool.NavierStokesAndEuler.NavierStokes.LocalRankDefect: exit 0, 4.9s
leanpool: 315/422 LeanPool.NavierStokesAndEuler.NavierStokes.GaugeMomentBalances: exit 0, 8.3s
leanpool: 316/422 LeanPool.NavierStokesAndEuler.NavierStokes.OffplaneCorrectionExtensions: exit 0, 5.3s
leanpool: 317/422 LeanPool.NavierStokesAndEuler.NavierStokes.PhysicalMeanJetBounds: exit 0, 6.5s
leanpool: 318/422 LeanPool.NavierStokesAndEuler.NavierStokes.GaugeAliasDecay: exit 0, 4.9s
leanpool: 319/422 LeanPool.NavierStokesAndEuler.NavierStokes.MixedDiagonalExtensions: exit 0, 2.8s
leanpool: 320/422 LeanPool.NavierStokesAndEuler.NavierStokes.GaugeMassPreservation: exit 0, 2.9s
leanpool: 321/422 LeanPool.NavierStokesAndEuler.NavierStokes.DirectAngularDiagonal: exit 0, 5.0s
leanpool: 322/422 LeanPool.NavierStokesAndEuler.NavierStokes.BaseContextAssembly: exit 0, 8.8s
leanpool: 323/422 LeanPool.NavierStokesAndEuler.NavierStokes.MovingMomentBounds: exit 0, 3.3s
leanpool: 324/422 LeanPool.NavierStokesAndEuler.NavierStokes.MixedAxisPreservation: exit 0, 3.4s
leanpool: 325/422 LeanPool.NavierStokesAndEuler.NavierStokes.PhysicalStageBounds: exit 0, 4.3s
leanpool: 326/422 LeanPool.NavierStokesAndEuler.NavierStokes.BaseStressClasses: exit 0, 3.8s
leanpool: 327/422 LeanPool.NavierStokesAndEuler.NavierStokes.LocalAngularDiagonal: exit 0, 2.8s
leanpool: 328/422 LeanPool.NavierStokesAndEuler.NavierStokes.MixedPeriodicAssembly: exit 0, 3.8s
leanpool: 329/422 LeanPool.NavierStokesAndEuler.NavierStokes.ActualIterationLedger: exit 0, 3.5s
leanpool: 330/422 LeanPool.NavierStokesAndEuler.NavierStokes.CommonBaseContext: exit 0, 4.1s
leanpool: 331/422 LeanPool.NavierStokesAndEuler.NavierStokes.RankStateBounds: exit 0, 3.2s
leanpool: 332/422 LeanPool.NavierStokesAndEuler.NavierStokes.ResidualPolarGraph: exit 0, 2.6s
leanpool: 333/422 LeanPool.NavierStokesAndEuler.NavierStokes.MixedDiagonalResidual: exit 0, 3.8s
leanpool: 334/422 LeanPool.NavierStokesAndEuler.NavierStokes.MixedCandidateAssembly: exit 0, 2.8s
leanpool: 335/422 LeanPool.NavierStokesAndEuler.NavierStokes.SignedMeanGain: exit 0, 6.4s
leanpool: 336/422 LeanPool.NavierStokesAndEuler.NavierStokes.ActualBaseResidual: exit 0, 9.2s
leanpool: 337/422 LeanPool.NavierStokesAndEuler.NavierStokes.GermCandidateAssembly: exit 0, 5.5s
leanpool: 338/422 LeanPool.NavierStokesAndEuler.NavierStokes.BandReindexedSignedMeanGain: exit 0, 2.6s
leanpool: 339/422 LeanPool.NavierStokesAndEuler.NavierStokes.ActualSignedGeometry: exit 0, 10.3s
leanpool: 340/422 LeanPool.NavierStokesAndEuler.NavierStokes.GaugeDebtIncrement: exit 0, 3.8s
leanpool: 341/422 LeanPool.NavierStokesAndEuler.NavierStokes.ValidDyadicBandCover: exit 0, 3.2s
leanpool: 342/422 LeanPool.NavierStokesAndEuler.NavierStokes.MeanStateRegularity: exit 0, 3.1s
leanpool: 343/422 LeanPool.NavierStokesAndEuler.NavierStokes.GaugeExcludedBounds: exit 0, 3.2s
leanpool: 344/422 LeanPool.NavierStokesAndEuler.NavierStokes.ActualSignedPhysicalData: exit 0, 9.4s
leanpool: 345/422 LeanPool.NavierStokesAndEuler.NavierStokes.GaugeRadialResidualBounds: exit 0, 3.3s
leanpool: 346/422 LeanPool.NavierStokesAndEuler.NavierStokes.TemporalStateCoherence: exit 0, 14.0s
leanpool: 347/422 LeanPool.NavierStokesAndEuler.NavierStokes.CurrentPhysicalChartJets: exit 0, 4.0s
leanpool: 348/422 LeanPool.NavierStokesAndEuler.NavierStokes.MeanStageRegularity: exit 0, 2.9s
leanpool: 349/422 LeanPool.NavierStokesAndEuler.NavierStokes.ScaledActualParticularControl: exit 0, 12.0s
leanpool: 350/422 LeanPool.NavierStokesAndEuler.NavierStokes.SignedCrossDefectClass: exit 0, 2.7s
leanpool: 351/422 LeanPool.NavierStokesAndEuler.NavierStokes.RankStateCoherence: exit 0, 4.5s
leanpool: 352/422 LeanPool.NavierStokesAndEuler.NavierStokes.WaveEdgeExtension: exit 0, 5.0s
leanpool: 353/422 LeanPool.NavierStokesAndEuler.NavierStokes.WaveStateRegularity: exit 0, 2.9s
leanpool: 354/422 LeanPool.NavierStokesAndEuler.NavierStokes.ActualGaussianCoverage: exit 0, 7.5s
leanpool: 355/422 LeanPool.NavierStokesAndEuler.NavierStokes.NativeBandExtension: exit 0, 5.7s
leanpool: 356/422 LeanPool.NavierStokesAndEuler.NavierStokes.LabelSupportPreservation: exit 0, 3.8s
leanpool: 357/422 LeanPool.NavierStokesAndEuler.NavierStokes.CorrectionStep: exit 0, 29.8s
leanpool: 358/422 LeanPool.NavierStokesAndEuler.NavierStokes.ActualCycleExcluded: exit 0, 2.8s
leanpool: 359/422 LeanPool.NavierStokesAndEuler.NavierStokes.CyclePhysicalPrefixes: exit 0, 3.2s
leanpool: 360/422 LeanPool.NavierStokesAndEuler.NavierStokes.ActualParticularRealization: exit 0, 6.0s
leanpool: 361/422 LeanPool.NavierStokesAndEuler.NavierStokes.CorrectionInitialization: exit 0, 16.6s
leanpool: 362/422 LeanPool.NavierStokesAndEuler.NavierStokes.ActualPhaseDefect: exit 0, 4.5s
leanpool: 363/422 LeanPool.NavierStokesAndEuler.NavierStokes.ActualMeanPotentialRealization: exit 0, 4.7s
leanpool: 364/422 LeanPool.NavierStokesAndEuler.NavierStokes.ActualPrimaryCovariance: exit 0, 5.2s
leanpool: 365/422 LeanPool.NavierStokesAndEuler.NavierStokes.ActualPrimaryCoherence: exit 0, 9.8s
leanpool: 366/422 LeanPool.NavierStokesAndEuler.NavierStokes.ActualPrimaryBounds: exit 0, 8.3s
leanpool: 367/422 LeanPool.NavierStokesAndEuler.NavierStokes.ActualInitialCoherence: exit 0, 4.4s
leanpool: 368/422 LeanPool.NavierStokesAndEuler.NavierStokes.ActualPrimaryDynamics: exit 0, 7.9s
leanpool: 369/422 LeanPool.NavierStokesAndEuler.NavierStokes.ActualPhaseJetBounds: exit 0, 5.3s
leanpool: 370/422 LeanPool.NavierStokesAndEuler.NavierStokes.ActualInitialMeanEquation: exit 0, 4.2s
leanpool: 371/422 LeanPool.NavierStokesAndEuler.NavierStokes.ActualSignedDynamics: exit 0, 3.8s
leanpool: 372/422 LeanPool.NavierStokesAndEuler.NavierStokes.CycleMeanEquation: exit 0, 4.7s
leanpool: 373/422 LeanPool.NavierStokesAndEuler.NavierStokes.ActualInitialExcluded: exit 0, 8.6s
leanpool: 374/422 LeanPool.NavierStokesAndEuler.NavierStokes.ActualSignedStageControls: exit 0, 6.6s
leanpool: 375/422 LeanPool.NavierStokesAndEuler.NavierStokes.ActualCarrierGeometry: exit 0, 3.3s
leanpool: 376/422 LeanPool.NavierStokesAndEuler.NavierStokes.CorrectionAnalyticStep: exit 0, 8.0s
leanpool: 377/422 LeanPool.NavierStokesAndEuler.NavierStokes.ActualInitialization: exit 0, 6.8s
leanpool: 378/422 LeanPool.NavierStokesAndEuler.NavierStokes.ActualCoreSupport: exit 0, 3.1s
leanpool: 379/422 LeanPool.NavierStokesAndEuler.NavierStokes.InitialPhysicalData: exit 0, 9.4s
leanpool: 380/422 LeanPool.NavierStokesAndEuler.NavierStokes.ActualMeanPhysicalData: exit 0, 6.6s
leanpool: 381/422 LeanPool.NavierStokesAndEuler.NavierStokes.ActualParticularStageControls: exit 0, 10.3s
leanpool: 382/422 LeanPool.NavierStokesAndEuler.NavierStokes.ActualSignedCoherence: exit 0, 4.1s
leanpool: 383/422 LeanPool.NavierStokesAndEuler.NavierStokes.PhysicalStageSupport: exit 0, 3.5s
leanpool: 384/422 LeanPool.NavierStokesAndEuler.NavierStokes.ActualCycleParameters: exit 0, 3.3s
leanpool: 385/422 LeanPool.NavierStokesAndEuler.NavierStokes.ActualPolarCoverage: exit 0, 7.9s
leanpool: 386/422 LeanPool.NavierStokesAndEuler.NavierStokes.ActualCarrierTransport: exit 0, 2.5s
leanpool: 387/422 LeanPool.NavierStokesAndEuler.NavierStokes.ActualParticularMeanGain: exit 0, 2.7s
leanpool: 388/422 LeanPool.NavierStokesAndEuler.NavierStokes.ActualSignedPotentialCoherence: exit 0, 3.5s
leanpool: 389/422 LeanPool.NavierStokesAndEuler.NavierStokes.ActualReferenceRebase: exit 0, 6.5s
leanpool: 390/422 LeanPool.NavierStokesAndEuler.NavierStokes.ActualCycleResidualBounds: exit 0, 6.1s
leanpool: 391/422 LeanPool.NavierStokesAndEuler.NavierStokes.LocalMeanPhysicalBounds: exit 0, 4.0s
leanpool: 392/422 LeanPool.NavierStokesAndEuler.NavierStokes.ActualPhysicalPrefixFields: exit 0, 4.0s
leanpool: 393/422 LeanPool.NavierStokesAndEuler.NavierStokes.ActualMeanStageData: exit 0, 3.3s
leanpool: 394/422 LeanPool.NavierStokesAndEuler.NavierStokes.ActualWaveRegularityData: exit 0, 11.6s
leanpool: 395/422 LeanPool.NavierStokesAndEuler.NavierStokes.ActualParticularCoherence: exit 0, 10.3s
leanpool: 396/422 LeanPool.NavierStokesAndEuler.NavierStokes.ActualPhysicalStageBounds: exit 0, 8.2s
leanpool: 397/422 LeanPool.NavierStokesAndEuler.NavierStokes.ActualSignedPhysicalBinding: exit 0, 6.3s
leanpool: 398/422 LeanPool.NavierStokesAndEuler.NavierStokes.ActualCycleAssembly: exit 0, 5.3s
leanpool: 399/422 LeanPool.NavierStokesAndEuler.NavierStokes.ActualCycleCoherence: exit 0, 5.0s
leanpool: 400/422 LeanPool.NavierStokesAndEuler.NavierStokes.ActualSignedOutputBounds: exit 0, 3.3s
leanpool: 401/422 LeanPool.NavierStokesAndEuler.NavierStokes.ActualCyclePeriodicity: exit 0, 4.2s
leanpool: 402/422 LeanPool.NavierStokesAndEuler.NavierStokes.ActualSignedExterior: exit 0, 3.9s
leanpool: 403/422 LeanPool.NavierStokesAndEuler.NavierStokes.ActualSignedCommonDynamics: exit 0, 3.9s
leanpool: 404/422 LeanPool.NavierStokesAndEuler.NavierStokes.ActualSignedUnmaskedBounds: exit 0, 3.6s
leanpool: 405/422 LeanPool.NavierStokesAndEuler.NavierStokes.CurrentSignedCurl: exit 0, 3.6s
leanpool: 406/422 LeanPool.NavierStokesAndEuler.NavierStokes.OffplaneJetExtensions: exit 0, 9.1s
leanpool: 407/422 LeanPool.NavierStokesAndEuler.NavierStokes.ActualSignedReferenceGeometry: exit 0, 6.6s
leanpool: 408/422 LeanPool.NavierStokesAndEuler.NavierStokes.ActualParticularCycleData: exit 0, 12.1s
leanpool: 409/422 LeanPool.NavierStokesAndEuler.NavierStokes.ActualCurrentParticularPhysical: exit 0, 4.6s
leanpool: 410/422 LeanPool.NavierStokesAndEuler.NavierStokes.ActualCyclePreservation: exit 0, 7.6s
leanpool: 411/422 LeanPool.NavierStokesAndEuler.NavierStokes.ActualCurrentWaveSupport: exit 0, 3.7s
leanpool: 412/422 LeanPool.NavierStokesAndEuler.NavierStokes.ActualSignedCurrentSupport: exit 0, 2.7s
leanpool: 413/422 LeanPool.NavierStokesAndEuler.NavierStokes.ActualStageEstimates: exit 0, 3.1s
leanpool: 414/422 LeanPool.NavierStokesAndEuler.NavierStokes.CurrentModeGeometry: exit 0, 3.1s
leanpool: 415/422 LeanPool.NavierStokesAndEuler.NavierStokes.ActualSignedPhysicalCoherence: exit 0, 5.3s
leanpool: 416/422 LeanPool.NavierStokesAndEuler.NavierStokes.ActualCurrentParticularBounds: exit 0, 6.6s
leanpool: 417/422 LeanPool.NavierStokesAndEuler.NavierStokes.GluedStageEstimates: exit 0, 6.1s
leanpool: 418/422 LeanPool.NavierStokesAndEuler.NavierStokes.ActualSignedWaveData: exit 0, 7.8s
leanpool: 419/422 LeanPool.NavierStokesAndEuler.NavierStokes.ActualCandidateAssembly: exit 0, 7.9s
leanpool: 420/422 LeanPool.NavierStokesAndEuler.NavierStokes.ComparatorTheorem: exit 0, 2.5s
leanpool: 421/422 LeanPool.NavierStokesAndEuler.NavierStokes.ComparatorR3Theorem: exit 0, 2.6s
leanpool: 422/422 LeanPool.NavierStokesAndEuler.NavierStokes.ComparatorSolution: exit 0, 2.1s
{
  "variant": "leanpool",
  "label": "preflight",
  "jobs": 4,
  "lean_threads": 1,
  "lean": "Lean (version 4.34.0-rc2, arm64-apple-darwin24.6.0, commit 6a10ac8c22beadecabdbb0919c2b50214762f91d, Release)",
  "lean_binary": "/Users/vasil/.elan/toolchains/leanprover--lean4---v4.34.0-rc2/bin/lean",
  "platform": "macOS-15.7.4-arm64-arm-64bit-Mach-O",
  "started_utc": "2026-09-16T07:03:51.081391+00:00",
  "clean": true,
  "modules": 422,
  "rss_sample_interval_seconds": 0.05,
  "wall_seconds": 671.041002583981,
  "peak_aggregate_compiler_rss_bytes": 6926532608,
  "peak_single_compiler_rss_bytes": 2358280192,
  "completed_modules": 422,
  "failed_modules": [],
  "success": true
}
