oai: 1/580 NavierStokes.BlowupImplication: exit 0, 2.8s
oai: 2/580 NavierStokes.AxisProfile: exit 0, 3.6s
oai: 3/580 NavierStokes.AnalyticPrimitive: exit 0, 4.0s
oai: 4/580 NavierStokes.AxisWeightEstimates: exit 0, 4.1s
oai: 5/580 NavierStokes.CauchyRestriction: exit 0, 4.5s
oai: 6/580 NavierStokes.AxisCoefficientSpace: exit 0, 4.0s
oai: 7/580 NavierStokes.CompactSmoothFamily: exit 0, 4.3s
oai: 8/580 NavierStokes.AxisSeries: exit 0, 6.6s
oai: 9/580 NavierStokes.AnalyticCoefficientBounds: exit 0, 3.8s
oai: 10/580 NavierStokes.AxisEvaluation: exit 0, 5.4s
oai: 11/580 NavierStokes.ConeAlgebra: exit 0, 3.6s
oai: 12/580 NavierStokes.AxisOperators: exit 0, 7.7s
oai: 13/580 NavierStokes.CoordinateAlgebra: exit 0, 3.0s
oai: 14/580 NavierStokes.AxisHolomorphic: exit 0, 6.2s
oai: 15/580 NavierStokes.AxisEvaluationAlgebra: exit 0, 4.7s
oai: 16/580 NavierStokes.ComparatorDefinitions: exit 0, 15.6s
oai: 17/580 NavierStokes.Covariance: exit 0, 2.9s
oai: 18/580 NavierStokes.CurlGeometry: exit 0, 2.4s
oai: 19/580 NavierStokes.AxisResolvent: exit 0, 6.5s
oai: 20/580 NavierStokes.DiagonalScale: exit 0, 2.8s
oai: 21/580 NavierStokes.DiophantineGraph: exit 0, 3.2s
oai: 22/580 NavierStokes.EndpointExtension: exit 0, 2.6s
oai: 23/580 NavierStokes.ExponentLedger: exit 0, 2.8s
oai: 24/580 NavierStokes.FlatCutoff: exit 0, 3.1s
oai: 25/580 NavierStokes.Flatness: exit 0, 2.2s
oai: 26/580 NavierStokes.FlatKernelBounds: exit 0, 4.0s
oai: 27/580 NavierStokes.AxisContraction: exit 0, 7.8s
oai: 28/580 NavierStokes.FlatPrimitive: exit 0, 4.3s
oai: 29/580 NavierStokes.FlatZeroExtension: exit 0, 3.7s
oai: 30/580 NavierStokes.GraphCalculus: exit 0, 3.6s
oai: 31/580 NavierStokes.LoopMoments: exit 0, 2.8s
oai: 32/580 NavierStokes.JetBounds: exit 0, 3.9s
oai: 33/580 NavierStokes.HolomorphicFamily: exit 0, 5.3s
oai: 34/580 NavierStokes.MomentRepair: exit 0, 3.3s
oai: 35/580 NavierStokes.ParametricKernelBounds: exit 0, 3.9s
oai: 36/580 NavierStokes.AxisHolomorphicJoint: exit 0, 4.0s
oai: 37/580 NavierStokes.PhaseCalculus: exit 0, 4.4s
oai: 38/580 NavierStokes.NaturalAxisBridge: exit 0, 6.0s
oai: 39/580 NavierStokes.PowerMomentMatrix: exit 0, 3.7s
oai: 40/580 NavierStokes.AxisReference: exit 0, 4.4s
oai: 41/580 NavierStokes.PressureDatum: exit 0, 5.4s
oai: 42/580 NavierStokes.ProblemStatement: exit 0, 3.3s
oai: 43/580 NavierStokes.HarmonicCalculus: exit 0, 5.5s
oai: 44/580 NavierStokes.PulseGrowth: exit 0, 2.4s
oai: 45/580 NavierStokes.CompactForceDecay: exit 0, 3.6s
oai: 46/580 NavierStokes.NaturalAxisData: exit 0, 6.0s
oai: 47/580 NavierStokes.GaussianEnvelope: exit 0, 4.7s
oai: 48/580 NavierStokes.PeriodicIntegration: exit 0, 4.3s
oai: 49/580 NavierStokes.PeriodicLocalization: exit 0, 3.6s
oai: 50/580 NavierStokes.NaturalAxisCoefficients: exit 0, 5.2s
oai: 51/580 NavierStokes.R3.CompactForceBound: exit 0, 3.2s
oai: 52/580 NavierStokes.PeriodicUniqueness: exit 0, 6.3s
oai: 53/580 NavierStokes.NaturalProfile: exit 0, 5.1s
oai: 54/580 NavierStokes.R3.ComparisonGronwall: exit 0, 3.1s
oai: 55/580 NavierStokes.ComparatorBridge: exit 0, 17.1s
oai: 56/580 NavierStokes.MaximalLifespan: exit 0, 3.6s
oai: 57/580 NavierStokes.R3.ComparisonYoung: exit 0, 3.4s
oai: 58/580 NavierStokes.PeriodicSobolev: exit 0, 4.3s
oai: 59/580 NavierStokes.R3.HilbertFunctionalExtension: exit 0, 2.9s
oai: 60/580 NavierStokes.R3.ComparisonRateBound: exit 0, 3.4s
oai: 61/580 NavierStokes.R3.ScalarEnergyBound: exit 0, 2.7s
oai: 62/580 NavierStokes.R3.ProblemStatement: exit 0, 3.5s
oai: 63/580 NavierStokes.R3.TemporalTestUniqueness: exit 0, 3.3s
oai: 64/580 NavierStokes.R3.CompactSchwartz: exit 0, 3.7s
oai: 65/580 NavierStokes.CompactSpatialForceDecay: exit 0, 15.1s
oai: 66/580 NavierStokes.ComparatorR3Bridge: exit 0, 14.7s
oai: 67/580 NavierStokes.R3.CompactTimeIntegral: exit 0, 4.1s
oai: 68/580 NavierStokes.R3.ComparisonSetup: exit 0, 3.7s
oai: 69/580 NavierStokes.RadialAlias: exit 0, 4.1s
oai: 70/580 NavierStokes.RadialModulation: exit 0, 5.0s
oai: 71/580 NavierStokes.R3.ComparisonCutoffs: exit 0, 4.8s
oai: 72/580 NavierStokes.R3.CompactEnergy: exit 0, 5.1s
oai: 73/580 NavierStokes.R3.ComparisonFourierSetup: exit 0, 4.1s
oai: 74/580 NavierStokes.R3.GradientOperator: exit 0, 3.7s
oai: 75/580 NavierStokes.R3.HeatKernel: exit 0, 4.7s
oai: 76/580 NavierStokes.R3.ConservativeDifference: exit 0, 5.5s
oai: 77/580 NavierStokes.R3.FourierConvolution: exit 0, 4.4s
oai: 78/580 NavierStokes.R3.FourierSobolevWeights: exit 0, 6.7s
oai: 79/580 NavierStokes.R3.GaussianMoments: exit 0, 4.2s
oai: 80/580 NavierStokes.R3.FourierTestDerivatives: exit 0, 5.2s
oai: 81/580 NavierStokes.R3.HeatKernelCancellation: exit 0, 4.3s
oai: 82/580 NavierStokes.R3.HeatKernelTimeBound: exit 0, 4.4s
oai: 83/580 NavierStokes.R3.LocalizedTransport: exit 0, 3.8s
oai: 84/580 NavierStokes.R3.LocalizedLaplacian: exit 0, 4.2s
oai: 85/580 NavierStokes.R3.LpNormTools: exit 0, 4.0s
oai: 86/580 NavierStokes.R3.PressureTemporalIdentity: exit 0, 4.4s
oai: 87/580 NavierStokes.R3.LocalizedDifferenceEnergy: exit 0, 4.6s
oai: 88/580 NavierStokes.R3.PairedKernelBound: exit 0, 5.0s
oai: 89/580 NavierStokes.R3.ComparisonFiniteEnergy: exit 0, 4.7s
oai: 90/580 NavierStokes.R3.PressureRecoveryHelpers: exit 0, 4.6s
oai: 91/580 NavierStokes.R3.RadialKernelBounds: exit 0, 4.7s
oai: 92/580 NavierStokes.R3.CompactComparisonBounds: exit 0, 4.5s
oai: 93/580 NavierStokes.R3.RieszSymbolRegularity: exit 0, 5.4s
oai: 94/580 NavierStokes.R3.HeatKernelFubini: exit 0, 4.0s
oai: 95/580 NavierStokes.R3.HeatKernelPairedBound: exit 0, 4.1s
oai: 96/580 NavierStokes.R3.ComparisonTimeAverages: exit 0, 6.7s
oai: 97/580 NavierStokes.R3.RieszHeatRepresentation: exit 0, 5.2s
oai: 98/580 NavierStokes.R3.RieszLinearityDecay: exit 0, 4.7s
oai: 99/580 NavierStokes.R3.SchwartzCompactApproximation: exit 0, 5.0s
oai: 100/580 NavierStokes.R3.SchwartzParseval: exit 0, 5.0s
oai: 101/580 NavierStokes.R3.SmoothSobolevL6: exit 0, 5.0s
oai: 102/580 NavierStokes.R3.WeakFourierUniqueness: exit 0, 4.4s
oai: 103/580 NavierStokes.R3.WeakTimeContinuity: exit 0, 4.2s
oai: 104/580 NavierStokes.R3.RieszPairing: exit 0, 4.8s
oai: 105/580 NavierStokes.R3.HarmonicTestFunctionals: exit 0, 4.5s
oai: 106/580 NavierStokes.R3.PressureTestBounds: exit 0, 7.0s
oai: 107/580 NavierStokes.R3.WeightedInterpolation: exit 0, 4.7s
oai: 108/580 NavierStokes.R3.RieszL2Bounds: exit 0, 5.5s
oai: 109/580 NavierStokes.R3.WholeSpaceEnergyLimit: exit 0, 4.0s
oai: 110/580 NavierStokes.R3.WeightedSobolev: exit 0, 5.3s
oai: 111/580 NavierStokes.R3.PressureFunctionals: exit 0, 6.5s
oai: 112/580 NavierStokes.RadialSchedule: exit 0, 4.5s
oai: 113/580 NavierStokes.R3.RieszTestOperators: exit 0, 7.4s
oai: 114/580 NavierStokes.R3.LocalizedFluxEstimates: exit 0, 5.2s
oai: 115/580 NavierStokes.R3.LocalizedTensorBounds: exit 0, 4.8s
oai: 116/580 NavierStokes.R3.PressureFluxIdentity: exit 0, 4.7s
oai: 117/580 NavierStokes.R3.HeatKernelFourier: exit 0, 4.8s
oai: 118/580 NavierStokes.R3.PressureRecovery: exit 0, 5.7s
oai: 119/580 NavierStokes.R3.WholeSpaceComparisonClosure: exit 0, 4.3s
oai: 120/580 NavierStokes.R3.PressureFluxTest: exit 0, 6.8s
oai: 121/580 NavierStokes.R3.HeatKernelCommutator: exit 0, 4.3s
oai: 122/580 NavierStokes.R3.ActualPressureFlux: exit 0, 4.2s
oai: 123/580 NavierStokes.ResidualCalculus: exit 0, 4.0s
oai: 124/580 NavierStokes.ResidualRegularity: exit 0, 3.9s
oai: 125/580 NavierStokes.Scaling: exit 0, 3.1s
oai: 126/580 NavierStokes.SlotGeometry: exit 0, 3.7s
oai: 127/580 NavierStokes.SimilarityCoordinates: exit 0, 4.9s
oai: 128/580 NavierStokes.SmoothCovariance: exit 0, 3.6s
oai: 129/580 NavierStokes.R3.PressureFlux: exit 0, 7.3s
oai: 130/580 NavierStokes.SlotColoring: exit 0, 4.1s
oai: 131/580 NavierStokes.FlatCovariance: exit 0, 4.0s
oai: 132/580 NavierStokes.PhysicalCoordinateBounds: exit 0, 6.0s
oai: 133/580 NavierStokes.R3.WholeSpaceUniqueness: exit 0, 4.3s
oai: 134/580 NavierStokes.ChartScales: exit 0, 3.2s
oai: 135/580 NavierStokes.SmoothCutoffs: exit 0, 4.0s
oai: 136/580 NavierStokes.SimilarityProfile: exit 0, 5.2s
oai: 137/580 NavierStokes.SmoothLoop: exit 0, 4.8s
oai: 138/580 NavierStokes.PulseCovariance: exit 0, 7.1s
oai: 139/580 NavierStokes.BorelExtension: exit 0, 4.3s
oai: 140/580 NavierStokes.LocalizedMomentRepair: exit 0, 4.2s
oai: 141/580 NavierStokes.AxisSourceRegularity: exit 0, 6.7s
oai: 142/580 NavierStokes.LoopVariance: exit 0, 7.1s
oai: 143/580 NavierStokes.SimilarityHomogeneity: exit 0, 4.1s
oai: 144/580 NavierStokes.FiveRowRank: exit 0, 5.0s
oai: 145/580 NavierStokes.OutgoingSchedule: exit 0, 6.5s
oai: 146/580 NavierStokes.SmoothParameterIntegral: exit 0, 5.7s
oai: 147/580 NavierStokes.SmoothMomentRepair: exit 0, 7.9s
oai: 148/580 NavierStokes.SpacetimeEndpoint: exit 0, 8.8s
oai: 149/580 NavierStokes.EvenSmoothDescent: exit 0, 4.9s
oai: 150/580 NavierStokes.FlatPrimitiveFactor: exit 0, 4.5s
oai: 151/580 NavierStokes.AngularMomentReset: exit 0, 7.4s
oai: 152/580 NavierStokes.JointResidualLimits: exit 0, 5.4s
oai: 153/580 NavierStokes.OutgoingPulseBounds: exit 0, 12.0s
oai: 154/580 NavierStokes.ParametricFlatFactor: exit 0, 4.8s
oai: 155/580 NavierStokes.ParametricRephase: exit 0, 4.6s
oai: 156/580 NavierStokes.OutgoingTail: exit 0, 7.8s
oai: 157/580 NavierStokes.RadialHeatProfile: exit 0, 6.3s
oai: 158/580 NavierStokes.ParametricEvenDescent: exit 0, 5.3s
oai: 159/580 NavierStokes.HeatProfileExtension: exit 0, 4.2s
oai: 160/580 NavierStokes.SpatialBorelExtension: exit 0, 6.0s
oai: 161/580 NavierStokes.ShapeTransition: exit 0, 10.2s
oai: 162/580 NavierStokes.HeatTailEdit: exit 0, 5.6s
oai: 163/580 NavierStokes.SpatialCurl: exit 0, 5.2s
oai: 164/580 NavierStokes.SpacetimeGluing: exit 0, 5.4s
oai: 165/580 NavierStokes.GenericEndpointExtension: exit 0, 8.5s
oai: 166/580 NavierStokes.ParametricHeatTail: exit 0, 6.9s
oai: 167/580 NavierStokes.AxisymmetricFields: exit 0, 5.3s
oai: 168/580 NavierStokes.SolenoidalDiagonal: exit 0, 3.9s
oai: 169/580 NavierStokes.NaturalCore: exit 0, 5.8s
oai: 170/580 NavierStokes.DiagonalJetBounds: exit 0, 3.9s
oai: 171/580 NavierStokes.AxisymmetricResidual: exit 0, 6.8s
oai: 172/580 NavierStokes.ResidualStability: exit 0, 12.2s
oai: 173/580 NavierStokes.StressAlgebra: exit 0, 4.3s
oai: 174/580 NavierStokes.SquaredPartition: exit 0, 5.4s
oai: 175/580 NavierStokes.LocalAxisymmetricResidual: exit 0, 6.2s
oai: 176/580 NavierStokes.DiagonalResidual: exit 0, 6.0s
oai: 177/580 NavierStokes.ProfileHistories: exit 0, 6.2s
oai: 178/580 NavierStokes.RadialFluxResidual: exit 0, 4.5s
oai: 179/580 NavierStokes.OscillatoryCurl: exit 0, 9.0s
oai: 180/580 NavierStokes.SimilarityApproach: exit 0, 3.5s
oai: 181/580 NavierStokes.ReferencePath: exit 0, 6.3s
oai: 182/580 NavierStokes.CylindricalResidual: exit 0, 13.3s
oai: 183/580 NavierStokes.SlowDivergence: exit 0, 4.6s
oai: 184/580 NavierStokes.NaturalEntrance: exit 0, 12.2s
oai: 185/580 NavierStokes.SlowExpansionResidual: exit 0, 5.5s
oai: 186/580 NavierStokes.StressActivation: exit 0, 7.0s
oai: 187/580 NavierStokes.TailEnergyBounds: exit 0, 6.9s
oai: 188/580 NavierStokes.ReferenceJetBounds: exit 0, 6.5s
oai: 189/580 NavierStokes.LeadingStress: exit 0, 5.9s
oai: 190/580 NavierStokes.ActivationBounds: exit 0, 5.9s
oai: 191/580 NavierStokes.ActivationHolomorphic: exit 0, 7.1s
oai: 192/580 NavierStokes.ActivationStocks: exit 0, 6.3s
oai: 193/580 NavierStokes.PulseAmplitude: exit 0, 12.2s
oai: 194/580 NavierStokes.SchedulePressure: exit 0, 4.1s
oai: 195/580 NavierStokes.ReferenceBounds: exit 0, 10.8s
oai: 196/580 NavierStokes.ModulatedStockBounds: exit 0, 4.6s
oai: 197/580 NavierStokes.TangentProjection: exit 0, 3.6s
oai: 198/580 NavierStokes.TimeLocalization: exit 0, 3.7s
oai: 199/580 NavierStokes.TerminalStress: exit 0, 6.9s
oai: 200/580 NavierStokes.LinearWaveResidual: exit 0, 6.9s
oai: 201/580 NavierStokes.SlowBorelBase: exit 0, 10.8s
oai: 202/580 NavierStokes.PastExtension: exit 0, 4.2s
oai: 203/580 NavierStokes.PhysicalHeatCoordinates: exit 0, 3.7s
oai: 204/580 NavierStokes.SpatialLocalization: exit 0, 5.2s
oai: 205/580 NavierStokes.CandidateFromLimits: exit 0, 5.3s
oai: 206/580 NavierStokes.TangentODE: exit 0, 6.5s
oai: 207/580 NavierStokes.TorusInverse: exit 0, 5.8s
oai: 208/580 NavierStokes.PeriodicResidualLimits: exit 0, 5.6s
oai: 209/580 NavierStokes.GrowingMode: exit 0, 6.9s
oai: 210/580 NavierStokes.ParametricODE: exit 0, 8.2s
oai: 211/580 NavierStokes.TransitionRamp: exit 0, 10.6s
oai: 212/580 NavierStokes.SmoothPathFamily: exit 0, 5.3s
oai: 213/580 NavierStokes.SmoothFourierData: exit 0, 8.2s
oai: 214/580 NavierStokes.JointODE: exit 0, 4.3s
oai: 215/580 NavierStokes.TransportPrimitive: exit 0, 9.0s
oai: 216/580 NavierStokes.TorusAverages: exit 0, 5.6s
oai: 217/580 NavierStokes.R3CompactCandidate: exit 0, 16.4s
oai: 218/580 NavierStokes.MeanResidual: exit 0, 8.7s
oai: 219/580 NavierStokes.ParametricTorusInverse: exit 0, 6.7s
oai: 220/580 NavierStokes.UniformAngularReset: exit 0, 11.1s
oai: 221/580 NavierStokes.HarmonicFields: exit 0, 4.7s
oai: 222/580 NavierStokes.FourierAlias: exit 0, 5.7s
oai: 223/580 NavierStokes.R3FiniteEnergyComparison: exit 0, 15.5s
oai: 224/580 NavierStokes.FuturePressureBounds: exit 0, 6.0s
oai: 225/580 NavierStokes.ReleaseMoments: exit 0, 5.0s
oai: 226/580 NavierStokes.ResetEnergyBounds: exit 0, 5.4s
oai: 227/580 NavierStokes.CorrectedPressureBounds: exit 0, 6.2s
oai: 228/580 NavierStokes.CorrectedPulseAmplitude: exit 0, 6.6s
oai: 229/580 NavierStokes.FiveProfileMoments: exit 0, 20.0s
oai: 230/580 NavierStokes.SmoothFamilyTorusInverse: exit 0, 11.7s
oai: 231/580 NavierStokes.OutgoingProfile: exit 0, 5.3s
oai: 232/580 NavierStokes.TerminalCompensation: exit 0, 12.1s
oai: 233/580 NavierStokes.OutgoingHistories: exit 0, 8.0s
oai: 234/580 NavierStokes.PulseLag: exit 0, 6.9s
oai: 235/580 NavierStokes.UniformCone: exit 0, 3.0s
oai: 236/580 NavierStokes.OutgoingDilation: exit 0, 5.1s
oai: 237/580 NavierStokes.ParametricTerminalCompensation: exit 0, 5.1s
oai: 238/580 NavierStokes.PulseEnergyHistory: exit 0, 6.5s
oai: 239/580 NavierStokes.ExtendedHeatDebts: exit 0, 6.9s
oai: 240/580 NavierStokes.HeatedOutgoing: exit 0, 5.7s
oai: 241/580 NavierStokes.ActivationCone: exit 0, 16.5s
oai: 242/580 NavierStokes.TrueConeLoop: exit 0, 6.0s
oai: 243/580 NavierStokes.ExtendedHeatedOutgoing: exit 0, 5.7s
oai: 244/580 NavierStokes.OutgoingEntranceCone: exit 0, 18.9s
oai: 245/580 NavierStokes.ParametricModulation: exit 0, 5.8s
oai: 246/580 NavierStokes.RenormalizedHeatMoment: exit 0, 6.1s
oai: 247/580 NavierStokes.ReservedPatches: exit 0, 5.2s
oai: 248/580 NavierStokes.ActivationContinuation: exit 0, 12.3s
oai: 249/580 NavierStokes.HeatTailHistoryLimits: exit 0, 5.6s
oai: 250/580 NavierStokes.ValidBandGluing: exit 0, 3.4s
oai: 251/580 NavierStokes.ModulatedHistories: exit 0, 10.3s
oai: 252/580 NavierStokes.ViscousPropagator: exit 0, 5.3s
oai: 253/580 NavierStokes.NominalProfile: exit 0, 9.9s
oai: 254/580 NavierStokes.ModulatedCone: exit 0, 7.9s
oai: 255/580 NavierStokes.MatchingDebtBounds: exit 0, 6.1s
oai: 256/580 NavierStokes.MovingFrameODE: exit 0, 8.6s
oai: 257/580 NavierStokes.VolterraAnalyticBounds: exit 0, 5.1s
oai: 258/580 NavierStokes.ShapedWaitBounds: exit 0, 18.9s
oai: 259/580 NavierStokes.MatchingConeBounds: exit 0, 8.7s
oai: 260/580 NavierStokes.PhaseEstimates: exit 0, 8.8s
oai: 261/580 NavierStokes.NilpotentVolterra: exit 0, 11.3s
oai: 262/580 NavierStokes.WeightedClasses: exit 0, 4.7s
oai: 263/580 NavierStokes.PartitionedCovariance: exit 0, 5.6s
oai: 264/580 NavierStokes.FiniteHeadClass: exit 0, 3.2s
oai: 265/580 NavierStokes.VolterraParity: exit 0, 6.6s
oai: 266/580 NavierStokes.PulseCone: exit 0, 21.8s
oai: 267/580 NavierStokes.PrimaryRepresentatives: exit 0, 8.6s
oai: 268/580 NavierStokes.WeightedODEJets: exit 0, 8.6s
oai: 269/580 NavierStokes.PositiveRepresentatives: exit 0, 5.8s
oai: 270/580 NavierStokes.CommonCoverSolve: exit 0, 7.2s
oai: 271/580 NavierStokes.EndpointCoordinates: exit 0, 4.8s
oai: 272/580 NavierStokes.NormalScaling: exit 0, 4.3s
oai: 273/580 NavierStokes.TailCone: exit 0, 18.2s
oai: 274/580 NavierStokes.VolterraRegularity: exit 0, 6.1s
oai: 275/580 NavierStokes.PrimaryODE: exit 0, 9.8s
oai: 276/580 NavierStokes.OutgoingCone: exit 0, 7.8s
oai: 277/580 NavierStokes.BoundaryAxisJets: exit 0, 7.1s
oai: 278/580 NavierStokes.PhaseJetBounds: exit 0, 8.5s
oai: 279/580 NavierStokes.ParametricRadialExtension: exit 0, 4.7s
oai: 280/580 NavierStokes.PositiveAxisSystem: exit 0, 36.9s
oai: 281/580 NavierStokes.AnnularAuxiliary: exit 0, 3.8s
oai: 282/580 NavierStokes.HeatSwitchCone: exit 0, 10.1s
oai: 283/580 NavierStokes.PositiveAxisExistence: exit 0, 7.1s
oai: 284/580 NavierStokes.CurlClassBounds: exit 0, 10.2s
oai: 285/580 NavierStokes.HeatSwitchHistoryDerivatives: exit 0, 4.2s
oai: 286/580 NavierStokes.PositiveOrderMoments: exit 0, 6.5s
oai: 287/580 NavierStokes.SlowRecursion: exit 0, 7.1s
oai: 288/580 NavierStokes.PrimaryCopyBridge: exit 0, 8.3s
oai: 289/580 NavierStokes.RepairConeBounds: exit 0, 10.1s
oai: 290/580 NavierStokes.ActualSlowAxis: exit 0, 4.9s
oai: 291/580 NavierStokes.TerminalPressure: exit 0, 11.3s
oai: 292/580 NavierStokes.WaveInteractionBounds: exit 0, 7.2s
oai: 293/580 NavierStokes.WeightedQuotients: exit 0, 5.3s
oai: 294/580 NavierStokes.WeightedRadialPrimitive: exit 0, 6.5s
oai: 295/580 NavierStokes.EdgeWeightJets: exit 0, 5.4s
oai: 296/580 NavierStokes.SignedCovariance: exit 0, 5.7s
oai: 297/580 NavierStokes.SlowStressSupport: exit 0, 6.0s
oai: 298/580 NavierStokes.RadialPullback: exit 0, 6.6s
oai: 299/580 NavierStokes.TerminalEdgeFactor: exit 0, 9.0s
oai: 300/580 NavierStokes.PolarCharts: exit 0, 5.7s
oai: 301/580 NavierStokes.PressureStream: exit 0, 6.8s
oai: 302/580 NavierStokes.SlowResidualMatching: exit 0, 8.3s
oai: 303/580 NavierStokes.ActiveAnnulusWeight: exit 0, 7.5s
oai: 304/580 NavierStokes.AxisTailRegularity: exit 0, 4.5s
oai: 305/580 NavierStokes.IntegratedMeanBalances: exit 0, 6.4s
oai: 306/580 NavierStokes.PhysicalGraphBounds: exit 0, 14.3s
oai: 307/580 NavierStokes.MeanMomentBounds: exit 0, 7.4s
oai: 308/580 NavierStokes.GlobalSlowProfiles: exit 0, 8.7s
oai: 309/580 NavierStokes.MeanRankUpdate: exit 0, 9.3s
oai: 310/580 NavierStokes.NaturalCoefficientBridge: exit 0, 5.3s
oai: 311/580 NavierStokes.GaussianTailFlat: exit 0, 7.9s
oai: 312/580 NavierStokes.MeanIncrementBounds: exit 0, 7.8s
oai: 313/580 NavierStokes.CommonCoverClass: exit 0, 9.0s
oai: 314/580 NavierStokes.AssembledSlowBase: exit 0, 7.6s
oai: 315/580 NavierStokes.CopySolveCompatibility: exit 0, 5.7s
oai: 316/580 NavierStokes.LinearWaveBounds: exit 0, 6.8s
oai: 317/580 NavierStokes.PhysicalWaveSum: exit 0, 7.1s
oai: 318/580 NavierStokes.GlobalStressSupport: exit 0, 4.6s
oai: 319/580 NavierStokes.AxisPreservation: exit 0, 4.2s
oai: 320/580 NavierStokes.CopyAngularInvariance: exit 0, 5.0s
oai: 321/580 NavierStokes.CutStageEstimates: exit 0, 6.2s
oai: 322/580 NavierStokes.PrimaryPulseBounds: exit 0, 10.8s
oai: 323/580 NavierStokes.SlowFirstOrderEdge: exit 0, 6.0s
oai: 324/580 NavierStokes.SignedStressPrimitive: exit 0, 7.9s
oai: 325/580 NavierStokes.MixedDiagonalSchedule: exit 0, 4.5s
oai: 326/580 NavierStokes.PrimaryCovarianceBounds: exit 0, 6.4s
oai: 327/580 NavierStokes.PrimaryFieldAssembly: exit 0, 5.7s
oai: 328/580 NavierStokes.TerminalCone: exit 0, 6.1s
oai: 329/580 NavierStokes.ParticularWaveBounds: exit 0, 16.6s
oai: 330/580 NavierStokes.BaseResidual: exit 0, 17.8s
oai: 331/580 NavierStokes.ScheduledProfileChoice: exit 0, 3.8s
oai: 332/580 NavierStokes.ScaledTangentTransport: exit 0, 5.3s
oai: 333/580 NavierStokes.BasePhaseGeometry: exit 0, 15.8s
oai: 334/580 NavierStokes.BaseExterior: exit 0, 6.6s
oai: 335/580 NavierStokes.BasePrefixIdentity: exit 0, 5.1s
oai: 336/580 NavierStokes.IntervalCopyTransport: exit 0, 5.3s
oai: 337/580 NavierStokes.PreparedOutgoing: exit 0, 3.7s
oai: 338/580 NavierStokes.SubcoverPeriodicity: exit 0, 4.2s
oai: 339/580 NavierStokes.PrimaryMaterialDefect: exit 0, 5.2s
oai: 340/580 NavierStokes.WaveEnvelopeTransport: exit 0, 5.8s
oai: 341/580 NavierStokes.ZerothStressIdentity: exit 0, 5.1s
oai: 342/580 NavierStokes.TerminalHistoryBridge: exit 0, 8.9s
oai: 343/580 NavierStokes.UniformFourierAlias: exit 0, 8.5s
oai: 344/580 NavierStokes.NominalConeAssembly: exit 0, 6.5s
oai: 345/580 NavierStokes.TemporalMeanUpdate: exit 0, 8.6s
oai: 346/580 NavierStokes.ModulatedProfileAssembly: exit 0, 5.9s
oai: 347/580 NavierStokes.CorrectionState: exit 0, 4.8s
oai: 348/580 NavierStokes.LeadingStressWeights: exit 0, 5.7s
oai: 349/580 NavierStokes.FirstOrderBaseEdge: exit 0, 5.9s
oai: 350/580 NavierStokes.DefectIncrementBounds: exit 0, 6.0s
oai: 351/580 NavierStokes.PhysicalMeanDomain: exit 0, 11.1s
oai: 352/580 NavierStokes.ErrorHarmonics: exit 0, 5.4s
oai: 353/580 NavierStokes.ConstructedSlowBase: exit 0, 5.6s
oai: 354/580 NavierStokes.LiftedMeanResidual: exit 0, 8.3s
oai: 355/580 NavierStokes.HarmonicResidual: exit 0, 8.6s
oai: 356/580 NavierStokes.BaseChartJets: exit 0, 6.9s
oai: 357/580 NavierStokes.MeanChartCompatibility: exit 0, 8.5s
oai: 358/580 NavierStokes.AxisymmetricResidualGrouping: exit 0, 4.2s
oai: 359/580 NavierStokes.EntranceAlignedBase: exit 0, 5.7s
oai: 360/580 NavierStokes.HarmonicCovariance: exit 0, 4.3s
oai: 361/580 NavierStokes.LocalResidualGrouping: exit 0, 4.5s
oai: 362/580 NavierStokes.HarmonicMeanInteraction: exit 0, 6.5s
oai: 363/580 NavierStokes.ModulatedExterior: exit 0, 4.9s
oai: 364/580 NavierStokes.LabelSumBounds: exit 0, 6.6s
oai: 365/580 NavierStokes.HarmonicWaveInteraction: exit 0, 7.2s
oai: 366/580 NavierStokes.PhysicalResidualBridge: exit 0, 8.4s
oai: 367/580 NavierStokes.ProfileSpectralCone: exit 0, 8.4s
oai: 368/580 NavierStokes.SignedWaveUpdate: exit 0, 8.0s
oai: 369/580 NavierStokes.HarmonicStructurePreservation: exit 0, 4.2s
oai: 370/580 NavierStokes.AlignedProfileSpectralCone: exit 0, 5.7s
oai: 371/580 NavierStokes.PhysicalCurlCovariance: exit 0, 9.3s
oai: 372/580 NavierStokes.LocalSignedRequest: exit 0, 6.6s
oai: 373/580 NavierStokes.FinalSlowBase: exit 0, 5.5s
oai: 374/580 NavierStokes.ParticularWaveAssembly: exit 0, 10.2s
oai: 375/580 NavierStokes.PhysicalResidualTZ: exit 0, 5.4s
oai: 376/580 NavierStokes.PhysicalClassBounds: exit 0, 7.0s
oai: 377/580 NavierStokes.GlobalBaseError: exit 0, 4.5s
oai: 378/580 NavierStokes.PrimaryGeometryAssembly: exit 0, 5.2s
oai: 379/580 NavierStokes.SignedPhysicalSumCalculus: exit 0, 4.1s
oai: 380/580 NavierStokes.PeriodizedWaveBounds: exit 0, 8.3s
oai: 381/580 NavierStokes.PrimaryResidualClass: exit 0, 6.0s
oai: 382/580 NavierStokes.SlowBaseEndpoint: exit 0, 5.4s
oai: 383/580 NavierStokes.HarmonicSourceSupport: exit 0, 5.7s
oai: 384/580 NavierStokes.PrimaryTargetBounds: exit 0, 9.5s
oai: 385/580 NavierStokes.LocalizedWaveBounds: exit 0, 9.0s
oai: 386/580 NavierStokes.PhysicalCopyBounds: exit 0, 6.0s
oai: 387/580 NavierStokes.StateMomentBalances: exit 0, 7.7s
oai: 388/580 NavierStokes.StateReindex: exit 0, 6.6s
oai: 389/580 NavierStokes.LocalizedGaussianBounds: exit 0, 5.5s
oai: 390/580 NavierStokes.LocalPhysicalCopyBounds: exit 0, 6.6s
oai: 391/580 NavierStokes.ModeSolenoidalReindex: exit 0, 4.1s
oai: 392/580 NavierStokes.LocalizedMeanInteraction: exit 0, 5.0s
oai: 393/580 NavierStokes.PositiveTimeCopyFamily: exit 0, 4.2s
oai: 394/580 NavierStokes.CartesianCopySource: exit 0, 6.6s
oai: 395/580 NavierStokes.TailGaugePotential: exit 0, 5.7s
oai: 396/580 NavierStokes.PhysicalParticularWave: exit 0, 9.7s
oai: 397/580 NavierStokes.UniformPrimaryWeights: exit 0, 5.6s
oai: 398/580 NavierStokes.AnnularEndpoint: exit 0, 5.1s
oai: 399/580 NavierStokes.PeriodicPhaseAssembly: exit 0, 5.6s
oai: 400/580 NavierStokes.BaseRadialJets: exit 0, 6.2s
oai: 401/580 NavierStokes.PhysicalResidualNaturality: exit 0, 7.8s
oai: 402/580 NavierStokes.AllBandBaseJets: exit 0, 5.2s
oai: 403/580 NavierStokes.PrimaryCopyBounds: exit 0, 9.4s
oai: 404/580 NavierStokes.VariableGaugeMean: exit 0, 18.3s
oai: 405/580 NavierStokes.ActualBaseVelocityBounds: exit 0, 6.2s
oai: 406/580 NavierStokes.PhysicalSignedWave: exit 0, 8.5s
oai: 407/580 NavierStokes.BaseRankPatch: exit 0, 4.8s
oai: 408/580 NavierStokes.SignedCopyBounds: exit 0, 6.9s
oai: 409/580 NavierStokes.GaugeMomentBalances: exit 0, 5.8s
oai: 410/580 NavierStokes.GaugeStateCoherence: exit 0, 5.6s
oai: 411/580 NavierStokes.ActualPeriodizedSignedRealization: exit 0, 6.9s
oai: 412/580 NavierStokes.ActualSignedControl: exit 0, 6.5s
oai: 413/580 NavierStokes.GaugeAliasDecay: exit 0, 6.5s
oai: 414/580 NavierStokes.LocalRankDefect: exit 0, 6.5s
oai: 415/580 NavierStokes.OffplaneCorrectionExtensions: exit 0, 6.8s
oai: 416/580 NavierStokes.ParticularCopyBounds: exit 0, 7.9s
oai: 417/580 NavierStokes.GaugeMassPreservation: exit 0, 4.5s
oai: 418/580 NavierStokes.BaseContextAssembly: exit 0, 7.0s
oai: 419/580 NavierStokes.DirectAngularDiagonal: exit 0, 6.5s
oai: 420/580 NavierStokes.LocalizedCurlRealization: exit 0, 4.4s
oai: 421/580 NavierStokes.MixedAxisPreservation: exit 0, 5.0s
oai: 422/580 NavierStokes.BaseStressClasses: exit 0, 5.5s
oai: 423/580 NavierStokes.ActualParticularControl: exit 0, 10.7s
oai: 424/580 NavierStokes.ClosedNativeWaveIdentities: exit 0, 6.6s
oai: 425/580 NavierStokes.LocalAngularDiagonal: exit 0, 4.5s
oai: 426/580 NavierStokes.MixedDiagonalExtensions: exit 0, 4.4s
oai: 427/580 NavierStokes.CommonBaseContext: exit 0, 5.7s
oai: 428/580 NavierStokes.MixedPeriodicAssembly: exit 0, 5.4s
oai: 429/580 NavierStokes.MovingMomentBounds: exit 0, 4.8s
oai: 430/580 NavierStokes.NativePrincipalEquations: exit 0, 4.2s
oai: 431/580 NavierStokes.CandidateConsequences: exit 0, 5.0s
oai: 432/580 NavierStokes.MixedDiagonalResidual: exit 0, 4.8s
oai: 433/580 NavierStokes.ActualBaseResidual: exit 0, 10.8s
oai: 434/580 NavierStokes.ActualSignedGeometry: exit 0, 9.5s
oai: 435/580 NavierStokes.MixedCandidateAssembly: exit 0, 4.4s
oai: 436/580 NavierStokes.RankStateBounds: exit 0, 4.8s
oai: 437/580 NavierStokes.PhysicalMeanJetBounds: exit 0, 8.1s
oai: 438/580 NavierStokes.MixedCandidateWitness: exit 0, 4.4s
oai: 439/580 NavierStokes.ScaledActualParticularControl: exit 0, 7.2s
oai: 440/580 NavierStokes.MixedFiniteBackground: exit 0, 4.5s
oai: 441/580 NavierStokes.GermCandidateAssembly: exit 0, 4.6s
oai: 442/580 NavierStokes.PhysicalStageBounds: exit 0, 5.9s
oai: 443/580 NavierStokes.ResidualPolarGraph: exit 0, 4.2s
oai: 444/580 NavierStokes.ActualGaussianCoverage: exit 0, 7.6s
oai: 445/580 NavierStokes.ActualIterationLedger: exit 0, 5.1s
oai: 446/580 NavierStokes.ScaledParticularFrameJets: exit 0, 5.5s
oai: 447/580 NavierStokes.InitializedPhysicalBackground: exit 0, 4.8s
oai: 448/580 NavierStokes.NativeCutoffJets: exit 0, 4.2s
oai: 449/580 NavierStokes.LabelSupportPreservation: exit 0, 5.5s
oai: 450/580 NavierStokes.ActualSignedPhysicalData: exit 0, 11.0s
oai: 451/580 NavierStokes.ScalarParticularSupport: exit 0, 4.4s
oai: 452/580 NavierStokes.SignedMeanGain: exit 0, 8.1s
oai: 453/580 NavierStokes.CurrentPhysicalChartJets: exit 0, 5.7s
oai: 454/580 NavierStokes.DependentSignedPhysicalFamily: exit 0, 5.1s
oai: 455/580 NavierStokes.BandReindexedSignedMeanGain: exit 0, 4.1s
oai: 456/580 NavierStokes.GaugeDebtIncrement: exit 0, 5.4s
oai: 457/580 NavierStokes.UniformBlockBounds: exit 0, 4.9s
oai: 458/580 NavierStokes.UniformHarmonicInteraction: exit 0, 4.9s
oai: 459/580 NavierStokes.TemporalStateCoherence: exit 0, 16.2s
oai: 460/580 NavierStokes.MeanStateRegularity: exit 0, 4.6s
oai: 461/580 NavierStokes.ValidDyadicBandCover: exit 0, 4.4s
oai: 462/580 NavierStokes.MeanBoundsReindex: exit 0, 4.4s
oai: 463/580 NavierStokes.GaugeExcludedBounds: exit 0, 4.9s
oai: 464/580 NavierStokes.MeanStageRegularity: exit 0, 4.3s
oai: 465/580 NavierStokes.PhysicalResidualJetBounds: exit 0, 8.5s
oai: 466/580 NavierStokes.GaugeRadialResidualBounds: exit 0, 4.8s
oai: 467/580 NavierStokes.SignedCrossDefectClass: exit 0, 4.2s
oai: 468/580 NavierStokes.TorusMeanRequestRebase: exit 0, 4.6s
oai: 469/580 NavierStokes.RankStateCoherence: exit 0, 6.1s
oai: 470/580 NavierStokes.WaveEdgeExtension: exit 0, 6.5s
oai: 471/580 NavierStokes.WaveStateRegularity: exit 0, 4.4s
oai: 472/580 NavierStokes.NativeBandExtension: exit 0, 7.3s
oai: 473/580 NavierStokes.FlatDyadicExtension: exit 0, 5.2s
oai: 474/580 NavierStokes.CorrectionStep: exit 0, 32.3s
oai: 475/580 NavierStokes.ActualCycleExcluded: exit 0, 4.4s
oai: 476/580 NavierStokes.ActualWaveRegularity: exit 0, 6.8s
oai: 477/580 NavierStokes.CrossBasedMeanComposition: exit 0, 7.3s
oai: 478/580 NavierStokes.CyclePhysicalPrefixes: exit 0, 4.8s
oai: 479/580 NavierStokes.CycleStateCoherence: exit 0, 5.6s
oai: 480/580 NavierStokes.GaussianErrorNaturality: exit 0, 5.4s
oai: 481/580 NavierStokes.ActualParticularRealization: exit 0, 7.6s
oai: 482/580 NavierStokes.CorrectionInitialization: exit 0, 32.4s
oai: 483/580 NavierStokes.ActualMeanPotentialRealization: exit 0, 6.2s
oai: 484/580 NavierStokes.ActualPrimaryCovariance: exit 0, 12.5s
oai: 485/580 NavierStokes.ActualPrimaryCoherence: exit 0, 12.7s
oai: 486/580 NavierStokes.ActualPhaseDefect: exit 0, 16.3s
oai: 487/580 NavierStokes.ActualInitialCoherence: exit 0, 5.9s
oai: 488/580 NavierStokes.ActualInitialMeanEquation: exit 0, 5.9s
oai: 489/580 NavierStokes.ActualPrimaryDynamics: exit 0, 9.6s
oai: 490/580 NavierStokes.ActualPrimaryBounds: exit 0, 11.2s
oai: 491/580 NavierStokes.ActualSignedDynamics: exit 0, 5.4s
oai: 492/580 NavierStokes.ActualParticularBackground: exit 0, 4.9s
oai: 493/580 NavierStokes.ActualInitialMean: exit 0, 5.3s
oai: 494/580 NavierStokes.CycleMeanEquation: exit 0, 9.7s
oai: 495/580 NavierStokes.InitialNativeRegularity: exit 0, 4.6s
oai: 496/580 NavierStokes.ActualPhaseJetBounds: exit 0, 6.9s
oai: 497/580 NavierStokes.CorrectionAnalyticStep: exit 0, 6.5s
oai: 498/580 NavierStokes.ActualInitialExcluded: exit 0, 8.9s
oai: 499/580 NavierStokes.ActualSignedStageControls: exit 0, 15.4s
oai: 500/580 NavierStokes.ActualCarrierGeometry: exit 0, 4.8s
oai: 501/580 NavierStokes.ActualInitialization: exit 0, 8.2s
oai: 502/580 NavierStokes.ParticularPaddedBackground: exit 0, 6.2s
oai: 503/580 NavierStokes.ActualCarrierTransportBase: exit 0, 6.6s
oai: 504/580 NavierStokes.ActualCoreSupport: exit 0, 6.1s
oai: 505/580 NavierStokes.ActualCycleGeometry: exit 0, 6.1s
oai: 506/580 NavierStokes.InitialPhysicalData: exit 0, 13.7s
oai: 507/580 NavierStokes.ActualParticularStageControls: exit 0, 7.5s
oai: 508/580 NavierStokes.ActualPolarCoverage: exit 0, 5.1s
oai: 509/580 NavierStokes.PhysicalStageSupport: exit 0, 5.0s
oai: 510/580 NavierStokes.ActualCurrentCarrierJets: exit 0, 4.6s
oai: 511/580 NavierStokes.ActualCopySliceRegularity: exit 0, 5.8s
oai: 512/580 NavierStokes.ActualSignedCoherence: exit 0, 8.8s
oai: 513/580 NavierStokes.ActualCycleParameters: exit 0, 6.7s
oai: 514/580 NavierStokes.ActualCycleResidualBounds: exit 0, 7.1s
oai: 515/580 NavierStokes.ActualCarrierTransport: exit 0, 4.0s
oai: 516/580 NavierStokes.ActualParticularGaussian: exit 0, 9.0s
oai: 517/580 NavierStokes.ActualExteriorPrefix: exit 0, 4.1s
oai: 518/580 NavierStokes.ActualParticularMeanGain: exit 0, 4.4s
oai: 519/580 NavierStokes.ActualPhysicalPrefixFields: exit 0, 5.2s
oai: 520/580 NavierStokes.ActualIntermediateDebtBounds: exit 0, 6.0s
oai: 521/580 NavierStokes.ActualSignedGaussianCoherence: exit 0, 4.6s
oai: 522/580 NavierStokes.ActualParticularDynamics: exit 0, 23.4s
oai: 523/580 NavierStokes.ActualSignedPotentialCoherence: exit 0, 5.0s
oai: 524/580 NavierStokes.ActualSignedPhysicalGeometry: exit 0, 4.4s
oai: 525/580 NavierStokes.ActualSignedMeanBinding: exit 0, 9.8s
oai: 526/580 NavierStokes.LocalMeanPhysicalBounds: exit 0, 5.4s
oai: 527/580 NavierStokes.ActualWaveRegularityData: exit 0, 13.1s
oai: 528/580 NavierStokes.ActualReferenceRebase: exit 0, 26.9s
oai: 529/580 NavierStokes.ActualSeedPeriodicity: exit 0, 4.2s
oai: 530/580 NavierStokes.ActualCycleAssembly: exit 0, 8.3s
oai: 531/580 NavierStokes.ActualSignedGaussian: exit 0, 4.7s
oai: 532/580 NavierStokes.ActualParticularCoherence: exit 0, 12.3s
oai: 533/580 NavierStokes.ActualSignedOutputBounds: exit 0, 4.8s
oai: 534/580 NavierStokes.ActualMeanPhysicalData: exit 0, 15.9s
oai: 535/580 NavierStokes.ActualParticularPotentialCoherence: exit 0, 5.4s
oai: 536/580 NavierStokes.ActualSignedCommonDynamics: exit 0, 5.8s
oai: 537/580 NavierStokes.ActualPhysicalStageBounds: exit 0, 6.3s
oai: 538/580 NavierStokes.ActualCycleCoherence: exit 0, 11.8s
oai: 539/580 NavierStokes.ActualWaveCoefficientPeriodicity: exit 0, 4.7s
oai: 540/580 NavierStokes.ActualMeanStageData: exit 0, 12.2s
oai: 541/580 NavierStokes.CurrentSignedCurl: exit 0, 5.1s
oai: 542/580 NavierStokes.ActualSignedPhysicalBinding: exit 0, 23.8s
oai: 543/580 NavierStokes.ActualCyclePeriodicity: exit 0, 4.9s
oai: 544/580 NavierStokes.ActualMeanExterior: exit 0, 4.7s
oai: 545/580 NavierStokes.ActualSignedExterior: exit 0, 4.4s
oai: 546/580 NavierStokes.ActualSignedUnmaskedBounds: exit 0, 5.2s
oai: 547/580 NavierStokes.ActualSignedNativeProfiles: exit 0, 4.4s
oai: 548/580 NavierStokes.ActualSignedReferenceGeometry: exit 0, 4.2s
oai: 549/580 NavierStokes.ActualParticularCycleData: exit 0, 13.8s
oai: 550/580 NavierStokes.ActualSignedNativeBounds: exit 0, 12.1s
oai: 551/580 NavierStokes.ActualCurrentParticularPhysical: exit 0, 6.1s
oai: 552/580 NavierStokes.ActualSignedUnmaskedBinding: exit 0, 10.1s
oai: 553/580 NavierStokes.ActualCandidateConstruction: exit 0, 26.2s
oai: 554/580 NavierStokes.ActualCurrentParticularAssembly: exit 0, 4.6s
oai: 555/580 NavierStokes.ActualCyclePreservation: exit 0, 7.0s
oai: 556/580 NavierStokes.ActualCurrentWaveSupport: exit 0, 5.7s
oai: 557/580 NavierStokes.ActualSignedNativeRegularity: exit 0, 6.4s
oai: 558/580 NavierStokes.CurrentParticularPhysicalCoherence: exit 0, 4.2s
oai: 559/580 NavierStokes.ActualSignedCurrentSupport: exit 0, 4.3s
oai: 560/580 NavierStokes.ActualStageEstimates: exit 0, 4.8s
oai: 561/580 NavierStokes.ActualSignedPhysicalZeros: exit 0, 5.3s
oai: 562/580 NavierStokes.ActualValidBandWaves: exit 0, 4.5s
oai: 563/580 NavierStokes.CurrentParticularLabelBounds: exit 0, 5.1s
oai: 564/580 NavierStokes.CurrentPhysicalModeGerms: exit 0, 4.4s
oai: 565/580 NavierStokes.OffplaneJetExtensions: exit 0, 5.4s
oai: 566/580 NavierStokes.PositiveTimeSignedLocalization: exit 0, 4.2s
oai: 567/580 NavierStokes.CurrentModeGeometry: exit 0, 4.5s
oai: 568/580 NavierStokes.ActualSignedPhysicalCoherence: exit 0, 7.6s
oai: 569/580 NavierStokes.ActualEndpointInputs: exit 0, 4.4s
oai: 570/580 NavierStokes.PositiveTimeSignedData: exit 0, 5.6s
oai: 571/580 NavierStokes.ActualCurrentParticularBounds: exit 0, 7.6s
oai: 572/580 NavierStokes.GermEndpointInputs: exit 0, 5.0s
oai: 573/580 NavierStokes.ActualSignedFamilySupport: exit 0, 4.2s
oai: 574/580 NavierStokes.GluedStageEstimates: exit 0, 5.6s
oai: 575/580 NavierStokes.ActualSignedWaveData: exit 0, 5.1s
oai: 576/580 NavierStokes.ActualCandidateAssembly: exit 0, 7.6s
oai: 577/580 NavierStokes.R3ActualCandidate: exit 0, 14.6s
oai: 578/580 NavierStokes.ComparatorTheorem: exit 0, 14.7s
oai: 579/580 NavierStokes.ComparatorR3Theorem: exit 0, 14.0s
oai: 580/580 NavierStokes.ComparatorSolution: exit 0, 13.7s
{
  "variant": "oai",
  "label": "run1",
  "jobs": 4,
  "lean_threads": 1,
  "lean": "Lean (version 4.34.0-rc2, arm64-apple-darwin24.6.0, commit 6a10ac8c22beadecabdbb0919c2b50214762f91d, Release)",
  "lean_binary": "/Users/vasil/.elan/toolchains/leanprover--lean4---v4.34.0-rc2/bin/lean",
  "platform": "macOS-15.7.4-arm64-arm-64bit-Mach-O",
  "started_utc": "2026-09-16T07:15:26.223138+00:00",
  "clean": true,
  "modules": 580,
  "rss_sample_interval_seconds": 0.05,
  "wall_seconds": 1084.2739615000319,
  "peak_aggregate_compiler_rss_bytes": 14252097536,
  "peak_single_compiler_rss_bytes": 6275760128,
  "completed_modules": 580,
  "failed_modules": [],
  "success": true
}
